Archive member included to satisfy reference by file (symbol)

.\CortexM3\ARM_GCC_541\Debug\Control_delocidad_direccion_motorDC_180V.a(LED_VELOCIDAD.o)
                              .\CortexM3\ARM_GCC_541\Debug\main.o (LED_VELOCIDAD_Start)
.\CortexM3\ARM_GCC_541\Debug\Control_delocidad_direccion_motorDC_180V.a(Driver_RELAY.o)
                              .\CortexM3\ARM_GCC_541\Debug\main.o (Driver_RELAY_Write)
.\CortexM3\ARM_GCC_541\Debug\Control_delocidad_direccion_motorDC_180V.a(Control_manual.o)
                              .\CortexM3\ARM_GCC_541\Debug\main.o (Control_manual_Read)
.\CortexM3\ARM_GCC_541\Debug\Control_delocidad_direccion_motorDC_180V.a(PWM_Mosfet.o)
                              .\CortexM3\ARM_GCC_541\Debug\main.o (PWM_Mosfet_WriteCompare)
.\CortexM3\ARM_GCC_541\Debug\Control_delocidad_direccion_motorDC_180V.a(LED_VELOCIDAD_Com_Driver.o)
                              .\CortexM3\ARM_GCC_541\Debug\Control_delocidad_direccion_motorDC_180V.a(LED_VELOCIDAD.o) (LED_VELOCIDAD_Com_Driver_Write)
.\CortexM3\ARM_GCC_541\Debug\Control_delocidad_direccion_motorDC_180V.a(LED_VELOCIDAD_DMA_Com_dma.o)
                              .\CortexM3\ARM_GCC_541\Debug\Control_delocidad_direccion_motorDC_180V.a(LED_VELOCIDAD.o) (LED_VELOCIDAD_DMA_Com_DmaInitialize)
.\CortexM3\ARM_GCC_541\Debug\Control_delocidad_direccion_motorDC_180V.a(LED_VELOCIDAD_DMA_Seg_dma.o)
                              .\CortexM3\ARM_GCC_541\Debug\Control_delocidad_direccion_motorDC_180V.a(LED_VELOCIDAD.o) (LED_VELOCIDAD_DMA_Seg_DmaInitialize)
.\CortexM3\ARM_GCC_541\Debug\Control_delocidad_direccion_motorDC_180V.a(CyDmac.o)
                              .\CortexM3\ARM_GCC_541\Debug\Cm3Start.o (CyDmacConfigure)
.\CortexM3\ARM_GCC_541\Debug\Control_delocidad_direccion_motorDC_180V.a(CyLib.o)
                              .\CortexM3\ARM_GCC_541\Debug\Cm3Start.o (CyHalt)
.\CortexM3\ARM_GCC_541\Debug\Control_delocidad_direccion_motorDC_180V.a(cyPm.o)
                              .\CortexM3\ARM_GCC_541\Debug\Control_delocidad_direccion_motorDC_180V.a(CyLib.o) (CyPmReadStatus)
.\CortexM3\ARM_GCC_541\Debug\Control_delocidad_direccion_motorDC_180V.a(CyBootAsmGnu.o)
                              .\CortexM3\ARM_GCC_541\Debug\cyfitter_cfg.o (CyDelayCycles)
.\CortexM3\ARM_GCC_541\Debug\Control_delocidad_direccion_motorDC_180V.a(CyFlash.o)
                              .\CortexM3\ARM_GCC_541\Debug\Control_delocidad_direccion_motorDC_180V.a(cyPm.o) (CyFlash_SetWaitCycles)
.\CortexM3\ARM_GCC_541\Debug\Control_delocidad_direccion_motorDC_180V.a(CySpc.o)
                              .\CortexM3\ARM_GCC_541\Debug\Control_delocidad_direccion_motorDC_180V.a(CyFlash.o) (CySpcStart)
c:/program files (x86)/cypress/psoc creator/4.4/psoc creator/import/gnu/arm/5.4.1/bin/../lib/gcc/arm-none-eabi/5.4.1/../../../../arm-none-eabi/lib/armv7-m\libg_nano.a(lib_a-errno.o)
                              .\CortexM3\ARM_GCC_541\Debug\Cm3Start.o (__errno)
c:/program files (x86)/cypress/psoc creator/4.4/psoc creator/import/gnu/arm/5.4.1/bin/../lib/gcc/arm-none-eabi/5.4.1/../../../../arm-none-eabi/lib/armv7-m\libg_nano.a(lib_a-exit.o)
                              c:/program files (x86)/cypress/psoc creator/4.4/psoc creator/import/gnu/arm/5.4.1/bin/../lib/gcc/arm-none-eabi/5.4.1/../../../../arm-none-eabi/lib/armv7-m/crt0.o (exit)
c:/program files (x86)/cypress/psoc creator/4.4/psoc creator/import/gnu/arm/5.4.1/bin/../lib/gcc/arm-none-eabi/5.4.1/../../../../arm-none-eabi/lib/armv7-m\libg_nano.a(lib_a-impure.o)
                              c:/program files (x86)/cypress/psoc creator/4.4/psoc creator/import/gnu/arm/5.4.1/bin/../lib/gcc/arm-none-eabi/5.4.1/../../../../arm-none-eabi/lib/armv7-m\libg_nano.a(lib_a-exit.o) (_global_impure_ptr)
c:/program files (x86)/cypress/psoc creator/4.4/psoc creator/import/gnu/arm/5.4.1/bin/../lib/gcc/arm-none-eabi/5.4.1/../../../../arm-none-eabi/lib/armv7-m\libg_nano.a(lib_a-init.o)
                              c:/program files (x86)/cypress/psoc creator/4.4/psoc creator/import/gnu/arm/5.4.1/bin/../lib/gcc/arm-none-eabi/5.4.1/../../../../arm-none-eabi/lib/armv7-m/crt0.o (__libc_init_array)
c:/program files (x86)/cypress/psoc creator/4.4/psoc creator/import/gnu/arm/5.4.1/bin/../lib/gcc/arm-none-eabi/5.4.1/../../../../arm-none-eabi/lib/armv7-m\libg_nano.a(lib_a-memcpy-stub.o)
                              .\CortexM3\ARM_GCC_541\Debug\cyfitter_cfg.o (memcpy)
c:/program files (x86)/cypress/psoc creator/4.4/psoc creator/import/gnu/arm/5.4.1/bin/../lib/gcc/arm-none-eabi/5.4.1/../../../../arm-none-eabi/lib/armv7-m\libg_nano.a(lib_a-memset.o)
                              c:/program files (x86)/cypress/psoc creator/4.4/psoc creator/import/gnu/arm/5.4.1/bin/../lib/gcc/arm-none-eabi/5.4.1/../../../../arm-none-eabi/lib/armv7-m/crt0.o (memset)
c:/program files (x86)/cypress/psoc creator/4.4/psoc creator/import/gnu/arm/5.4.1/bin/../lib/gcc/arm-none-eabi/5.4.1/../../../../arm-none-eabi/lib/armv7-m\libg_nano.a(lib_a-strlen.o)
[...]
Memory Configuration

Name             Origin             Length             Attributes
rom              0x00000000         0x00040000         xr
ram              0x1fff8000         0x00010000         xrw
*default*        0x00000000         0xffffffff

Linker script and memory map

LOAD c:/program files (x86)/cypress/psoc creator/4.4/psoc creator/import/gnu/arm/5.4.1/bin/../lib/gcc/arm-none-eabi/5.4.1/armv7-m/crti.o
LOAD c:/program files (x86)/cypress/psoc creator/4.4/psoc creator/import/gnu/arm/5.4.1/bin/../lib/gcc/arm-none-eabi/5.4.1/armv7-m/crtbegin.o
LOAD c:/program files (x86)/cypress/psoc creator/4.4/psoc creator/import/gnu/arm/5.4.1/bin/../lib/gcc/arm-none-eabi/5.4.1/../../../../arm-none-eabi/lib/armv7-m/crt0.o
START GROUP
LOAD .\CortexM3\ARM_GCC_541\Debug\main.o
LOAD .\CortexM3\ARM_GCC_541\Debug\Maniobras.o
LOAD .\CortexM3\ARM_GCC_541\Debug\cyfitter_cfg.o
LOAD .\CortexM3\ARM_GCC_541\Debug\cymetadata.o
LOAD .\CortexM3\ARM_GCC_541\Debug\Cm3Start.o
LOAD .\CortexM3\ARM_GCC_541\Debug\Control_delocidad_direccion_motorDC_180V.a
LOAD C:\Program Files (x86)\Cypress\PSoC Creator\4.4\PSoC Creator\psoc\content\cycomponentlibrary\CyComponentLibrary.cylib\CortexM3\ARM_GCC_541\Debug\CyComponentLibrary.a
END GROUP
START GROUP
LOAD c:/program files (x86)/cypress/psoc creator/4.4/psoc creator/import/gnu/arm/5.4.1/bin/../lib/gcc/arm-none-eabi/5.4.1/armv7-m\libgcc.a
LOAD c:/program files (x86)/cypress/psoc creator/4.4/psoc creator/import/gnu/arm/5.4.1/bin/../lib/gcc/arm-none-eabi/5.4.1/../../../../arm-none-eabi/lib/armv7-m\libg_nano.a
LOAD c:/program files (x86)/cypress/psoc creator/4.4/psoc creator/import/gnu/arm/5.4.1/bin/../lib/gcc/arm-none-eabi/5.4.1/../../../../arm-none-eabi/lib/armv7-m\libc_nano.a
END GROUP
START GROUP
LOAD c:/program files (x86)/cypress/psoc creator/4.4/psoc creator/import/gnu/arm/5.4.1/bin/../lib/gcc/arm-none-eabi/5.4.1/armv7-m\libgcc.a
LOAD c:/program files (x86)/cypress/psoc creator/4.4/psoc creator/import/gnu/arm/5.4.1/bin/../lib/gcc/arm-none-eabi/5.4.1/../../../../arm-none-eabi/lib/armv7-m\libc_nano.a
END GROUP
LOAD c:/program files (x86)/cypress/psoc creator/4.4/psoc creator/import/gnu/arm/5.4.1/bin/../lib/gcc/arm-none-eabi/5.4.1/armv7-m/crtend.o
LOAD c:/program files (x86)/cypress/psoc creator/4.4/psoc creator/import/gnu/arm/5.4.1/bin/../lib/gcc/arm-none-eabi/5.4.1/armv7-m/crtn.o
START GROUP
LOAD c:/program files (x86)/cypress/psoc creator/4.4/psoc creator/import/gnu/arm/5.4.1/bin/../lib/gcc/arm-none-eabi/5.4.1/armv7-m\libgcc.a
LOAD c:/program files (x86)/cypress/psoc creator/4.4/psoc creator/import/gnu/arm/5.4.1/bin/../lib/gcc/arm-none-eabi/5.4.1/../../../../arm-none-eabi/lib/armv7-m\libc.a
LOAD c:/program files (x86)/cypress/psoc creator/4.4/psoc creator/import/gnu/arm/5.4.1/bin/../lib/gcc/arm-none-eabi/5.4.1/../../../../arm-none-eabi/lib/armv7-m\libnosys.a
END GROUP
                0x00000000                CY_APPL_ORIGIN = 0x0
                0x00000100                CY_FLASH_ROW_SIZE = 0x100
                0x00000020                CY_ECC_ROW_SIZE = 0x20
                0x00000000                CY_EE_IN_BTLDR = 0x0
                0x00000000                CY_APPL_LOADABLE = 0x0
                0x00000800                CY_EE_SIZE = 0x800
                0x00000001                CY_APPL_NUM = 0x1
                0x00000001                CY_APPL_MAX = 0x1
                0x00000040                CY_METADATA_SIZE = 0x40
                0x00000000                CY_APPL_LOADABLE = 0x0
                0x00000000                CY_CHECKSUM_EXCLUDE_SIZE = ALIGN (0x0, CY_FLASH_ROW_SIZE)
                [!provide]                PROVIDE (__cy_heap_start, _end)
                0x00000001                PROVIDE (__cy_region_num, ((__cy_regions_end - __cy_regions) / 0x10))
                0x20008000                PROVIDE (__cy_stack, (ORIGIN (ram) + LENGTH (ram)))
                [!provide]                PROVIDE (__cy_heap_end, (__cy_stack - 0x800))

.cybootloader   0x00000000        0x0
 *(.cybootloader)
                0x00000000                appl1_start = CY_APPL_ORIGIN?CY_APPL_ORIGIN:ALIGN (CY_FLASH_ROW_SIZE)
                0x0001ff00                appl2_start = (appl1_start + ALIGN ((((LENGTH (rom) - appl1_start) - (0x2 * CY_FLASH_ROW_SIZE)) / 0x2), CY_FLASH_ROW_SIZE))
                0x00000000                appl_start = (CY_APPL_NUM == 0x1)?appl1_start:appl2_start
                0x00000000                ecc_offset = ((appl_start / CY_FLASH_ROW_SIZE) * CY_ECC_ROW_SIZE)
                0x00000000                ee_offset = (CY_APPL_LOADABLE && ! (CY_EE_IN_BTLDR))?((CY_EE_SIZE / CY_APPL_MAX) * (CY_APPL_NUM - 0x1)):0x0
                0x00000800                ee_size = (CY_APPL_LOADABLE && ! (CY_EE_IN_BTLDR))?(CY_EE_SIZE / CY_APPL_MAX):CY_EE_SIZE
                [!provide]                PROVIDE (CY_ECC_OFFSET, ecc_offset)

.text           0x00000000      0xc56
 CREATE_OBJECT_SYMBOLS
                0x00000000                PROVIDE (__cy_interrupt_vector, RomVectors)
 *(.romvectors)
 .romvectors    0x00000000       0x10 .\CortexM3\ARM_GCC_541\Debug\Cm3Start.o
                0x00000000                RomVectors
                0x00000001                ASSERT ((. != __cy_interrupt_vector), No interrupt vector)
                0x00000001                ASSERT (CY_APPL_ORIGIN?(SIZEOF (.cybootloader) <= CY_APPL_ORIGIN):0x1, Wrong image location)
                0x00000010                PROVIDE (__cy_reset, Reset)
 *(.text.Reset)
 .text.Reset    0x00000010       0x18 .\CortexM3\ARM_GCC_541\Debug\Cm3Start.o
                0x00000010                Reset
                0x00000001                ASSERT ((. != __cy_reset), No reset code)
 *(.dma_init)
                0x00000001                ASSERT ((((appl_start + .) <= 0x10000) || 0x1), DMA Init must be within the first 64k of flash)
 *(.text .text.* .gnu.linkonce.t.*)
 .text          0x00000028       0x5c c:/program files (x86)/cypress/psoc creator/4.4/psoc creator/import/gnu/arm/5.4.1/bin/../lib/gcc/arm-none-eabi/5.4.1/armv7-m/crtbegin.o
 .text.main     0x00000084       0xa8 .\CortexM3\ARM_GCC_541\Debug\main.o
                0x00000084                main
 .text.SENTIDO  0x0000012c       0x68 .\CortexM3\ARM_GCC_541\Debug\Maniobras.o
                0x0000012c                SENTIDO
 .text.Velocidad
                0x00000194       0x2c .\CortexM3\ARM_GCC_541\Debug\Maniobras.o
                0x00000194                Velocidad
 .text.CyClockStartupError
                0x000001c0        0x4 .\CortexM3\ARM_GCC_541\Debug\cyfitter_cfg.o
 .text.cfg_write_bytes32
                0x000001c4       0x34 .\CortexM3\ARM_GCC_541\Debug\cyfitter_cfg.o
 .text.AnalogSetDefault
                0x000001f8       0x28 .\CortexM3\ARM_GCC_541\Debug\cyfitter_cfg.o
 .text.CYMEMZERO
                0x00000220        0xc .\CortexM3\ARM_GCC_541\Debug\cyfitter_cfg.o
 .text.ClockSetup
                0x0000022c       0xd8 .\CortexM3\ARM_GCC_541\Debug\cyfitter_cfg.o
 .text.CYCONFIGCPY
                0x00000304        0x8 .\CortexM3\ARM_GCC_541\Debug\cyfitter_cfg.o
 .text.cyfitter_cfg
                0x0000030c      0x130 .\CortexM3\ARM_GCC_541\Debug\cyfitter_cfg.o
                0x0000030c                cyfitter_cfg
 .text.IntDefaultHandler
                0x0000043c       0x10 .\CortexM3\ARM_GCC_541\Debug\Cm3Start.o
                0x0000043c                IntDefaultHandler
 .text.Start_c  0x0000044c       0x4c .\CortexM3\ARM_GCC_541\Debug\Cm3Start.o
                0x0000044c                Start_c
 .text.initialize_psoc
                0x00000498       0x6c .\CortexM3\ARM_GCC_541\Debug\Cm3Start.o
                0x00000498                initialize_psoc
 .text.LED_VELOCIDAD_DmaInit
                0x00000504      0x128 .\CortexM3\ARM_GCC_541\Debug\Control_delocidad_direccion_motorDC_180V.a(LED_VELOCIDAD.o)
 .text.LED_VELOCIDAD_DmaEnable
                0x0000062c       0x2c .\CortexM3\ARM_GCC_541\Debug\Control_delocidad_direccion_motorDC_180V.a(LED_VELOCIDAD.o)
 .text.LED_VELOCIDAD_Enable
                0x00000658       0x14 .\CortexM3\ARM_GCC_541\Debug\Control_delocidad_direccion_motorDC_180V.a(LED_VELOCIDAD.o)
                0x00000658                LED_VELOCIDAD_Enable
 .text.LED_VELOCIDAD_ClearDisplayAll
                0x0000066c       0x18 .\CortexM3\ARM_GCC_541\Debug\Control_delocidad_direccion_motorDC_180V.a(LED_VELOCIDAD.o)
                0x0000066c                LED_VELOCIDAD_ClearDisplayAll
 .text.LED_VELOCIDAD_Init
                0x00000684       0x1c .\CortexM3\ARM_GCC_541\Debug\Control_delocidad_direccion_motorDC_180V.a(LED_VELOCIDAD.o)
                0x00000684                LED_VELOCIDAD_Init
 .text.LED_VELOCIDAD_Start
                0x000006a0       0x1c .\CortexM3\ARM_GCC_541\Debug\Control_delocidad_direccion_motorDC_180V.a(LED_VELOCIDAD.o)
                0x000006a0                LED_VELOCIDAD_Start
 .text.LED_VELOCIDAD_EncodeNumber7Seg
                0x000006bc       0x10 .\CortexM3\ARM_GCC_541\Debug\Control_delocidad_direccion_motorDC_180V.a(LED_VELOCIDAD.o)
                0x000006bc                LED_VELOCIDAD_EncodeNumber7Seg
 .text.LED_VELOCIDAD_EncodeChar7Seg
                0x000006cc       0x24 .\CortexM3\ARM_GCC_541\Debug\Control_delocidad_direccion_motorDC_180V.a(LED_VELOCIDAD.o)
                0x000006cc                LED_VELOCIDAD_EncodeChar7Seg
 .text.LED_VELOCIDAD_Write7SegNumberDec
                0x000006f0      0x180 .\CortexM3\ARM_GCC_541\Debug\Control_delocidad_direccion_motorDC_180V.a(LED_VELOCIDAD.o)
                0x000006f0                LED_VELOCIDAD_Write7SegNumberDec
 .text.Driver_RELAY_Write
                0x00000870        0xc .\CortexM3\ARM_GCC_541\Debug\Control_delocidad_direccion_motorDC_180V.a(Driver_RELAY.o)
                0x00000870                Driver_RELAY_Write
 .text.Driver_RELAY_Read
                0x0000087c        0xc .\CortexM3\ARM_GCC_541\Debug\Control_delocidad_direccion_motorDC_180V.a(Driver_RELAY.o)
                0x0000087c                Driver_RELAY_Read
 .text.Control_manual_Read
                0x00000888        0xc .\CortexM3\ARM_GCC_541\Debug\Control_delocidad_direccion_motorDC_180V.a(Control_manual.o)
                0x00000888                Control_manual_Read
 .text.PWM_Mosfet_Enable
                0x00000894       0x10 .\CortexM3\ARM_GCC_541\Debug\Control_delocidad_direccion_motorDC_180V.a(PWM_Mosfet.o)
                0x00000894                PWM_Mosfet_Enable
 .text.PWM_Mosfet_WriteCounter
                0x000008a4        0xc .\CortexM3\ARM_GCC_541\Debug\Control_delocidad_direccion_motorDC_180V.a(PWM_Mosfet.o)
                0x000008a4                PWM_Mosfet_WriteCounter
 .text.PWM_Mosfet_WritePeriod
                0x000008b0        0xc .\CortexM3\ARM_GCC_541\Debug\Control_delocidad_direccion_motorDC_180V.a(PWM_Mosfet.o)
                0x000008b0                PWM_Mosfet_WritePeriod
 .text.PWM_Mosfet_WriteCompare
                0x000008bc        0xc .\CortexM3\ARM_GCC_541\Debug\Control_delocidad_direccion_motorDC_180V.a(PWM_Mosfet.o)
                0x000008bc                PWM_Mosfet_WriteCompare
 .text.PWM_Mosfet_SetInterruptMode
                0x000008c8        0xc .\CortexM3\ARM_GCC_541\Debug\Control_delocidad_direccion_motorDC_180V.a(PWM_Mosfet.o)
                0x000008c8                PWM_Mosfet_SetInterruptMode
 .text.PWM_Mosfet_ReadStatusRegister
                0x000008d4        0xc .\CortexM3\ARM_GCC_541\Debug\Control_delocidad_direccion_motorDC_180V.a(PWM_Mosfet.o)
                0x000008d4                PWM_Mosfet_ReadStatusRegister
 .text.PWM_Mosfet_ReadCapture
                0x000008e0        0xc .\CortexM3\ARM_GCC_541\Debug\Control_delocidad_direccion_motorDC_180V.a(PWM_Mosfet.o)
                0x000008e0                PWM_Mosfet_ReadCapture
 .text.PWM_Mosfet_ClearFIFO
                0x000008ec       0x14 .\CortexM3\ARM_GCC_541\Debug\Control_delocidad_direccion_motorDC_180V.a(PWM_Mosfet.o)
                0x000008ec                PWM_Mosfet_ClearFIFO
 .text.PWM_Mosfet_Init
                0x00000900       0x50 .\CortexM3\ARM_GCC_541\Debug\Control_delocidad_direccion_motorDC_180V.a(PWM_Mosfet.o)
                0x00000900                PWM_Mosfet_Init
 .text.PWM_Mosfet_Start
                0x00000950       0x1c .\CortexM3\ARM_GCC_541\Debug\Control_delocidad_direccion_motorDC_180V.a(PWM_Mosfet.o)
                0x00000950                PWM_Mosfet_Start
 .text.PWM_Mosfet_ReadCompare
                0x0000096c        0xc .\CortexM3\ARM_GCC_541\Debug\Control_delocidad_direccion_motorDC_180V.a(PWM_Mosfet.o)
                0x0000096c                PWM_Mosfet_ReadCompare
 .text.LED_VELOCIDAD_DMA_Com_DmaInitialize
                0x00000978       0x3c .\CortexM3\ARM_GCC_541\Debug\Control_delocidad_direccion_motorDC_180V.a(LED_VELOCIDAD_DMA_Com_dma.o)
                0x00000978                LED_VELOCIDAD_DMA_Com_DmaInitialize
 .text.LED_VELOCIDAD_DMA_Seg_DmaInitialize
                0x000009b4       0x3c .\CortexM3\ARM_GCC_541\Debug\Control_delocidad_direccion_motorDC_180V.a(LED_VELOCIDAD_DMA_Seg_dma.o)
                0x000009b4                LED_VELOCIDAD_DMA_Seg_DmaInitialize
 .text.CyDmacConfigure
                0x000009f0       0x34 .\CortexM3\ARM_GCC_541\Debug\Control_delocidad_direccion_motorDC_180V.a(CyDmac.o)
                0x000009f0                CyDmacConfigure
 .text.CyDmaChEnable
                0x00000a24       0x38 .\CortexM3\ARM_GCC_541\Debug\Control_delocidad_direccion_motorDC_180V.a(CyDmac.o)
                0x00000a24                CyDmaChEnable
 .text.CyDmaChPriority
                0x00000a5c       0x24 .\CortexM3\ARM_GCC_541\Debug\Control_delocidad_direccion_motorDC_180V.a(CyDmac.o)
                0x00000a5c                CyDmaChPriority
 .text.CyDmaChSetExtendedAddress
                0x00000a80       0x34 .\CortexM3\ARM_GCC_541\Debug\Control_delocidad_direccion_motorDC_180V.a(CyDmac.o)
                0x00000a80                CyDmaChSetExtendedAddress
 .text.CyDmaChSetInitialTd
                0x00000ab4       0x18 .\CortexM3\ARM_GCC_541\Debug\Control_delocidad_direccion_motorDC_180V.a(CyDmac.o)
                0x00000ab4                CyDmaChSetInitialTd
 .text.CyDmaChSetConfiguration
                0x00000acc       0x44 .\CortexM3\ARM_GCC_541\Debug\Control_delocidad_direccion_motorDC_180V.a(CyDmac.o)
                0x00000acc                CyDmaChSetConfiguration
 .text.CyDmaTdAllocate
                0x00000b10       0x34 .\CortexM3\ARM_GCC_541\Debug\Control_delocidad_direccion_motorDC_180V.a(CyDmac.o)
                0x00000b10                CyDmaTdAllocate
 .text.CyDmaTdSetConfiguration
                0x00000b44       0x28 .\CortexM3\ARM_GCC_541\Debug\Control_delocidad_direccion_motorDC_180V.a(CyDmac.o)
                0x00000b44                CyDmaTdSetConfiguration
 .text.CyDmaTdSetAddress
                0x00000b6c       0x1c .\CortexM3\ARM_GCC_541\Debug\Control_delocidad_direccion_motorDC_180V.a(CyDmac.o)
                0x00000b6c                CyDmaTdSetAddress
 .text.CyDelay  0x00000b88       0x2c .\CortexM3\ARM_GCC_541\Debug\Control_delocidad_direccion_motorDC_180V.a(CyLib.o)
                0x00000b88                CyDelay
 *fill*         0x00000bb4        0x4 
 .text          0x00000bb8       0x20 .\CortexM3\ARM_GCC_541\Debug\Control_delocidad_direccion_motorDC_180V.a(CyBootAsmGnu.o)
                0x00000bb8                CyDelayCycles
                0x00000bc8                CyEnterCriticalSection
                0x00000bd0                CyExitCriticalSection
 .text.__errno  0x00000bd8        0xc c:/program files (x86)/cypress/psoc creator/4.4/psoc creator/import/gnu/arm/5.4.1/bin/../lib/gcc/arm-none-eabi/5.4.1/../../../../arm-none-eabi/lib/armv7-m\libg_nano.a(lib_a-errno.o)
                0x00000bd8                __errno
 .text.__libc_init_array
                0x00000be4       0x4c c:/program files (x86)/cypress/psoc creator/4.4/psoc creator/import/gnu/arm/5.4.1/bin/../lib/gcc/arm-none-eabi/5.4.1/../../../../arm-none-eabi/lib/armv7-m\libg_nano.a(lib_a-init.o)
                0x00000be4                __libc_init_array
 .text.memcpy   0x00000c30       0x16 c:/program files (x86)/cypress/psoc creator/4.4/psoc creator/import/gnu/arm/5.4.1/bin/../lib/gcc/arm-none-eabi/5.4.1/../../../../arm-none-eabi/lib/armv7-m\libg_nano.a(lib_a-memcpy-stub.o)
                0x00000c30                memcpy
 .text.memset   0x00000c46       0x10 c:/program files (x86)/cypress/psoc creator/4.4/psoc creator/import/gnu/arm/5.4.1/bin/../lib/gcc/arm-none-eabi/5.4.1/../../../../arm-none-eabi/lib/armv7-m\libg_nano.a(lib_a-memset.o)
                0x00000c46                memset
 *(.plt)
 *(.gnu.warning)
 *(.glue_7t)
 .glue_7t       0x00000c56        0x0 linker stubs
 *(.glue_7)
 .glue_7        0x00000c56        0x0 linker stubs
 *(.vfp11_veneer)
 .vfp11_veneer  0x00000c56        0x0 linker stubs
 *(.bootloader)
 *(.ARM.extab* .gnu.linkonce.armextab.*)
 *(.gcc_except_table)

.v4_bx          0x00000c58        0x0
 .v4_bx         0x00000c58        0x0 linker stubs

.iplt           0x00000c58        0x0
 .iplt          0x00000c58        0x0 c:/program files (x86)/cypress/psoc creator/4.4/psoc creator/import/gnu/arm/5.4.1/bin/../lib/gcc/arm-none-eabi/5.4.1/armv7-m/crtbegin.o

.eh_frame_hdr
 *(.eh_frame_hdr)

.eh_frame       0x00000c58        0x4
 *(.eh_frame)
 .eh_frame      0x00000c58        0x0 c:/program files (x86)/cypress/psoc creator/4.4/psoc creator/import/gnu/arm/5.4.1/bin/../lib/gcc/arm-none-eabi/5.4.1/armv7-m/crtbegin.o
 .eh_frame      0x00000c58        0x4 c:/program files (x86)/cypress/psoc creator/4.4/psoc creator/import/gnu/arm/5.4.1/bin/../lib/gcc/arm-none-eabi/5.4.1/armv7-m/crtend.o
                [!provide]                PROVIDE (__exidx_start, .)

.ARM.exidx
 *(.ARM.exidx* .gnu.linkonce.armexidx.*)
                0x00000c5c                __exidx_end = .

.rodata         0x00000c5c      0x294
 *(.rodata .rodata.* .gnu.linkonce.r.*)
 .rodata        0x00000c5c       0x2a .\CortexM3\ARM_GCC_541\Debug\cyfitter_cfg.o
 *fill*         0x00000c86        0x2 
 .rodata        0x00000c88      0x230 .\CortexM3\ARM_GCC_541\Debug\Control_delocidad_direccion_motorDC_180V.a(LED_VELOCIDAD.o)
 .rodata.str1.1
                0x00000eb8        0x2 c:/program files (x86)/cypress/psoc creator/4.4/psoc creator/import/gnu/arm/5.4.1/bin/../lib/gcc/arm-none-eabi/5.4.1/../../../../arm-none-eabi/lib/armv7-m\libg_nano.a(lib_a-impure.o)
                0x00000ebc                . = ALIGN (0x4)
 *fill*         0x00000eba        0x2 
 *(.init)
 .init          0x00000ebc        0x4 c:/program files (x86)/cypress/psoc creator/4.4/psoc creator/import/gnu/arm/5.4.1/bin/../lib/gcc/arm-none-eabi/5.4.1/armv7-m/crti.o
                0x00000ebc                _init
 .init          0x00000ec0        0x8 c:/program files (x86)/cypress/psoc creator/4.4/psoc creator/import/gnu/arm/5.4.1/bin/../lib/gcc/arm-none-eabi/5.4.1/armv7-m/crtn.o
                0x00000ec8                . = ALIGN (0x4)
                0x00000ec8                __preinit_array_start = .
 *(.preinit_array)
                0x00000ec8                __preinit_array_end = .
                0x00000ec8                . = ALIGN (0x4)
                0x00000ec8                __init_array_start = .
 *(SORT(.init_array.*))
 *(.init_array)
 .init_array    0x00000ec8        0x4 c:/program files (x86)/cypress/psoc creator/4.4/psoc creator/import/gnu/arm/5.4.1/bin/../lib/gcc/arm-none-eabi/5.4.1/armv7-m/crtbegin.o
 .init_array    0x00000ecc        0x4 .\CortexM3\ARM_GCC_541\Debug\Cm3Start.o
                0x00000ed0                __init_array_end = .
                0x00000ed0                . = ALIGN (0x4)
 *(.fini)
 .fini          0x00000ed0        0x4 c:/program files (x86)/cypress/psoc creator/4.4/psoc creator/import/gnu/arm/5.4.1/bin/../lib/gcc/arm-none-eabi/5.4.1/armv7-m/crti.o
                0x00000ed0                _fini
 .fini          0x00000ed4        0x8 c:/program files (x86)/cypress/psoc creator/4.4/psoc creator/import/gnu/arm/5.4.1/bin/../lib/gcc/arm-none-eabi/5.4.1/armv7-m/crtn.o
                0x00000edc                . = ALIGN (0x4)
                0x00000edc                __fini_array_start = .
 *(.fini_array)
 .fini_array    0x00000edc        0x4 c:/program files (x86)/cypress/psoc creator/4.4/psoc creator/import/gnu/arm/5.4.1/bin/../lib/gcc/arm-none-eabi/5.4.1/armv7-m/crtbegin.o
 *(SORT(.fini_array.*))
                0x00000ee0                __fini_array_end = .
                0x00000ee0                . = ALIGN (0x4)
 *crtbegin.o(.ctors)
 *(EXCLUDE_FILE(*crtend.o) .ctors)
 *(SORT(.ctors.*))
 *crtend.o(.ctors)
                0x00000ee0                . = ALIGN (0x4)
 *crtbegin.o(.dtors)
 *(EXCLUDE_FILE(*crtend.o) .dtors)
 *(SORT(.dtors.*))
 *crtend.o(.dtors)
                0x00000ee0                . = ALIGN (0x4)
                0x00000ee0                __cy_regions = .
                0x00000ee0        0x4 LONG 0xef0 __cy_region_init_ram
                0x00000ee4        0x4 LONG 0x1fff80c8 __cy_region_start_data
                0x00000ee8        0x4 LONG 0x98 __cy_region_init_size_ram
                0x00000eec        0x4 LONG 0x40 __cy_region_zero_size_ram
                0x00000ef0                __cy_regions_end = .
                0x00000ef0                . = ALIGN (0x8)
                0x00000ef0                _etext = .

.cy_checksum_exclude
                0x00000ef0        0x0
 *(.cy_checksum_exclude)

.ramvectors     0x1fff8000       0xc0
                0x1fff8000                __cy_region_start_ram = .
 *(.ramvectors)
 .ramvectors    0x1fff8000       0xc0 .\CortexM3\ARM_GCC_541\Debug\Cm3Start.o
                0x1fff8000                CyRamVectors

.noinit         0x1fff80c0        0x1
 *(.noinit)
 .noinit        0x1fff80c0        0x1 .\CortexM3\ARM_GCC_541\Debug\Control_delocidad_direccion_motorDC_180V.a(CyLib.o)
                0x1fff80c0                CyResetStatus

.data           0x1fff80c8       0x98 load address 0x00000ef0
                0x1fff80c8                __cy_region_start_data = .
 *(.jcr)
 .jcr           0x1fff80c8        0x0 c:/program files (x86)/cypress/psoc creator/4.4/psoc creator/import/gnu/arm/5.4.1/bin/../lib/gcc/arm-none-eabi/5.4.1/armv7-m/crtbegin.o
 .jcr           0x1fff80c8        0x4 c:/program files (x86)/cypress/psoc creator/4.4/psoc creator/import/gnu/arm/5.4.1/bin/../lib/gcc/arm-none-eabi/5.4.1/armv7-m/crtend.o
 *(.got.plt)
 *(.got)
 *(.shdata)
 *(.data .data.* .gnu.linkonce.d.*)
 .data          0x1fff80cc        0x1 .\CortexM3\ARM_GCC_541\Debug\main.o
                0x1fff80cc                mando_anterior
 *fill*         0x1fff80cd        0x3 
 .data          0x1fff80d0       0x10 .\CortexM3\ARM_GCC_541\Debug\Control_delocidad_direccion_motorDC_180V.a(LED_VELOCIDAD.o)
 .data          0x1fff80e0        0x1 .\CortexM3\ARM_GCC_541\Debug\Control_delocidad_direccion_motorDC_180V.a(LED_VELOCIDAD_DMA_Com_dma.o)
                0x1fff80e0                LED_VELOCIDAD_DMA_Com_DmaHandle
 .data          0x1fff80e1        0x1 .\CortexM3\ARM_GCC_541\Debug\Control_delocidad_direccion_motorDC_180V.a(LED_VELOCIDAD_DMA_Seg_dma.o)
                0x1fff80e1                LED_VELOCIDAD_DMA_Seg_DmaHandle
 *fill*         0x1fff80e2        0x2 
 .data          0x1fff80e4        0x8 .\CortexM3\ARM_GCC_541\Debug\Control_delocidad_direccion_motorDC_180V.a(CyDmac.o)
 .data          0x1fff80ec       0x10 .\CortexM3\ARM_GCC_541\Debug\Control_delocidad_direccion_motorDC_180V.a(CyLib.o)
                0x1fff80ec                cydelay_32k_ms
                0x1fff80f0                cydelay_freq_khz
                0x1fff80f4                cydelay_freq_mhz
                0x1fff80f8                cydelay_freq_hz
 .data.impure_data
                0x1fff80fc       0x60 c:/program files (x86)/cypress/psoc creator/4.4/psoc creator/import/gnu/arm/5.4.1/bin/../lib/gcc/arm-none-eabi/5.4.1/../../../../arm-none-eabi/lib/armv7-m\libg_nano.a(lib_a-impure.o)
 .data._impure_ptr
                0x1fff815c        0x4 c:/program files (x86)/cypress/psoc creator/4.4/psoc creator/import/gnu/arm/5.4.1/bin/../lib/gcc/arm-none-eabi/5.4.1/../../../../arm-none-eabi/lib/armv7-m\libg_nano.a(lib_a-impure.o)
                0x1fff815c                _impure_ptr
                0x1fff8160                . = ALIGN (0x8)
 *(.ram)
                0x1fff8160                _edata = .

.igot.plt       0x1fff8160        0x0 load address 0x00000f88
 .igot.plt      0x1fff8160        0x0 c:/program files (x86)/cypress/psoc creator/4.4/psoc creator/import/gnu/arm/5.4.1/bin/../lib/gcc/arm-none-eabi/5.4.1/armv7-m/crtbegin.o

.bss            0x1fff8160       0x40 load address 0x00000f88
                0x1fff8160                PROVIDE (__bss_start__, .)
 *(.shbss)
 *(.bss .bss.* .gnu.linkonce.b.*)
 .bss           0x1fff8160       0x1c c:/program files (x86)/cypress/psoc creator/4.4/psoc creator/import/gnu/arm/5.4.1/bin/../lib/gcc/arm-none-eabi/5.4.1/armv7-m/crtbegin.o
 .bss           0x1fff817c        0x1 .\CortexM3\ARM_GCC_541\Debug\main.o
                0x1fff817c                Potenccia
 *fill*         0x1fff817d        0x3 
 .bss           0x1fff8180       0x17 .\CortexM3\ARM_GCC_541\Debug\Control_delocidad_direccion_motorDC_180V.a(LED_VELOCIDAD.o)
                0x1fff8194                LED_VELOCIDAD_enableVar
                0x1fff8196                LED_VELOCIDAD_initVar
 .bss           0x1fff8197        0x1 .\CortexM3\ARM_GCC_541\Debug\Control_delocidad_direccion_motorDC_180V.a(PWM_Mosfet.o)
                0x1fff8197                PWM_Mosfet_initVar
 *(COMMON)
 COMMON         0x1fff8198        0x1 .\CortexM3\ARM_GCC_541\Debug\main.o
                0x1fff8198                mando
 *fill*         0x1fff8199        0x3 
 COMMON         0x1fff819c        0x4 .\CortexM3\ARM_GCC_541\Debug\Control_delocidad_direccion_motorDC_180V.a(LED_VELOCIDAD.o)
                0x1fff819c                LED_VELOCIDAD_segLBuffer
                0x1fff81a0                . = ALIGN (0x8)
 *(.ram.b)
                0x1fff81a0                _end = .
                0x1fff81a0                __end = .
                0x1fff81a0                PROVIDE (end, .)
                0x1fff81a0                PROVIDE (__bss_end__, .)
                0x00000ef0                __cy_region_init_ram = LOADADDR (.data)
                0x00000098                __cy_region_init_size_ram = (_edata - ADDR (.data))
                0x00000040                __cy_region_zero_size_ram = (_end - _edata)

.heap           0x1fff81a0       0x80 load address 0x00000f88
                0x1fff81a0                . = _end
                0x1fff8220                . = (. + 0x80)
 *fill*         0x1fff81a0       0x80 
                0x1fff8220                __cy_heap_limit = .

.stack          0x20007800      0x800
                0x20007800                __cy_stack_limit = .
                0x20008000                . = (. + 0x800)
 *fill*         0x20007800      0x800 
                0x00000001                ASSERT ((__cy_stack_limit >= __cy_heap_limit), region RAM overflowed with stack)
                0x00000000                cy_checksum_exclude_size = (CY_APPL_LOADABLE == 0x1)?SIZEOF (.cy_checksum_exclude):0x0
                0x00000001                ASSERT ((cy_checksum_exclude_size <= CY_CHECKSUM_EXCLUDE_SIZE), CY_BOOT: Section .cy_checksum_exclude size exceedes specified limit.)

.cyloadermeta
 *(.cyloadermeta)

.cyloadablemeta
 *(.cyloadablemeta)

.cyconfigecc    0x80000000      0x2c4
 *(.cyconfigecc)
 .cyconfigecc   0x80000000      0x2c4 .\CortexM3\ARM_GCC_541\Debug\cymetadata.o
                0x80000000                cy_meta_configecc

.cycustnvl      0x90000000        0x4
 *(.cycustnvl)
 .cycustnvl     0x90000000        0x4 .\CortexM3\ARM_GCC_541\Debug\cymetadata.o
                0x90000000                cy_meta_custnvl

.cywolatch      0x90100000        0x4
 *(.cywolatch)
 .cywolatch     0x90100000        0x4 .\CortexM3\ARM_GCC_541\Debug\cymetadata.o
                0x90100000                cy_meta_wonvl

.cyeeprom       0x90200000        0x0
 *(.cyeeprom)
                0x00000001                ASSERT ((. <= ((0x90200000 + ee_offset) + ee_size)), .cyeeprom data will not fit in EEPROM)

.cyflashprotect
                0x90400000      0x100
 *(.cyflashprotect)
 .cyflashprotect
                0x90400000      0x100 .\CortexM3\ARM_GCC_541\Debug\cymetadata.o
                0x90400000                cy_meta_flashprotect

.cymeta         0x90500000        0xc
 *(.cymeta)
 .cymeta        0x90500000        0xc .\CortexM3\ARM_GCC_541\Debug\cymetadata.o
                0x90500000                cy_metadata

.rel.dyn        0x00000f88        0x0 load address 0x9050000c
 .rel.iplt      0x00000f88        0x0 c:/program files (x86)/cypress/psoc creator/4.4/psoc creator/import/gnu/arm/5.4.1/bin/../lib/gcc/arm-none-eabi/5.4.1/armv7-m/crtbegin.o

.stab
 *(.stab)

.stabstr
 *(.stabstr)

.debug
 *(.debug)

.line
 *(.line)

.debug_srcinfo
 *(.debug_srcinfo)

.debug_sfnames
 *(.debug_sfnames)

.debug_aranges  0x00000000      0x908
 *(.debug_aranges)
 .debug_aranges
                0x00000000       0x20 .\CortexM3\ARM_GCC_541\Debug\main.o
 .debug_aranges
                0x00000020       0x28 .\CortexM3\ARM_GCC_541\Debug\Maniobras.o
 .debug_aranges
                0x00000048       0x58 .\CortexM3\ARM_GCC_541\Debug\cyfitter_cfg.o
 .debug_aranges
                0x000000a0       0x18 .\CortexM3\ARM_GCC_541\Debug\cymetadata.o
 .debug_aranges
                0x000000b8       0x48 .\CortexM3\ARM_GCC_541\Debug\Cm3Start.o
 .debug_aranges
                0x00000100      0x158 .\CortexM3\ARM_GCC_541\Debug\Control_delocidad_direccion_motorDC_180V.a(LED_VELOCIDAD.o)
 .debug_aranges
                0x00000258       0x28 .\CortexM3\ARM_GCC_541\Debug\Control_delocidad_direccion_motorDC_180V.a(Driver_RELAY.o)
 .debug_aranges
                0x00000280       0x40 .\CortexM3\ARM_GCC_541\Debug\Control_delocidad_direccion_motorDC_180V.a(Control_manual.o)
 .debug_aranges
                0x000002c0       0x98 .\CortexM3\ARM_GCC_541\Debug\Control_delocidad_direccion_motorDC_180V.a(PWM_Mosfet.o)
 .debug_aranges
                0x00000358       0x28 .\CortexM3\ARM_GCC_541\Debug\Control_delocidad_direccion_motorDC_180V.a(LED_VELOCIDAD_Com_Driver.o)
 .debug_aranges
                0x00000380       0x28 .\CortexM3\ARM_GCC_541\Debug\Control_delocidad_direccion_motorDC_180V.a(LED_VELOCIDAD_DMA_Com_dma.o)
 .debug_aranges
                0x000003a8       0x28 .\CortexM3\ARM_GCC_541\Debug\Control_delocidad_direccion_motorDC_180V.a(LED_VELOCIDAD_DMA_Seg_dma.o)
 .debug_aranges
                0x000003d0       0xd8 .\CortexM3\ARM_GCC_541\Debug\Control_delocidad_direccion_motorDC_180V.a(CyDmac.o)
 .debug_aranges
                0x000004a8      0x2a0 .\CortexM3\ARM_GCC_541\Debug\Control_delocidad_direccion_motorDC_180V.a(CyLib.o)
 .debug_aranges
                0x00000748       0x98 .\CortexM3\ARM_GCC_541\Debug\Control_delocidad_direccion_motorDC_180V.a(cyPm.o)
 .debug_aranges
                0x000007e0       0x20 .\CortexM3\ARM_GCC_541\Debug\Control_delocidad_direccion_motorDC_180V.a(CyBootAsmGnu.o)
 .debug_aranges
                0x00000800       0x88 .\CortexM3\ARM_GCC_541\Debug\Control_delocidad_direccion_motorDC_180V.a(CyFlash.o)
 .debug_aranges
                0x00000888       0x80 .\CortexM3\ARM_GCC_541\Debug\Control_delocidad_direccion_motorDC_180V.a(CySpc.o)

.debug_pubnames
 *(.debug_pubnames)

.debug_info     0x00000000     0x61d6
 *(.debug_info .gnu.linkonce.wi.*)
 .debug_info    0x00000000      0x220 .\CortexM3\ARM_GCC_541\Debug\main.o
 .debug_info    0x00000220      0x30a .\CortexM3\ARM_GCC_541\Debug\Maniobras.o
 .debug_info    0x0000052a      0x554 .\CortexM3\ARM_GCC_541\Debug\cyfitter_cfg.o
 .debug_info    0x00000a7e      0x135 .\CortexM3\ARM_GCC_541\Debug\cymetadata.o
 .debug_info    0x00000bb3      0x3cf .\CortexM3\ARM_GCC_541\Debug\Cm3Start.o
 .debug_info    0x00000f82     0x154e .\CortexM3\ARM_GCC_541\Debug\Control_delocidad_direccion_motorDC_180V.a(LED_VELOCIDAD.o)
 .debug_info    0x000024d0       0xd6 .\CortexM3\ARM_GCC_541\Debug\Control_delocidad_direccion_motorDC_180V.a(Driver_RELAY.o)
 .debug_info    0x000025a6      0x17f .\CortexM3\ARM_GCC_541\Debug\Control_delocidad_direccion_motorDC_180V.a(Control_manual.o)
 .debug_info    0x00002725      0x333 .\CortexM3\ARM_GCC_541\Debug\Control_delocidad_direccion_motorDC_180V.a(PWM_Mosfet.o)
 .debug_info    0x00002a58       0xd6 .\CortexM3\ARM_GCC_541\Debug\Control_delocidad_direccion_motorDC_180V.a(LED_VELOCIDAD_Com_Driver.o)
 .debug_info    0x00002b2e      0x1aa .\CortexM3\ARM_GCC_541\Debug\Control_delocidad_direccion_motorDC_180V.a(LED_VELOCIDAD_DMA_Com_dma.o)
 .debug_info    0x00002cd8      0x1a8 .\CortexM3\ARM_GCC_541\Debug\Control_delocidad_direccion_motorDC_180V.a(LED_VELOCIDAD_DMA_Seg_dma.o)
 .debug_info    0x00002e80      0x94e .\CortexM3\ARM_GCC_541\Debug\Control_delocidad_direccion_motorDC_180V.a(CyDmac.o)
 .debug_info    0x000037ce     0x1374 .\CortexM3\ARM_GCC_541\Debug\Control_delocidad_direccion_motorDC_180V.a(CyLib.o)
 .debug_info    0x00004b42      0xa2a .\CortexM3\ARM_GCC_541\Debug\Control_delocidad_direccion_motorDC_180V.a(cyPm.o)
 .debug_info    0x0000556c       0xcd .\CortexM3\ARM_GCC_541\Debug\Control_delocidad_direccion_motorDC_180V.a(CyBootAsmGnu.o)
 .debug_info    0x00005639      0x64d .\CortexM3\ARM_GCC_541\Debug\Control_delocidad_direccion_motorDC_180V.a(CyFlash.o)
 .debug_info    0x00005c86      0x550 .\CortexM3\ARM_GCC_541\Debug\Control_delocidad_direccion_motorDC_180V.a(CySpc.o)

.debug_abbrev   0x00000000     0x1534
 *(.debug_abbrev)
 .debug_abbrev  0x00000000       0xb4 .\CortexM3\ARM_GCC_541\Debug\main.o
 .debug_abbrev  0x000000b4       0xe1 .\CortexM3\ARM_GCC_541\Debug\Maniobras.o
 .debug_abbrev  0x00000195      0x1fe .\CortexM3\ARM_GCC_541\Debug\cyfitter_cfg.o
 .debug_abbrev  0x00000393       0x66 .\CortexM3\ARM_GCC_541\Debug\cymetadata.o
 .debug_abbrev  0x000003f9      0x1e8 .\CortexM3\ARM_GCC_541\Debug\Cm3Start.o
 .debug_abbrev  0x000005e1      0x1d8 .\CortexM3\ARM_GCC_541\Debug\Control_delocidad_direccion_motorDC_180V.a(LED_VELOCIDAD.o)
 .debug_abbrev  0x000007b9       0x81 .\CortexM3\ARM_GCC_541\Debug\Control_delocidad_direccion_motorDC_180V.a(Driver_RELAY.o)
 .debug_abbrev  0x0000083a       0xac .\CortexM3\ARM_GCC_541\Debug\Control_delocidad_direccion_motorDC_180V.a(Control_manual.o)
 .debug_abbrev  0x000008e6      0x133 .\CortexM3\ARM_GCC_541\Debug\Control_delocidad_direccion_motorDC_180V.a(PWM_Mosfet.o)
 .debug_abbrev  0x00000a19       0x81 .\CortexM3\ARM_GCC_541\Debug\Control_delocidad_direccion_motorDC_180V.a(LED_VELOCIDAD_Com_Driver.o)
 .debug_abbrev  0x00000a9a       0xcd .\CortexM3\ARM_GCC_541\Debug\Control_delocidad_direccion_motorDC_180V.a(LED_VELOCIDAD_DMA_Com_dma.o)
 .debug_abbrev  0x00000b67       0xcd .\CortexM3\ARM_GCC_541\Debug\Control_delocidad_direccion_motorDC_180V.a(LED_VELOCIDAD_DMA_Seg_dma.o)
 .debug_abbrev  0x00000c34      0x1b2 .\CortexM3\ARM_GCC_541\Debug\Control_delocidad_direccion_motorDC_180V.a(CyDmac.o)
 .debug_abbrev  0x00000de6      0x254 .\CortexM3\ARM_GCC_541\Debug\Control_delocidad_direccion_motorDC_180V.a(CyLib.o)
 .debug_abbrev  0x0000103a      0x1ab .\CortexM3\ARM_GCC_541\Debug\Control_delocidad_direccion_motorDC_180V.a(cyPm.o)
 .debug_abbrev  0x000011e5       0x14 .\CortexM3\ARM_GCC_541\Debug\Control_delocidad_direccion_motorDC_180V.a(CyBootAsmGnu.o)
 .debug_abbrev  0x000011f9      0x1a7 .\CortexM3\ARM_GCC_541\Debug\Control_delocidad_direccion_motorDC_180V.a(CyFlash.o)
 .debug_abbrev  0x000013a0      0x194 .\CortexM3\ARM_GCC_541\Debug\Control_delocidad_direccion_motorDC_180V.a(CySpc.o)

.debug_line     0x00000000     0x289a
 *(.debug_line)
 .debug_line    0x00000000      0x1c7 .\CortexM3\ARM_GCC_541\Debug\main.o
 .debug_line    0x000001c7      0x1f0 .\CortexM3\ARM_GCC_541\Debug\Maniobras.o
 .debug_line    0x000003b7      0x1df .\CortexM3\ARM_GCC_541\Debug\cyfitter_cfg.o
 .debug_line    0x00000596      0x141 .\CortexM3\ARM_GCC_541\Debug\cymetadata.o
 .debug_line    0x000006d7      0x241 .\CortexM3\ARM_GCC_541\Debug\Cm3Start.o
 .debug_line    0x00000918      0x7e5 .\CortexM3\ARM_GCC_541\Debug\Control_delocidad_direccion_motorDC_180V.a(LED_VELOCIDAD.o)
 .debug_line    0x000010fd       0x74 .\CortexM3\ARM_GCC_541\Debug\Control_delocidad_direccion_motorDC_180V.a(Driver_RELAY.o)
 .debug_line    0x00001171       0xba .\CortexM3\ARM_GCC_541\Debug\Control_delocidad_direccion_motorDC_180V.a(Control_manual.o)
 .debug_line    0x0000122b      0x18a .\CortexM3\ARM_GCC_541\Debug\Control_delocidad_direccion_motorDC_180V.a(PWM_Mosfet.o)
 .debug_line    0x000013b5       0x80 .\CortexM3\ARM_GCC_541\Debug\Control_delocidad_direccion_motorDC_180V.a(LED_VELOCIDAD_Com_Driver.o)
 .debug_line    0x00001435       0x92 .\CortexM3\ARM_GCC_541\Debug\Control_delocidad_direccion_motorDC_180V.a(LED_VELOCIDAD_DMA_Com_dma.o)
 .debug_line    0x000014c7       0x92 .\CortexM3\ARM_GCC_541\Debug\Control_delocidad_direccion_motorDC_180V.a(LED_VELOCIDAD_DMA_Seg_dma.o)
 .debug_line    0x00001559      0x2e4 .\CortexM3\ARM_GCC_541\Debug\Control_delocidad_direccion_motorDC_180V.a(CyDmac.o)
 .debug_line    0x0000183d      0x816 .\CortexM3\ARM_GCC_541\Debug\Control_delocidad_direccion_motorDC_180V.a(CyLib.o)
 .debug_line    0x00002053      0x367 .\CortexM3\ARM_GCC_541\Debug\Control_delocidad_direccion_motorDC_180V.a(cyPm.o)
 .debug_line    0x000023ba       0x66 .\CortexM3\ARM_GCC_541\Debug\Control_delocidad_direccion_motorDC_180V.a(CyBootAsmGnu.o)
 .debug_line    0x00002420      0x21a .\CortexM3\ARM_GCC_541\Debug\Control_delocidad_direccion_motorDC_180V.a(CyFlash.o)
 .debug_line    0x0000263a      0x260 .\CortexM3\ARM_GCC_541\Debug\Control_delocidad_direccion_motorDC_180V.a(CySpc.o)

.debug_frame    0x00000000     0x1858
 *(.debug_frame)
 .debug_frame   0x00000000       0x2c .\CortexM3\ARM_GCC_541\Debug\main.o
 .debug_frame   0x0000002c       0x54 .\CortexM3\ARM_GCC_541\Debug\Maniobras.o
 .debug_frame   0x00000080       0xe4 .\CortexM3\ARM_GCC_541\Debug\cyfitter_cfg.o
 .debug_frame   0x00000164       0xb8 .\CortexM3\ARM_GCC_541\Debug\Cm3Start.o
 .debug_frame   0x0000021c      0x490 .\CortexM3\ARM_GCC_541\Debug\Control_delocidad_direccion_motorDC_180V.a(LED_VELOCIDAD.o)
 .debug_frame   0x000006ac       0x30 .\CortexM3\ARM_GCC_541\Debug\Control_delocidad_direccion_motorDC_180V.a(Driver_RELAY.o)
 .debug_frame   0x000006dc       0x78 .\CortexM3\ARM_GCC_541\Debug\Control_delocidad_direccion_motorDC_180V.a(Control_manual.o)
 .debug_frame   0x00000754      0x134 .\CortexM3\ARM_GCC_541\Debug\Control_delocidad_direccion_motorDC_180V.a(PWM_Mosfet.o)
 .debug_frame   0x00000888       0x30 .\CortexM3\ARM_GCC_541\Debug\Control_delocidad_direccion_motorDC_180V.a(LED_VELOCIDAD_Com_Driver.o)
 .debug_frame   0x000008b8       0x54 .\CortexM3\ARM_GCC_541\Debug\Control_delocidad_direccion_motorDC_180V.a(LED_VELOCIDAD_DMA_Com_dma.o)
 .debug_frame   0x0000090c       0x54 .\CortexM3\ARM_GCC_541\Debug\Control_delocidad_direccion_motorDC_180V.a(LED_VELOCIDAD_DMA_Seg_dma.o)
 .debug_frame   0x00000960      0x1f8 .\CortexM3\ARM_GCC_541\Debug\Control_delocidad_direccion_motorDC_180V.a(CyDmac.o)
 .debug_frame   0x00000b58      0x738 .\CortexM3\ARM_GCC_541\Debug\Control_delocidad_direccion_motorDC_180V.a(CyLib.o)
 .debug_frame   0x00001290      0x1f8 .\CortexM3\ARM_GCC_541\Debug\Control_delocidad_direccion_motorDC_180V.a(cyPm.o)
 .debug_frame   0x00001488      0x194 .\CortexM3\ARM_GCC_541\Debug\Control_delocidad_direccion_motorDC_180V.a(CyFlash.o)
 .debug_frame   0x0000161c      0x180 .\CortexM3\ARM_GCC_541\Debug\Control_delocidad_direccion_motorDC_180V.a(CySpc.o)
 .debug_frame   0x0000179c       0x20 c:/program files (x86)/cypress/psoc creator/4.4/psoc creator/import/gnu/arm/5.4.1/bin/../lib/gcc/arm-none-eabi/5.4.1/../../../../arm-none-eabi/lib/armv7-m\libg_nano.a(lib_a-errno.o)
 .debug_frame   0x000017bc       0x28 c:/program files (x86)/cypress/psoc creator/4.4/psoc creator/import/gnu/arm/5.4.1/bin/../lib/gcc/arm-none-eabi/5.4.1/../../../../arm-none-eabi/lib/armv7-m\libg_nano.a(lib_a-exit.o)
 .debug_frame   0x000017e4       0x2c c:/program files (x86)/cypress/psoc creator/4.4/psoc creator/import/gnu/arm/5.4.1/bin/../lib/gcc/arm-none-eabi/5.4.1/../../../../arm-none-eabi/lib/armv7-m\libg_nano.a(lib_a-init.o)
 .debug_frame   0x00001810       0x28 c:/program files (x86)/cypress/psoc creator/4.4/psoc creator/import/gnu/arm/5.4.1/bin/../lib/gcc/arm-none-eabi/5.4.1/../../../../arm-none-eabi/lib/armv7-m\libg_nano.a(lib_a-memcpy-stub.o)
 .debug_frame   0x00001838       0x20 c:/program files (x86)/cypress/psoc creator/4.4/psoc creator/import/gnu/arm/5.4.1/bin/../lib/gcc/arm-none-eabi/5.4.1/../../../../arm-none-eabi/lib/armv7-m\libg_nano.a(lib_a-memset.o)

.debug_str      0x00000000     0x232b
 *(.debug_str)
 .debug_str     0x00000000      0x25b .\CortexM3\ARM_GCC_541\Debug\main.o
                                0x2ab (size before relaxing)
 .debug_str     0x0000025b       0x70 .\CortexM3\ARM_GCC_541\Debug\Maniobras.o
                                0x2c0 (size before relaxing)
 .debug_str     0x000002cb      0x187 .\CortexM3\ARM_GCC_541\Debug\cyfitter_cfg.o
                                0x34c (size before relaxing)
 .debug_str     0x00000452       0x75 .\CortexM3\ARM_GCC_541\Debug\cymetadata.o
                                0x221 (size before relaxing)
 .debug_str     0x000004c7      0x154 .\CortexM3\ARM_GCC_541\Debug\Cm3Start.o
                                0x357 (size before relaxing)
 .debug_str     0x0000061b      0x8ac .\CortexM3\ARM_GCC_541\Debug\Control_delocidad_direccion_motorDC_180V.a(LED_VELOCIDAD.o)
                                0xabe (size before relaxing)
 .debug_str     0x00000ec7       0x2e .\CortexM3\ARM_GCC_541\Debug\Control_delocidad_direccion_motorDC_180V.a(Driver_RELAY.o)
                                0x201 (size before relaxing)
 .debug_str     0x00000ef5       0xca .\CortexM3\ARM_GCC_541\Debug\Control_delocidad_direccion_motorDC_180V.a(Control_manual.o)
                                0x2b0 (size before relaxing)
 .debug_str     0x00000fbf      0x1b5 .\CortexM3\ARM_GCC_541\Debug\Control_delocidad_direccion_motorDC_180V.a(PWM_Mosfet.o)
                                0x3ed (size before relaxing)
 .debug_str     0x00001174       0x50 .\CortexM3\ARM_GCC_541\Debug\Control_delocidad_direccion_motorDC_180V.a(LED_VELOCIDAD_Com_Driver.o)
                                0x225 (size before relaxing)
 .debug_str     0x000011c4       0xf1 .\CortexM3\ARM_GCC_541\Debug\Control_delocidad_direccion_motorDC_180V.a(LED_VELOCIDAD_DMA_Com_dma.o)
                                0x2e9 (size before relaxing)
 .debug_str     0x000012b5       0x74 .\CortexM3\ARM_GCC_541\Debug\Control_delocidad_direccion_motorDC_180V.a(LED_VELOCIDAD_DMA_Seg_dma.o)
                                0x2e9 (size before relaxing)
 .debug_str     0x00001329      0x251 .\CortexM3\ARM_GCC_541\Debug\Control_delocidad_direccion_motorDC_180V.a(CyDmac.o)
                                0x587 (size before relaxing)
 .debug_str     0x0000157a      0x7e5 .\CortexM3\ARM_GCC_541\Debug\Control_delocidad_direccion_motorDC_180V.a(CyLib.o)
                                0xa84 (size before relaxing)
 .debug_str     0x00001d5f      0x365 .\CortexM3\ARM_GCC_541\Debug\Control_delocidad_direccion_motorDC_180V.a(cyPm.o)
                                0x770 (size before relaxing)
 .debug_str     0x000020c4      0x1bb .\CortexM3\ARM_GCC_541\Debug\Control_delocidad_direccion_motorDC_180V.a(CyFlash.o)
                                0x3fd (size before relaxing)
 .debug_str     0x0000227f       0xac .\CortexM3\ARM_GCC_541\Debug\Control_delocidad_direccion_motorDC_180V.a(CySpc.o)
                                0x375 (size before relaxing)

.debug_loc      0x00000000     0x3f46
 *(.debug_loc)
 .debug_loc     0x00000000      0x12d .\CortexM3\ARM_GCC_541\Debug\Maniobras.o
 .debug_loc     0x0000012d      0x1d7 .\CortexM3\ARM_GCC_541\Debug\cyfitter_cfg.o
 .debug_loc     0x00000304      0x144 .\CortexM3\ARM_GCC_541\Debug\Cm3Start.o
 .debug_loc     0x00000448     0x1752 .\CortexM3\ARM_GCC_541\Debug\Control_delocidad_direccion_motorDC_180V.a(LED_VELOCIDAD.o)
 .debug_loc     0x00001b9a       0x44 .\CortexM3\ARM_GCC_541\Debug\Control_delocidad_direccion_motorDC_180V.a(Control_manual.o)
 .debug_loc     0x00001bde       0x26 .\CortexM3\ARM_GCC_541\Debug\Control_delocidad_direccion_motorDC_180V.a(PWM_Mosfet.o)
 .debug_loc     0x00001c04       0x84 .\CortexM3\ARM_GCC_541\Debug\Control_delocidad_direccion_motorDC_180V.a(LED_VELOCIDAD_DMA_Com_dma.o)
 .debug_loc     0x00001c88       0x84 .\CortexM3\ARM_GCC_541\Debug\Control_delocidad_direccion_motorDC_180V.a(LED_VELOCIDAD_DMA_Seg_dma.o)
 .debug_loc     0x00001d0c      0xb8e .\CortexM3\ARM_GCC_541\Debug\Control_delocidad_direccion_motorDC_180V.a(CyDmac.o)
 .debug_loc     0x0000289a      0xa11 .\CortexM3\ARM_GCC_541\Debug\Control_delocidad_direccion_motorDC_180V.a(CyLib.o)
 .debug_loc     0x000032ab      0x1e4 .\CortexM3\ARM_GCC_541\Debug\Control_delocidad_direccion_motorDC_180V.a(cyPm.o)
 .debug_loc     0x0000348f      0x3b2 .\CortexM3\ARM_GCC_541\Debug\Control_delocidad_direccion_motorDC_180V.a(CyFlash.o)
 .debug_loc     0x00003841      0x705 .\CortexM3\ARM_GCC_541\Debug\Control_delocidad_direccion_motorDC_180V.a(CySpc.o)

.debug_macinfo
 *(.debug_macinfo)

.debug_ranges   0x00000000      0x7d0
 *(.debug_ranges)
 .debug_ranges  0x00000000       0x10 .\CortexM3\ARM_GCC_541\Debug\main.o
 .debug_ranges  0x00000010       0x18 .\CortexM3\ARM_GCC_541\Debug\Maniobras.o
 .debug_ranges  0x00000028       0x48 .\CortexM3\ARM_GCC_541\Debug\cyfitter_cfg.o
 .debug_ranges  0x00000070       0x38 .\CortexM3\ARM_GCC_541\Debug\Cm3Start.o
 .debug_ranges  0x000000a8      0x148 .\CortexM3\ARM_GCC_541\Debug\Control_delocidad_direccion_motorDC_180V.a(LED_VELOCIDAD.o)
 .debug_ranges  0x000001f0       0x18 .\CortexM3\ARM_GCC_541\Debug\Control_delocidad_direccion_motorDC_180V.a(Driver_RELAY.o)
 .debug_ranges  0x00000208       0x30 .\CortexM3\ARM_GCC_541\Debug\Control_delocidad_direccion_motorDC_180V.a(Control_manual.o)
 .debug_ranges  0x00000238       0x88 .\CortexM3\ARM_GCC_541\Debug\Control_delocidad_direccion_motorDC_180V.a(PWM_Mosfet.o)
 .debug_ranges  0x000002c0       0x18 .\CortexM3\ARM_GCC_541\Debug\Control_delocidad_direccion_motorDC_180V.a(LED_VELOCIDAD_Com_Driver.o)
 .debug_ranges  0x000002d8       0x18 .\CortexM3\ARM_GCC_541\Debug\Control_delocidad_direccion_motorDC_180V.a(LED_VELOCIDAD_DMA_Com_dma.o)
 .debug_ranges  0x000002f0       0x18 .\CortexM3\ARM_GCC_541\Debug\Control_delocidad_direccion_motorDC_180V.a(LED_VELOCIDAD_DMA_Seg_dma.o)
 .debug_ranges  0x00000308       0xc8 .\CortexM3\ARM_GCC_541\Debug\Control_delocidad_direccion_motorDC_180V.a(CyDmac.o)
 .debug_ranges  0x000003d0      0x290 .\CortexM3\ARM_GCC_541\Debug\Control_delocidad_direccion_motorDC_180V.a(CyLib.o)
 .debug_ranges  0x00000660       0x88 .\CortexM3\ARM_GCC_541\Debug\Control_delocidad_direccion_motorDC_180V.a(cyPm.o)
 .debug_ranges  0x000006e8       0x78 .\CortexM3\ARM_GCC_541\Debug\Control_delocidad_direccion_motorDC_180V.a(CyFlash.o)
 .debug_ranges  0x00000760       0x70 .\CortexM3\ARM_GCC_541\Debug\Control_delocidad_direccion_motorDC_180V.a(CySpc.o)

.comment        0x00000000       0x6e
 .comment       0x00000000       0x6e .\CortexM3\ARM_GCC_541\Debug\main.o
                                 0x6f (size before relaxing)
 .comment       0x0000006e       0x6f .\CortexM3\ARM_GCC_541\Debug\Maniobras.o
 .comment       0x0000006e       0x6f .\CortexM3\ARM_GCC_541\Debug\cyfitter_cfg.o
 .comment       0x0000006e       0x6f .\CortexM3\ARM_GCC_541\Debug\cymetadata.o
 .comment       0x0000006e       0x6f .\CortexM3\ARM_GCC_541\Debug\Cm3Start.o
 .comment       0x0000006e       0x6f .\CortexM3\ARM_GCC_541\Debug\Control_delocidad_direccion_motorDC_180V.a(LED_VELOCIDAD.o)
 .comment       0x0000006e       0x6f .\CortexM3\ARM_GCC_541\Debug\Control_delocidad_direccion_motorDC_180V.a(Driver_RELAY.o)
 .comment       0x0000006e       0x6f .\CortexM3\ARM_GCC_541\Debug\Control_delocidad_direccion_motorDC_180V.a(Control_manual.o)
 .comment       0x0000006e       0x6f .\CortexM3\ARM_GCC_541\Debug\Control_delocidad_direccion_motorDC_180V.a(PWM_Mosfet.o)
 .comment       0x0000006e       0x6f .\CortexM3\ARM_GCC_541\Debug\Control_delocidad_direccion_motorDC_180V.a(LED_VELOCIDAD_Com_Driver.o)
 .comment       0x0000006e       0x6f .\CortexM3\ARM_GCC_541\Debug\Control_delocidad_direccion_motorDC_180V.a(LED_VELOCIDAD_DMA_Com_dma.o)
 .comment       0x0000006e       0x6f .\CortexM3\ARM_GCC_541\Debug\Control_delocidad_direccion_motorDC_180V.a(LED_VELOCIDAD_DMA_Seg_dma.o)
 .comment       0x0000006e       0x6f .\CortexM3\ARM_GCC_541\Debug\Control_delocidad_direccion_motorDC_180V.a(CyDmac.o)
 .comment       0x0000006e       0x6f .\CortexM3\ARM_GCC_541\Debug\Control_delocidad_direccion_motorDC_180V.a(CyLib.o)
 .comment       0x0000006e       0x6f .\CortexM3\ARM_GCC_541\Debug\Control_delocidad_direccion_motorDC_180V.a(cyPm.o)
 .comment       0x0000006e       0x6f .\CortexM3\ARM_GCC_541\Debug\Control_delocidad_direccion_motorDC_180V.a(CyFlash.o)
 .comment       0x0000006e       0x6f .\CortexM3\ARM_GCC_541\Debug\Control_delocidad_direccion_motorDC_180V.a(CySpc.o)

.debug_weaknames
 *(.debug_weaknames)

.debug_funcnames
 *(.debug_funcnames)

.debug_typenames
 *(.debug_typenames)

.debug_varnames
 *(.debug_varnames)

.note.gnu.arm.ident
 *(.note.gnu.arm.ident)

.ARM.attributes
                0x00000000       0x29
 *(.ARM.attributes)
 .ARM.attributes
                0x00000000       0x1d c:/program files (x86)/cypress/psoc creator/4.4/psoc creator/import/gnu/arm/5.4.1/bin/../lib/gcc/arm-none-eabi/5.4.1/armv7-m/crti.o
 .ARM.attributes
                0x0000001d       0x2d c:/program files (x86)/cypress/psoc creator/4.4/psoc creator/import/gnu/arm/5.4.1/bin/../lib/gcc/arm-none-eabi/5.4.1/armv7-m/crtbegin.o
 .ARM.attributes
                0x0000004a       0x1b c:/program files (x86)/cypress/psoc creator/4.4/psoc creator/import/gnu/arm/5.4.1/bin/../lib/gcc/arm-none-eabi/5.4.1/../../../../arm-none-eabi/lib/armv7-m/crt0.o
 .ARM.attributes
                0x00000065       0x33 .\CortexM3\ARM_GCC_541\Debug\main.o
 .ARM.attributes
                0x00000098       0x33 .\CortexM3\ARM_GCC_541\Debug\Maniobras.o
 .ARM.attributes
                0x000000cb       0x33 .\CortexM3\ARM_GCC_541\Debug\cyfitter_cfg.o
 .ARM.attributes
                0x000000fe       0x33 .\CortexM3\ARM_GCC_541\Debug\cymetadata.o
 .ARM.attributes
                0x00000131       0x33 .\CortexM3\ARM_GCC_541\Debug\Cm3Start.o
 .ARM.attributes
                0x00000164       0x33 .\CortexM3\ARM_GCC_541\Debug\Control_delocidad_direccion_motorDC_180V.a(LED_VELOCIDAD.o)
 .ARM.attributes
                0x00000197       0x33 .\CortexM3\ARM_GCC_541\Debug\Control_delocidad_direccion_motorDC_180V.a(Driver_RELAY.o)
 .ARM.attributes
                0x000001ca       0x33 .\CortexM3\ARM_GCC_541\Debug\Control_delocidad_direccion_motorDC_180V.a(Control_manual.o)
 .ARM.attributes
                0x000001fd       0x33 .\CortexM3\ARM_GCC_541\Debug\Control_delocidad_direccion_motorDC_180V.a(PWM_Mosfet.o)
 .ARM.attributes
                0x00000230       0x33 .\CortexM3\ARM_GCC_541\Debug\Control_delocidad_direccion_motorDC_180V.a(LED_VELOCIDAD_Com_Driver.o)
 .ARM.attributes
                0x00000263       0x33 .\CortexM3\ARM_GCC_541\Debug\Control_delocidad_direccion_motorDC_180V.a(LED_VELOCIDAD_DMA_Com_dma.o)
 .ARM.attributes
                0x00000296       0x33 .\CortexM3\ARM_GCC_541\Debug\Control_delocidad_direccion_motorDC_180V.a(LED_VELOCIDAD_DMA_Seg_dma.o)
 .ARM.attributes
                0x000002c9       0x33 .\CortexM3\ARM_GCC_541\Debug\Control_delocidad_direccion_motorDC_180V.a(CyDmac.o)
 .ARM.attributes
                0x000002fc       0x33 .\CortexM3\ARM_GCC_541\Debug\Control_delocidad_direccion_motorDC_180V.a(CyLib.o)
 .ARM.attributes
                0x0000032f       0x33 .\CortexM3\ARM_GCC_541\Debug\Control_delocidad_direccion_motorDC_180V.a(cyPm.o)
 .ARM.attributes
                0x00000362       0x21 .\CortexM3\ARM_GCC_541\Debug\Control_delocidad_direccion_motorDC_180V.a(CyBootAsmGnu.o)
 .ARM.attributes
                0x00000383       0x33 .\CortexM3\ARM_GCC_541\Debug\Control_delocidad_direccion_motorDC_180V.a(CyFlash.o)
 .ARM.attributes
                0x000003b6       0x33 .\CortexM3\ARM_GCC_541\Debug\Control_delocidad_direccion_motorDC_180V.a(CySpc.o)
 .ARM.attributes
                0x000003e9       0x2d c:/program files (x86)/cypress/psoc creator/4.4/psoc creator/import/gnu/arm/5.4.1/bin/../lib/gcc/arm-none-eabi/5.4.1/../../../../arm-none-eabi/lib/armv7-m\libg_nano.a(lib_a-errno.o)
 .ARM.attributes
                0x00000416       0x2d c:/program files (x86)/cypress/psoc creator/4.4/psoc creator/import/gnu/arm/5.4.1/bin/../lib/gcc/arm-none-eabi/5.4.1/../../../../arm-none-eabi/lib/armv7-m\libg_nano.a(lib_a-exit.o)
 .ARM.attributes
                0x00000443       0x2d c:/program files (x86)/cypress/psoc creator/4.4/psoc creator/import/gnu/arm/5.4.1/bin/../lib/gcc/arm-none-eabi/5.4.1/../../../../arm-none-eabi/lib/armv7-m\libg_nano.a(lib_a-impure.o)
 .ARM.attributes
                0x00000470       0x2d c:/program files (x86)/cypress/psoc creator/4.4/psoc creator/import/gnu/arm/5.4.1/bin/../lib/gcc/arm-none-eabi/5.4.1/../../../../arm-none-eabi/lib/armv7-m\libg_nano.a(lib_a-init.o)
 .ARM.attributes
                0x0000049d       0x2d c:/program files (x86)/cypress/psoc creator/4.4/psoc creator/import/gnu/arm/5.4.1/bin/../lib/gcc/arm-none-eabi/5.4.1/../../../../arm-none-eabi/lib/armv7-m\libg_nano.a(lib_a-memcpy-stub.o)
 .ARM.attributes
                0x000004ca       0x2d c:/program files (x86)/cypress/psoc creator/4.4/psoc creator/import/gnu/arm/5.4.1/bin/../lib/gcc/arm-none-eabi/5.4.1/../../../../arm-none-eabi/lib/armv7-m\libg_nano.a(lib_a-memset.o)
 .ARM.attributes
                0x000004f7       0x17 c:/program files (x86)/cypress/psoc creator/4.4/psoc creator/import/gnu/arm/5.4.1/bin/../lib/gcc/arm-none-eabi/5.4.1/../../../../arm-none-eabi/lib/armv7-m\libg_nano.a(lib_a-strlen.o)
 .ARM.attributes
                0x0000050e       0x2d c:/program files (x86)/cypress/psoc creator/4.4/psoc creator/import/gnu/arm/5.4.1/bin/../lib/gcc/arm-none-eabi/5.4.1/armv7-m/crtend.o
 .ARM.attributes
                0x0000053b       0x1d c:/program files (x86)/cypress/psoc creator/4.4/psoc creator/import/gnu/arm/5.4.1/bin/../lib/gcc/arm-none-eabi/5.4.1/armv7-m/crtn.o

/DISCARD/
 *(.note.GNU-stack)
OUTPUT(C:\Users\adria\OneDrive\Documents\psoc\Control_delocidad_direccion_motorDC_180V\Control_delocidad_direccion_motorDC_180V.cydsn\CortexM3\ARM_GCC_541\Debug\Control_delocidad_direccion_motorDC_180V.elf elf32-littlearm)
