Archive member included to satisfy reference by file (symbol)

.\CortexM3\ARM_GCC_541\Debug\Proyecto_resistencias_calefactoras_estrella_abierta.a(SPIM.o)
                              .\CortexM3\ARM_GCC_541\Debug\MAX6675_.o (SPIM_WriteTxData)
.\CortexM3\ARM_GCC_541\Debug\Proyecto_resistencias_calefactoras_estrella_abierta.a(LCD.o)
                              .\CortexM3\ARM_GCC_541\Debug\PSOC_LDC.o (LCD_Write)
.\CortexM3\ARM_GCC_541\Debug\Proyecto_resistencias_calefactoras_estrella_abierta.a(UART.o)
                              .\CortexM3\ARM_GCC_541\Debug\main.o (UART_GetByte)
.\CortexM3\ARM_GCC_541\Debug\Proyecto_resistencias_calefactoras_estrella_abierta.a(UART_INT.o)
                              .\CortexM3\ARM_GCC_541\Debug\Proyecto_resistencias_calefactoras_estrella_abierta.a(UART.o) (UART_RXISR)
.\CortexM3\ARM_GCC_541\Debug\Proyecto_resistencias_calefactoras_estrella_abierta.a(DISPARADORES.o)
                              .\CortexM3\ARM_GCC_541\Debug\main.o (DISPARADORES_Write)
.\CortexM3\ARM_GCC_541\Debug\Proyecto_resistencias_calefactoras_estrella_abierta.a(Timer_1.o)
                              .\CortexM3\ARM_GCC_541\Debug\main.o (Timer_1_WritePeriod)
.\CortexM3\ARM_GCC_541\Debug\Proyecto_resistencias_calefactoras_estrella_abierta.a(DIS_1.o)
                              .\CortexM3\ARM_GCC_541\Debug\main.o (DIS_1_StartEx)
.\CortexM3\ARM_GCC_541\Debug\Proyecto_resistencias_calefactoras_estrella_abierta.a(Timer_2.o)
                              .\CortexM3\ARM_GCC_541\Debug\main.o (Timer_2_WritePeriod)
.\CortexM3\ARM_GCC_541\Debug\Proyecto_resistencias_calefactoras_estrella_abierta.a(DIS_2.o)
                              .\CortexM3\ARM_GCC_541\Debug\main.o (DIS_2_StartEx)
.\CortexM3\ARM_GCC_541\Debug\Proyecto_resistencias_calefactoras_estrella_abierta.a(SPIM_IntClock.o)
                              .\CortexM3\ARM_GCC_541\Debug\Proyecto_resistencias_calefactoras_estrella_abierta.a(SPIM.o) (SPIM_IntClock_Start)
.\CortexM3\ARM_GCC_541\Debug\Proyecto_resistencias_calefactoras_estrella_abierta.a(UART_IntClock.o)
                              .\CortexM3\ARM_GCC_541\Debug\Proyecto_resistencias_calefactoras_estrella_abierta.a(UART.o) (UART_IntClock_Start)
.\CortexM3\ARM_GCC_541\Debug\Proyecto_resistencias_calefactoras_estrella_abierta.a(CyLib.o)
                              .\CortexM3\ARM_GCC_541\Debug\Cm3Start.o (CyHalt)
.\CortexM3\ARM_GCC_541\Debug\Proyecto_resistencias_calefactoras_estrella_abierta.a(cyPm.o)
                              .\CortexM3\ARM_GCC_541\Debug\Proyecto_resistencias_calefactoras_estrella_abierta.a(CyLib.o) (CyPmReadStatus)
.\CortexM3\ARM_GCC_541\Debug\Proyecto_resistencias_calefactoras_estrella_abierta.a(Timer_0.o)
                              .\CortexM3\ARM_GCC_541\Debug\main.o (Timer_0_WritePeriod)
.\CortexM3\ARM_GCC_541\Debug\Proyecto_resistencias_calefactoras_estrella_abierta.a(DIS_0.o)
                              .\CortexM3\ARM_GCC_541\Debug\main.o (DIS_0_StartEx)
.\CortexM3\ARM_GCC_541\Debug\Proyecto_resistencias_calefactoras_estrella_abierta.a(Sampling.o)
                              .\CortexM3\ARM_GCC_541\Debug\main.o (Sampling_WritePeriod)
.\CortexM3\ARM_GCC_541\Debug\Proyecto_resistencias_calefactoras_estrella_abierta.a(sensado.o)
                              .\CortexM3\ARM_GCC_541\Debug\main.o (sensado_StartEx)
.\CortexM3\ARM_GCC_541\Debug\Proyecto_resistencias_calefactoras_estrella_abierta.a(interfaz.o)
                              .\CortexM3\ARM_GCC_541\Debug\main.o (interfaz_StartEx)
.\CortexM3\ARM_GCC_541\Debug\Proyecto_resistencias_calefactoras_estrella_abierta.a(CyBootAsmGnu.o)
                              .\CortexM3\ARM_GCC_541\Debug\cyfitter_cfg.o (CyDelayCycles)
.\CortexM3\ARM_GCC_541\Debug\Proyecto_resistencias_calefactoras_estrella_abierta.a(CyFlash.o)
                              .\CortexM3\ARM_GCC_541\Debug\Proyecto_resistencias_calefactoras_estrella_abierta.a(cyPm.o) (CyFlash_SetWaitCycles)
.\CortexM3\ARM_GCC_541\Debug\Proyecto_resistencias_calefactoras_estrella_abierta.a(CySpc.o)
                              .\CortexM3\ARM_GCC_541\Debug\Proyecto_resistencias_calefactoras_estrella_abierta.a(CyFlash.o) (CySpcStart)
c:/program files (x86)/cypress/psoc creator/4.4/psoc creator/import/gnu/arm/5.4.1/bin/../lib/gcc/arm-none-eabi/5.4.1/../../../../arm-none-eabi/lib/armv7-m\libm.a(lib_a-w_pow.o)
                              .\CortexM3\ARM_GCC_541\Debug\main.o (pow)
c:/program files (x86)/cypress/psoc creator/4.4/psoc creator/import/gnu/arm/5.4.1/bin/../lib/gcc/arm-none-eabi/5.4.1/../../../../arm-none-eabi/lib/armv7-m\libm.a(lib_a-wf_pow.o)
                              .\CortexM3\ARM_GCC_541\Debug\main.o (powf)
c:/program files (x86)/cypress/psoc creator/4.4/psoc creator/import/gnu/arm/5.4.1/bin/../lib/gcc/arm-none-eabi/5.4.1/../../../../arm-none-eabi/lib/armv7-m\libm.a(lib_a-e_pow.o)
[...]
Memory Configuration

Name             Origin             Length             Attributes
rom              0x00000000         0x00040000         xr
ram              0x1fff8000         0x00010000         xrw
*default*        0x00000000         0xffffffff

Linker script and memory map

LOAD c:/program files (x86)/cypress/psoc creator/4.4/psoc creator/import/gnu/arm/5.4.1/bin/../lib/gcc/arm-none-eabi/5.4.1/armv7-m/crti.o
LOAD c:/program files (x86)/cypress/psoc creator/4.4/psoc creator/import/gnu/arm/5.4.1/bin/../lib/gcc/arm-none-eabi/5.4.1/armv7-m/crtbegin.o
LOAD c:/program files (x86)/cypress/psoc creator/4.4/psoc creator/import/gnu/arm/5.4.1/bin/../lib/gcc/arm-none-eabi/5.4.1/../../../../arm-none-eabi/lib/armv7-m/crt0.o
START GROUP
LOAD .\CortexM3\ARM_GCC_541\Debug\main.o
LOAD .\CortexM3\ARM_GCC_541\Debug\MAX6675_.o
LOAD .\CortexM3\ARM_GCC_541\Debug\LIB_psoc.o
LOAD .\CortexM3\ARM_GCC_541\Debug\PSOC_LDC.o
LOAD .\CortexM3\ARM_GCC_541\Debug\PID.o
LOAD .\CortexM3\ARM_GCC_541\Debug\filtros.o
LOAD .\CortexM3\ARM_GCC_541\Debug\cyfitter_cfg.o
LOAD .\CortexM3\ARM_GCC_541\Debug\cymetadata.o
LOAD .\CortexM3\ARM_GCC_541\Debug\Cm3Start.o
LOAD .\CortexM3\ARM_GCC_541\Debug\Proyecto_resistencias_calefactoras_estrella_abierta.a
LOAD C:\Program Files (x86)\Cypress\PSoC Creator\4.4\PSoC Creator\psoc\content\cycomponentlibrary\CyComponentLibrary.cylib\CortexM3\ARM_GCC_541\Debug\CyComponentLibrary.a
LOAD c:/program files (x86)/cypress/psoc creator/4.4/psoc creator/import/gnu/arm/5.4.1/bin/../lib/gcc/arm-none-eabi/5.4.1/../../../../arm-none-eabi/lib/armv7-m\libm.a
END GROUP
START GROUP
LOAD c:/program files (x86)/cypress/psoc creator/4.4/psoc creator/import/gnu/arm/5.4.1/bin/../lib/gcc/arm-none-eabi/5.4.1/armv7-m\libgcc.a
LOAD c:/program files (x86)/cypress/psoc creator/4.4/psoc creator/import/gnu/arm/5.4.1/bin/../lib/gcc/arm-none-eabi/5.4.1/../../../../arm-none-eabi/lib/armv7-m\libg_nano.a
LOAD c:/program files (x86)/cypress/psoc creator/4.4/psoc creator/import/gnu/arm/5.4.1/bin/../lib/gcc/arm-none-eabi/5.4.1/../../../../arm-none-eabi/lib/armv7-m\libc_nano.a
END GROUP
START GROUP
LOAD c:/program files (x86)/cypress/psoc creator/4.4/psoc creator/import/gnu/arm/5.4.1/bin/../lib/gcc/arm-none-eabi/5.4.1/armv7-m\libgcc.a
LOAD c:/program files (x86)/cypress/psoc creator/4.4/psoc creator/import/gnu/arm/5.4.1/bin/../lib/gcc/arm-none-eabi/5.4.1/../../../../arm-none-eabi/lib/armv7-m\libc_nano.a
END GROUP
LOAD c:/program files (x86)/cypress/psoc creator/4.4/psoc creator/import/gnu/arm/5.4.1/bin/../lib/gcc/arm-none-eabi/5.4.1/armv7-m/crtend.o
LOAD c:/program files (x86)/cypress/psoc creator/4.4/psoc creator/import/gnu/arm/5.4.1/bin/../lib/gcc/arm-none-eabi/5.4.1/armv7-m/crtn.o
START GROUP
LOAD c:/program files (x86)/cypress/psoc creator/4.4/psoc creator/import/gnu/arm/5.4.1/bin/../lib/gcc/arm-none-eabi/5.4.1/armv7-m\libgcc.a
LOAD c:/program files (x86)/cypress/psoc creator/4.4/psoc creator/import/gnu/arm/5.4.1/bin/../lib/gcc/arm-none-eabi/5.4.1/../../../../arm-none-eabi/lib/armv7-m\libc.a
LOAD c:/program files (x86)/cypress/psoc creator/4.4/psoc creator/import/gnu/arm/5.4.1/bin/../lib/gcc/arm-none-eabi/5.4.1/../../../../arm-none-eabi/lib/armv7-m\libnosys.a
END GROUP
                0x00000000                CY_APPL_ORIGIN = 0x0
                0x00000100                CY_FLASH_ROW_SIZE = 0x100
                0x00000020                CY_ECC_ROW_SIZE = 0x20
                0x00000000                CY_EE_IN_BTLDR = 0x0
                0x00000000                CY_APPL_LOADABLE = 0x0
                0x00000800                CY_EE_SIZE = 0x800
                0x00000001                CY_APPL_NUM = 0x1
                0x00000001                CY_APPL_MAX = 0x1
                0x00000040                CY_METADATA_SIZE = 0x40
                0x00000000                CY_APPL_LOADABLE = 0x0
                0x00000000                CY_CHECKSUM_EXCLUDE_SIZE = ALIGN (0x0, CY_FLASH_ROW_SIZE)
                [!provide]                PROVIDE (__cy_heap_start, _end)
                0x00000001                PROVIDE (__cy_region_num, ((__cy_regions_end - __cy_regions) / 0x10))
                0x20008000                PROVIDE (__cy_stack, (ORIGIN (ram) + LENGTH (ram)))
                [!provide]                PROVIDE (__cy_heap_end, (__cy_stack - 0x800))

.cybootloader   0x00000000        0x0
 *(.cybootloader)
                0x00000000                appl1_start = CY_APPL_ORIGIN?CY_APPL_ORIGIN:ALIGN (CY_FLASH_ROW_SIZE)
                0x0001ff00                appl2_start = (appl1_start + ALIGN ((((LENGTH (rom) - appl1_start) - (0x2 * CY_FLASH_ROW_SIZE)) / 0x2), CY_FLASH_ROW_SIZE))
                0x00000000                appl_start = (CY_APPL_NUM == 0x1)?appl1_start:appl2_start
                0x00000000                ecc_offset = ((appl_start / CY_FLASH_ROW_SIZE) * CY_ECC_ROW_SIZE)
                0x00000000                ee_offset = (CY_APPL_LOADABLE && ! (CY_EE_IN_BTLDR))?((CY_EE_SIZE / CY_APPL_MAX) * (CY_APPL_NUM - 0x1)):0x0
                0x00000800                ee_size = (CY_APPL_LOADABLE && ! (CY_EE_IN_BTLDR))?(CY_EE_SIZE / CY_APPL_MAX):CY_EE_SIZE
                [!provide]                PROVIDE (CY_ECC_OFFSET, ecc_offset)

.text           0x00000000     0x4be8
 CREATE_OBJECT_SYMBOLS
                0x00000000                PROVIDE (__cy_interrupt_vector, RomVectors)
 *(.romvectors)
 .romvectors    0x00000000       0x10 .\CortexM3\ARM_GCC_541\Debug\Cm3Start.o
                0x00000000                RomVectors
                0x00000001                ASSERT ((. != __cy_interrupt_vector), No interrupt vector)
                0x00000001                ASSERT (CY_APPL_ORIGIN?(SIZEOF (.cybootloader) <= CY_APPL_ORIGIN):0x1, Wrong image location)
                0x00000010                PROVIDE (__cy_reset, Reset)
 *(.text.Reset)
 .text.Reset    0x00000010       0x18 .\CortexM3\ARM_GCC_541\Debug\Cm3Start.o
                0x00000010                Reset
                0x00000001                ASSERT ((. != __cy_reset), No reset code)
 *(.dma_init)
                0x00000001                ASSERT ((((appl_start + .) <= 0x10000) || 0x1), DMA Init must be within the first 64k of flash)
 *(.text .text.* .gnu.linkonce.t.*)
 .text          0x00000028       0x5c c:/program files (x86)/cypress/psoc creator/4.4/psoc creator/import/gnu/arm/5.4.1/bin/../lib/gcc/arm-none-eabi/5.4.1/armv7-m/crtbegin.o
 .text.sensado  0x00000084       0x14 .\CortexM3\ARM_GCC_541\Debug\main.o
                0x00000084                sensado
 .text.interfaz
                0x00000098       0x14 .\CortexM3\ARM_GCC_541\Debug\main.o
                0x00000098                interfaz
 .text.DIS_0    0x000000ac       0x2c .\CortexM3\ARM_GCC_541\Debug\main.o
                0x000000ac                DIS_0
 .text.DIS_1    0x000000d8       0x2c .\CortexM3\ARM_GCC_541\Debug\main.o
                0x000000d8                DIS_1
 .text.DIS_2    0x00000104       0x2c .\CortexM3\ARM_GCC_541\Debug\main.o
                0x00000104                DIS_2
 .text.main     0x00000130      0x478 .\CortexM3\ARM_GCC_541\Debug\main.o
                0x00000130                main
 .text.SENS_max6675
                0x000005a8       0x88 .\CortexM3\ARM_GCC_541\Debug\MAX6675_.o
                0x000005a8                SENS_max6675
 .text.map      0x00000630       0x18 .\CortexM3\ARM_GCC_541\Debug\LIB_psoc.o
                0x00000630                map
 .text.PIDController_Init
                0x00000648       0x10 .\CortexM3\ARM_GCC_541\Debug\PID.o
                0x00000648                PIDController_Init
 .text.PIDController_Update
                0x00000658      0x108 .\CortexM3\ARM_GCC_541\Debug\PID.o
                0x00000658                PIDController_Update
 .text.inicializarPromediadorMovil
                0x00000760       0x18 .\CortexM3\ARM_GCC_541\Debug\filtros.o
                0x00000760                inicializarPromediadorMovil
 .text.agregarValor
                0x00000778       0x38 .\CortexM3\ARM_GCC_541\Debug\filtros.o
                0x00000778                agregarValor
 .text.obtenerPromedioMovil
                0x000007b0       0x10 .\CortexM3\ARM_GCC_541\Debug\filtros.o
                0x000007b0                obtenerPromedioMovil
 .text.CyClockStartupError
                0x000007c0        0x4 .\CortexM3\ARM_GCC_541\Debug\cyfitter_cfg.o
 .text.cfg_write_bytes32
                0x000007c4       0x34 .\CortexM3\ARM_GCC_541\Debug\cyfitter_cfg.o
 .text.AnalogSetDefault
                0x000007f8       0x28 .\CortexM3\ARM_GCC_541\Debug\cyfitter_cfg.o
 .text.CYMEMZERO
                0x00000820        0xc .\CortexM3\ARM_GCC_541\Debug\cyfitter_cfg.o
 .text.ClockSetup
                0x0000082c       0xe8 .\CortexM3\ARM_GCC_541\Debug\cyfitter_cfg.o
 .text.CYCONFIGCPY
                0x00000914        0x8 .\CortexM3\ARM_GCC_541\Debug\cyfitter_cfg.o
 .text.cyfitter_cfg
                0x0000091c      0x15c .\CortexM3\ARM_GCC_541\Debug\cyfitter_cfg.o
                0x0000091c                cyfitter_cfg
 .text.IntDefaultHandler
                0x00000a78       0x10 .\CortexM3\ARM_GCC_541\Debug\Cm3Start.o
                0x00000a78                IntDefaultHandler
 .text._sbrk    0x00000a88       0x30 .\CortexM3\ARM_GCC_541\Debug\Cm3Start.o
                0x00000a88                _sbrk
 .text.Start_c  0x00000ab8       0x4c .\CortexM3\ARM_GCC_541\Debug\Cm3Start.o
                0x00000ab8                Start_c
 .text.initialize_psoc
                0x00000b04       0x68 .\CortexM3\ARM_GCC_541\Debug\Cm3Start.o
                0x00000b04                initialize_psoc
 .text.SPIM_Enable
                0x00000b6c       0x34 .\CortexM3\ARM_GCC_541\Debug\Proyecto_resistencias_calefactoras_estrella_abierta.a(SPIM.o)
                0x00000b6c                SPIM_Enable
 .text.SPIM_ReadTxStatus
                0x00000ba0        0xc .\CortexM3\ARM_GCC_541\Debug\Proyecto_resistencias_calefactoras_estrella_abierta.a(SPIM.o)
                0x00000ba0                SPIM_ReadTxStatus
 .text.SPIM_ReadRxStatus
                0x00000bac        0xc .\CortexM3\ARM_GCC_541\Debug\Proyecto_resistencias_calefactoras_estrella_abierta.a(SPIM.o)
                0x00000bac                SPIM_ReadRxStatus
 .text.SPIM_WriteTxData
                0x00000bb8       0x18 .\CortexM3\ARM_GCC_541\Debug\Proyecto_resistencias_calefactoras_estrella_abierta.a(SPIM.o)
                0x00000bb8                SPIM_WriteTxData
 .text.SPIM_ReadRxData
                0x00000bd0        0xc .\CortexM3\ARM_GCC_541\Debug\Proyecto_resistencias_calefactoras_estrella_abierta.a(SPIM.o)
                0x00000bd0                SPIM_ReadRxData
 .text.SPIM_ClearFIFO
                0x00000bdc       0x4c .\CortexM3\ARM_GCC_541\Debug\Proyecto_resistencias_calefactoras_estrella_abierta.a(SPIM.o)
                0x00000bdc                SPIM_ClearFIFO
 .text.SPIM_Init
                0x00000c28       0x28 .\CortexM3\ARM_GCC_541\Debug\Proyecto_resistencias_calefactoras_estrella_abierta.a(SPIM.o)
                0x00000c28                SPIM_Init
 .text.SPIM_Start
                0x00000c50       0x1c .\CortexM3\ARM_GCC_541\Debug\Proyecto_resistencias_calefactoras_estrella_abierta.a(SPIM.o)
                0x00000c50                SPIM_Start
 .text.UART_Enable
                0x00000c6c       0x5c .\CortexM3\ARM_GCC_541\Debug\Proyecto_resistencias_calefactoras_estrella_abierta.a(UART.o)
                0x00000c6c                UART_Enable
 .text.UART_ReadRxData
                0x00000cc8       0x64 .\CortexM3\ARM_GCC_541\Debug\Proyecto_resistencias_calefactoras_estrella_abierta.a(UART.o)
                0x00000cc8                UART_ReadRxData
 .text.UART_GetByte
                0x00000d2c       0x2c .\CortexM3\ARM_GCC_541\Debug\Proyecto_resistencias_calefactoras_estrella_abierta.a(UART.o)
                0x00000d2c                UART_GetByte
 .text.UART_ClearRxBuffer
                0x00000d58       0x44 .\CortexM3\ARM_GCC_541\Debug\Proyecto_resistencias_calefactoras_estrella_abierta.a(UART.o)
                0x00000d58                UART_ClearRxBuffer
 .text.UART_SetRxAddressMode
                0x00000d9c       0x28 .\CortexM3\ARM_GCC_541\Debug\Proyecto_resistencias_calefactoras_estrella_abierta.a(UART.o)
                0x00000d9c                UART_SetRxAddressMode
 .text.UART_SetRxAddress1
                0x00000dc4        0xc .\CortexM3\ARM_GCC_541\Debug\Proyecto_resistencias_calefactoras_estrella_abierta.a(UART.o)
                0x00000dc4                UART_SetRxAddress1
 .text.UART_SetRxAddress2
                0x00000dd0        0xc .\CortexM3\ARM_GCC_541\Debug\Proyecto_resistencias_calefactoras_estrella_abierta.a(UART.o)
                0x00000dd0                UART_SetRxAddress2
 .text.UART_Init
                0x00000ddc       0x70 .\CortexM3\ARM_GCC_541\Debug\Proyecto_resistencias_calefactoras_estrella_abierta.a(UART.o)
                0x00000ddc                UART_Init
 .text.UART_Start
                0x00000e4c       0x1c .\CortexM3\ARM_GCC_541\Debug\Proyecto_resistencias_calefactoras_estrella_abierta.a(UART.o)
                0x00000e4c                UART_Start
 .text.UART_PutChar
                0x00000e68       0x70 .\CortexM3\ARM_GCC_541\Debug\Proyecto_resistencias_calefactoras_estrella_abierta.a(UART.o)
                0x00000e68                UART_PutChar
 .text.UART_PutString
                0x00000ed8       0x24 .\CortexM3\ARM_GCC_541\Debug\Proyecto_resistencias_calefactoras_estrella_abierta.a(UART.o)
                0x00000ed8                UART_PutString
 .text.UART_ClearTxBuffer
                0x00000efc       0x40 .\CortexM3\ARM_GCC_541\Debug\Proyecto_resistencias_calefactoras_estrella_abierta.a(UART.o)
                0x00000efc                UART_ClearTxBuffer
 .text.UART_RXISR
                0x00000f3c       0xe8 .\CortexM3\ARM_GCC_541\Debug\Proyecto_resistencias_calefactoras_estrella_abierta.a(UART_INT.o)
                0x00000f3c                UART_RXISR
 .text.UART_TXISR
                0x00001024       0x58 .\CortexM3\ARM_GCC_541\Debug\Proyecto_resistencias_calefactoras_estrella_abierta.a(UART_INT.o)
                0x00001024                UART_TXISR
 .text.DISPARADORES_Write
                0x0000107c        0xc .\CortexM3\ARM_GCC_541\Debug\Proyecto_resistencias_calefactoras_estrella_abierta.a(DISPARADORES.o)
                0x0000107c                DISPARADORES_Write
 .text.DISPARADORES_Read
                0x00001088        0xc .\CortexM3\ARM_GCC_541\Debug\Proyecto_resistencias_calefactoras_estrella_abierta.a(DISPARADORES.o)
                0x00001088                DISPARADORES_Read
 .text.Timer_1_Enable
                0x00001094       0x10 .\CortexM3\ARM_GCC_541\Debug\Proyecto_resistencias_calefactoras_estrella_abierta.a(Timer_1.o)
                0x00001094                Timer_1_Enable
 .text.Timer_1_SetInterruptMode
                0x000010a4        0xc .\CortexM3\ARM_GCC_541\Debug\Proyecto_resistencias_calefactoras_estrella_abierta.a(Timer_1.o)
                0x000010a4                Timer_1_SetInterruptMode
 .text.Timer_1_ReadStatusRegister
                0x000010b0        0xc .\CortexM3\ARM_GCC_541\Debug\Proyecto_resistencias_calefactoras_estrella_abierta.a(Timer_1.o)
                0x000010b0                Timer_1_ReadStatusRegister
 .text.Timer_1_WritePeriod
                0x000010bc        0xc .\CortexM3\ARM_GCC_541\Debug\Proyecto_resistencias_calefactoras_estrella_abierta.a(Timer_1.o)
                0x000010bc                Timer_1_WritePeriod
 .text.Timer_1_ReadCapture
                0x000010c8        0xc .\CortexM3\ARM_GCC_541\Debug\Proyecto_resistencias_calefactoras_estrella_abierta.a(Timer_1.o)
                0x000010c8                Timer_1_ReadCapture
 .text.Timer_1_WriteCounter
                0x000010d4        0xc .\CortexM3\ARM_GCC_541\Debug\Proyecto_resistencias_calefactoras_estrella_abierta.a(Timer_1.o)
                0x000010d4                Timer_1_WriteCounter
 .text.Timer_1_EnableTrigger
                0x000010e0       0x10 .\CortexM3\ARM_GCC_541\Debug\Proyecto_resistencias_calefactoras_estrella_abierta.a(Timer_1.o)
                0x000010e0                Timer_1_EnableTrigger
 .text.Timer_1_ClearFIFO
                0x000010f0       0x14 .\CortexM3\ARM_GCC_541\Debug\Proyecto_resistencias_calefactoras_estrella_abierta.a(Timer_1.o)
                0x000010f0                Timer_1_ClearFIFO
 .text.Timer_1_Init
                0x00001104       0x34 .\CortexM3\ARM_GCC_541\Debug\Proyecto_resistencias_calefactoras_estrella_abierta.a(Timer_1.o)
                0x00001104                Timer_1_Init
 .text.Timer_1_Start
                0x00001138       0x1c .\CortexM3\ARM_GCC_541\Debug\Proyecto_resistencias_calefactoras_estrella_abierta.a(Timer_1.o)
                0x00001138                Timer_1_Start
 .text.DIS_1_SetVector
                0x00001154        0xc .\CortexM3\ARM_GCC_541\Debug\Proyecto_resistencias_calefactoras_estrella_abierta.a(DIS_1.o)
                0x00001154                DIS_1_SetVector
 .text.DIS_1_SetPriority
                0x00001160       0x10 .\CortexM3\ARM_GCC_541\Debug\Proyecto_resistencias_calefactoras_estrella_abierta.a(DIS_1.o)
                0x00001160                DIS_1_SetPriority
 .text.DIS_1_Enable
                0x00001170        0xc .\CortexM3\ARM_GCC_541\Debug\Proyecto_resistencias_calefactoras_estrella_abierta.a(DIS_1.o)
                0x00001170                DIS_1_Enable
 .text.DIS_1_Disable
                0x0000117c        0xc .\CortexM3\ARM_GCC_541\Debug\Proyecto_resistencias_calefactoras_estrella_abierta.a(DIS_1.o)
                0x0000117c                DIS_1_Disable
 .text.DIS_1_StartEx
                0x00001188       0x1c .\CortexM3\ARM_GCC_541\Debug\Proyecto_resistencias_calefactoras_estrella_abierta.a(DIS_1.o)
                0x00001188                DIS_1_StartEx
 .text.DIS_1_ClearPending
                0x000011a4        0xc .\CortexM3\ARM_GCC_541\Debug\Proyecto_resistencias_calefactoras_estrella_abierta.a(DIS_1.o)
                0x000011a4                DIS_1_ClearPending
 .text.Timer_2_Enable
                0x000011b0       0x10 .\CortexM3\ARM_GCC_541\Debug\Proyecto_resistencias_calefactoras_estrella_abierta.a(Timer_2.o)
                0x000011b0                Timer_2_Enable
 .text.Timer_2_SetInterruptMode
                0x000011c0        0xc .\CortexM3\ARM_GCC_541\Debug\Proyecto_resistencias_calefactoras_estrella_abierta.a(Timer_2.o)
                0x000011c0                Timer_2_SetInterruptMode
 .text.Timer_2_ReadStatusRegister
                0x000011cc        0xc .\CortexM3\ARM_GCC_541\Debug\Proyecto_resistencias_calefactoras_estrella_abierta.a(Timer_2.o)
                0x000011cc                Timer_2_ReadStatusRegister
 .text.Timer_2_WritePeriod
                0x000011d8        0xc .\CortexM3\ARM_GCC_541\Debug\Proyecto_resistencias_calefactoras_estrella_abierta.a(Timer_2.o)
                0x000011d8                Timer_2_WritePeriod
 .text.Timer_2_ReadCapture
                0x000011e4        0xc .\CortexM3\ARM_GCC_541\Debug\Proyecto_resistencias_calefactoras_estrella_abierta.a(Timer_2.o)
                0x000011e4                Timer_2_ReadCapture
 .text.Timer_2_WriteCounter
                0x000011f0        0xc .\CortexM3\ARM_GCC_541\Debug\Proyecto_resistencias_calefactoras_estrella_abierta.a(Timer_2.o)
                0x000011f0                Timer_2_WriteCounter
 .text.Timer_2_EnableTrigger
                0x000011fc       0x10 .\CortexM3\ARM_GCC_541\Debug\Proyecto_resistencias_calefactoras_estrella_abierta.a(Timer_2.o)
                0x000011fc                Timer_2_EnableTrigger
 .text.Timer_2_ClearFIFO
                0x0000120c       0x14 .\CortexM3\ARM_GCC_541\Debug\Proyecto_resistencias_calefactoras_estrella_abierta.a(Timer_2.o)
                0x0000120c                Timer_2_ClearFIFO
 .text.Timer_2_Init
                0x00001220       0x34 .\CortexM3\ARM_GCC_541\Debug\Proyecto_resistencias_calefactoras_estrella_abierta.a(Timer_2.o)
                0x00001220                Timer_2_Init
 .text.Timer_2_Start
                0x00001254       0x1c .\CortexM3\ARM_GCC_541\Debug\Proyecto_resistencias_calefactoras_estrella_abierta.a(Timer_2.o)
                0x00001254                Timer_2_Start
 .text.DIS_2_SetVector
                0x00001270        0xc .\CortexM3\ARM_GCC_541\Debug\Proyecto_resistencias_calefactoras_estrella_abierta.a(DIS_2.o)
                0x00001270                DIS_2_SetVector
 .text.DIS_2_SetPriority
                0x0000127c       0x10 .\CortexM3\ARM_GCC_541\Debug\Proyecto_resistencias_calefactoras_estrella_abierta.a(DIS_2.o)
                0x0000127c                DIS_2_SetPriority
 .text.DIS_2_Enable
                0x0000128c        0xc .\CortexM3\ARM_GCC_541\Debug\Proyecto_resistencias_calefactoras_estrella_abierta.a(DIS_2.o)
                0x0000128c                DIS_2_Enable
 .text.DIS_2_Disable
                0x00001298        0xc .\CortexM3\ARM_GCC_541\Debug\Proyecto_resistencias_calefactoras_estrella_abierta.a(DIS_2.o)
                0x00001298                DIS_2_Disable
 .text.DIS_2_StartEx
                0x000012a4       0x1c .\CortexM3\ARM_GCC_541\Debug\Proyecto_resistencias_calefactoras_estrella_abierta.a(DIS_2.o)
                0x000012a4                DIS_2_StartEx
 .text.DIS_2_ClearPending
                0x000012c0        0xc .\CortexM3\ARM_GCC_541\Debug\Proyecto_resistencias_calefactoras_estrella_abierta.a(DIS_2.o)
                0x000012c0                DIS_2_ClearPending
 .text.SPIM_IntClock_Start
                0x000012cc       0x1c .\CortexM3\ARM_GCC_541\Debug\Proyecto_resistencias_calefactoras_estrella_abierta.a(SPIM_IntClock.o)
                0x000012cc                SPIM_IntClock_Start
 .text.UART_IntClock_Start
                0x000012e8       0x1c .\CortexM3\ARM_GCC_541\Debug\Proyecto_resistencias_calefactoras_estrella_abierta.a(UART_IntClock.o)
                0x000012e8                UART_IntClock_Start
 .text.CyHalt   0x00001304        0x4 .\CortexM3\ARM_GCC_541\Debug\Proyecto_resistencias_calefactoras_estrella_abierta.a(CyLib.o)
                0x00001304                CyHalt
 .text.CyDelayUs
                0x00001308       0x14 .\CortexM3\ARM_GCC_541\Debug\Proyecto_resistencias_calefactoras_estrella_abierta.a(CyLib.o)
                0x00001308                CyDelayUs
 .text.CyIntSetVector
                0x0000131c       0x28 .\CortexM3\ARM_GCC_541\Debug\Proyecto_resistencias_calefactoras_estrella_abierta.a(CyLib.o)
                0x0000131c                CyIntSetVector
 .text.CyIntSetPriority
                0x00001344       0x30 .\CortexM3\ARM_GCC_541\Debug\Proyecto_resistencias_calefactoras_estrella_abierta.a(CyLib.o)
                0x00001344                CyIntSetPriority
 .text.Timer_0_Enable
                0x00001374       0x10 .\CortexM3\ARM_GCC_541\Debug\Proyecto_resistencias_calefactoras_estrella_abierta.a(Timer_0.o)
                0x00001374                Timer_0_Enable
 .text.Timer_0_SetInterruptMode
                0x00001384        0xc .\CortexM3\ARM_GCC_541\Debug\Proyecto_resistencias_calefactoras_estrella_abierta.a(Timer_0.o)
                0x00001384                Timer_0_SetInterruptMode
 .text.Timer_0_ReadStatusRegister
                0x00001390        0xc .\CortexM3\ARM_GCC_541\Debug\Proyecto_resistencias_calefactoras_estrella_abierta.a(Timer_0.o)
                0x00001390                Timer_0_ReadStatusRegister
 .text.Timer_0_WritePeriod
                0x0000139c        0xc .\CortexM3\ARM_GCC_541\Debug\Proyecto_resistencias_calefactoras_estrella_abierta.a(Timer_0.o)
                0x0000139c                Timer_0_WritePeriod
 .text.Timer_0_ReadCapture
                0x000013a8        0xc .\CortexM3\ARM_GCC_541\Debug\Proyecto_resistencias_calefactoras_estrella_abierta.a(Timer_0.o)
                0x000013a8                Timer_0_ReadCapture
 .text.Timer_0_WriteCounter
                0x000013b4        0xc .\CortexM3\ARM_GCC_541\Debug\Proyecto_resistencias_calefactoras_estrella_abierta.a(Timer_0.o)
                0x000013b4                Timer_0_WriteCounter
 .text.Timer_0_EnableTrigger
                0x000013c0       0x10 .\CortexM3\ARM_GCC_541\Debug\Proyecto_resistencias_calefactoras_estrella_abierta.a(Timer_0.o)
                0x000013c0                Timer_0_EnableTrigger
 .text.Timer_0_ClearFIFO
                0x000013d0       0x14 .\CortexM3\ARM_GCC_541\Debug\Proyecto_resistencias_calefactoras_estrella_abierta.a(Timer_0.o)
                0x000013d0                Timer_0_ClearFIFO
 .text.Timer_0_Init
                0x000013e4       0x34 .\CortexM3\ARM_GCC_541\Debug\Proyecto_resistencias_calefactoras_estrella_abierta.a(Timer_0.o)
                0x000013e4                Timer_0_Init
 .text.Timer_0_Start
                0x00001418       0x1c .\CortexM3\ARM_GCC_541\Debug\Proyecto_resistencias_calefactoras_estrella_abierta.a(Timer_0.o)
                0x00001418                Timer_0_Start
 .text.DIS_0_SetVector
                0x00001434        0xc .\CortexM3\ARM_GCC_541\Debug\Proyecto_resistencias_calefactoras_estrella_abierta.a(DIS_0.o)
                0x00001434                DIS_0_SetVector
 .text.DIS_0_SetPriority
                0x00001440       0x10 .\CortexM3\ARM_GCC_541\Debug\Proyecto_resistencias_calefactoras_estrella_abierta.a(DIS_0.o)
                0x00001440                DIS_0_SetPriority
 .text.DIS_0_Enable
                0x00001450        0xc .\CortexM3\ARM_GCC_541\Debug\Proyecto_resistencias_calefactoras_estrella_abierta.a(DIS_0.o)
                0x00001450                DIS_0_Enable
 .text.DIS_0_Disable
                0x0000145c        0xc .\CortexM3\ARM_GCC_541\Debug\Proyecto_resistencias_calefactoras_estrella_abierta.a(DIS_0.o)
                0x0000145c                DIS_0_Disable
 .text.DIS_0_StartEx
                0x00001468       0x1c .\CortexM3\ARM_GCC_541\Debug\Proyecto_resistencias_calefactoras_estrella_abierta.a(DIS_0.o)
                0x00001468                DIS_0_StartEx
 .text.DIS_0_ClearPending
                0x00001484        0xc .\CortexM3\ARM_GCC_541\Debug\Proyecto_resistencias_calefactoras_estrella_abierta.a(DIS_0.o)
                0x00001484                DIS_0_ClearPending
 .text.Sampling_Enable
                0x00001490       0x28 .\CortexM3\ARM_GCC_541\Debug\Proyecto_resistencias_calefactoras_estrella_abierta.a(Sampling.o)
                0x00001490                Sampling_Enable
 .text.Sampling_SetInterruptMode
                0x000014b8        0xc .\CortexM3\ARM_GCC_541\Debug\Proyecto_resistencias_calefactoras_estrella_abierta.a(Sampling.o)
                0x000014b8                Sampling_SetInterruptMode
 .text.Sampling_WritePeriod
                0x000014c4        0xc .\CortexM3\ARM_GCC_541\Debug\Proyecto_resistencias_calefactoras_estrella_abierta.a(Sampling.o)
                0x000014c4                Sampling_WritePeriod
 .text.Sampling_WriteCounter
                0x000014d0        0xc .\CortexM3\ARM_GCC_541\Debug\Proyecto_resistencias_calefactoras_estrella_abierta.a(Sampling.o)
                0x000014d0                Sampling_WriteCounter
 .text.Sampling_Init
                0x000014dc       0x64 .\CortexM3\ARM_GCC_541\Debug\Proyecto_resistencias_calefactoras_estrella_abierta.a(Sampling.o)
                0x000014dc                Sampling_Init
 .text.Sampling_Start
                0x00001540       0x1c .\CortexM3\ARM_GCC_541\Debug\Proyecto_resistencias_calefactoras_estrella_abierta.a(Sampling.o)
                0x00001540                Sampling_Start
 .text.sensado_SetVector
                0x0000155c        0xc .\CortexM3\ARM_GCC_541\Debug\Proyecto_resistencias_calefactoras_estrella_abierta.a(sensado.o)
                0x0000155c                sensado_SetVector
 .text.sensado_SetPriority
                0x00001568       0x10 .\CortexM3\ARM_GCC_541\Debug\Proyecto_resistencias_calefactoras_estrella_abierta.a(sensado.o)
                0x00001568                sensado_SetPriority
 .text.sensado_Enable
                0x00001578        0xc .\CortexM3\ARM_GCC_541\Debug\Proyecto_resistencias_calefactoras_estrella_abierta.a(sensado.o)
                0x00001578                sensado_Enable
 .text.sensado_Disable
                0x00001584        0xc .\CortexM3\ARM_GCC_541\Debug\Proyecto_resistencias_calefactoras_estrella_abierta.a(sensado.o)
                0x00001584                sensado_Disable
 .text.sensado_StartEx
                0x00001590       0x1c .\CortexM3\ARM_GCC_541\Debug\Proyecto_resistencias_calefactoras_estrella_abierta.a(sensado.o)
                0x00001590                sensado_StartEx
 .text.sensado_ClearPending
                0x000015ac        0xc .\CortexM3\ARM_GCC_541\Debug\Proyecto_resistencias_calefactoras_estrella_abierta.a(sensado.o)
                0x000015ac                sensado_ClearPending
 .text.interfaz_SetVector
                0x000015b8        0xc .\CortexM3\ARM_GCC_541\Debug\Proyecto_resistencias_calefactoras_estrella_abierta.a(interfaz.o)
                0x000015b8                interfaz_SetVector
 .text.interfaz_SetPriority
                0x000015c4       0x10 .\CortexM3\ARM_GCC_541\Debug\Proyecto_resistencias_calefactoras_estrella_abierta.a(interfaz.o)
                0x000015c4                interfaz_SetPriority
 .text.interfaz_Enable
                0x000015d4        0xc .\CortexM3\ARM_GCC_541\Debug\Proyecto_resistencias_calefactoras_estrella_abierta.a(interfaz.o)
                0x000015d4                interfaz_Enable
 .text.interfaz_Disable
                0x000015e0        0xc .\CortexM3\ARM_GCC_541\Debug\Proyecto_resistencias_calefactoras_estrella_abierta.a(interfaz.o)
                0x000015e0                interfaz_Disable
 .text.interfaz_StartEx
                0x000015ec       0x1c .\CortexM3\ARM_GCC_541\Debug\Proyecto_resistencias_calefactoras_estrella_abierta.a(interfaz.o)
                0x000015ec                interfaz_StartEx
 .text.interfaz_ClearPending
                0x00001608        0xc .\CortexM3\ARM_GCC_541\Debug\Proyecto_resistencias_calefactoras_estrella_abierta.a(interfaz.o)
                0x00001608                interfaz_ClearPending
 *fill*         0x00001614        0x4 
 .text          0x00001618       0x20 .\CortexM3\ARM_GCC_541\Debug\Proyecto_resistencias_calefactoras_estrella_abierta.a(CyBootAsmGnu.o)
                0x00001618                CyDelayCycles
                0x00001628                CyEnterCriticalSection
                0x00001630                CyExitCriticalSection
 .text.pow      0x00001638      0x330 c:/program files (x86)/cypress/psoc creator/4.4/psoc creator/import/gnu/arm/5.4.1/bin/../lib/gcc/arm-none-eabi/5.4.1/../../../../arm-none-eabi/lib/armv7-m\libm.a(lib_a-w_pow.o)
                0x00001638                pow
 .text.powf     0x00001968      0x2fc c:/program files (x86)/cypress/psoc creator/4.4/psoc creator/import/gnu/arm/5.4.1/bin/../lib/gcc/arm-none-eabi/5.4.1/../../../../arm-none-eabi/lib/armv7-m\libm.a(lib_a-wf_pow.o)
                0x00001968                powf
 *fill*         0x00001c64        0x4 
 .text.__ieee754_pow
                0x00001c68      0xac4 c:/program files (x86)/cypress/psoc creator/4.4/psoc creator/import/gnu/arm/5.4.1/bin/../lib/gcc/arm-none-eabi/5.4.1/../../../../arm-none-eabi/lib/armv7-m\libm.a(lib_a-e_pow.o)
                0x00001c68                __ieee754_pow
 .text.__ieee754_sqrt
                0x0000272c      0x188 c:/program files (x86)/cypress/psoc creator/4.4/psoc creator/import/gnu/arm/5.4.1/bin/../lib/gcc/arm-none-eabi/5.4.1/../../../../arm-none-eabi/lib/armv7-m\libm.a(lib_a-e_sqrt.o)
                0x0000272c                __ieee754_sqrt
 .text.__ieee754_powf
                0x000028b4      0x70c c:/program files (x86)/cypress/psoc creator/4.4/psoc creator/import/gnu/arm/5.4.1/bin/../lib/gcc/arm-none-eabi/5.4.1/../../../../arm-none-eabi/lib/armv7-m\libm.a(lib_a-ef_pow.o)
                0x000028b4                __ieee754_powf
 .text.__ieee754_sqrtf
                0x00002fc0       0xa8 c:/program files (x86)/cypress/psoc creator/4.4/psoc creator/import/gnu/arm/5.4.1/bin/../lib/gcc/arm-none-eabi/5.4.1/../../../../arm-none-eabi/lib/armv7-m\libm.a(lib_a-ef_sqrt.o)
                0x00002fc0                __ieee754_sqrtf
 .text.fabs     0x00003068        0x8 c:/program files (x86)/cypress/psoc creator/4.4/psoc creator/import/gnu/arm/5.4.1/bin/../lib/gcc/arm-none-eabi/5.4.1/../../../../arm-none-eabi/lib/armv7-m\libm.a(lib_a-s_fabs.o)
                0x00003068                fabs
 .text.finite   0x00003070        0xc c:/program files (x86)/cypress/psoc creator/4.4/psoc creator/import/gnu/arm/5.4.1/bin/../lib/gcc/arm-none-eabi/5.4.1/../../../../arm-none-eabi/lib/armv7-m\libm.a(lib_a-s_finite.o)
                0x00003070                finite
 .text.matherr  0x0000307c        0x4 c:/program files (x86)/cypress/psoc creator/4.4/psoc creator/import/gnu/arm/5.4.1/bin/../lib/gcc/arm-none-eabi/5.4.1/../../../../arm-none-eabi/lib/armv7-m\libm.a(lib_a-s_matherr.o)
                0x0000307c                matherr
 .text.nan      0x00003080        0xc c:/program files (x86)/cypress/psoc creator/4.4/psoc creator/import/gnu/arm/5.4.1/bin/../lib/gcc/arm-none-eabi/5.4.1/../../../../arm-none-eabi/lib/armv7-m\libm.a(lib_a-s_nan.o)
                0x00003080                nan
 .text.rint     0x0000308c      0x120 c:/program files (x86)/cypress/psoc creator/4.4/psoc creator/import/gnu/arm/5.4.1/bin/../lib/gcc/arm-none-eabi/5.4.1/../../../../arm-none-eabi/lib/armv7-m\libm.a(lib_a-s_rint.o)
                0x0000308c                rint
 *fill*         0x000031ac        0x4 
 .text.scalbn   0x000031b0       0xe4 c:/program files (x86)/cypress/psoc creator/4.4/psoc creator/import/gnu/arm/5.4.1/bin/../lib/gcc/arm-none-eabi/5.4.1/../../../../arm-none-eabi/lib/armv7-m\libm.a(lib_a-s_scalbn.o)
                0x000031b0                scalbn
 .text.fabsf    0x00003294        0x8 c:/program files (x86)/cypress/psoc creator/4.4/psoc creator/import/gnu/arm/5.4.1/bin/../lib/gcc/arm-none-eabi/5.4.1/../../../../arm-none-eabi/lib/armv7-m\libm.a(lib_a-sf_fabs.o)
                0x00003294                fabsf
 .text.finitef  0x0000329c       0x10 c:/program files (x86)/cypress/psoc creator/4.4/psoc creator/import/gnu/arm/5.4.1/bin/../lib/gcc/arm-none-eabi/5.4.1/../../../../arm-none-eabi/lib/armv7-m\libm.a(lib_a-sf_finite.o)
                0x0000329c                finitef
 .text.nanf     0x000032ac        0x8 c:/program files (x86)/cypress/psoc creator/4.4/psoc creator/import/gnu/arm/5.4.1/bin/../lib/gcc/arm-none-eabi/5.4.1/../../../../arm-none-eabi/lib/armv7-m\libm.a(lib_a-sf_nan.o)
                0x000032ac                nanf
 .text.scalbnf  0x000032b4       0xb0 c:/program files (x86)/cypress/psoc creator/4.4/psoc creator/import/gnu/arm/5.4.1/bin/../lib/gcc/arm-none-eabi/5.4.1/../../../../arm-none-eabi/lib/armv7-m\libm.a(lib_a-sf_scalbn.o)
                0x000032b4                scalbnf
 .text.copysign
                0x00003364       0x10 c:/program files (x86)/cypress/psoc creator/4.4/psoc creator/import/gnu/arm/5.4.1/bin/../lib/gcc/arm-none-eabi/5.4.1/../../../../arm-none-eabi/lib/armv7-m\libm.a(lib_a-s_copysign.o)
                0x00003364                copysign
 .text.copysignf
                0x00003374        0xc c:/program files (x86)/cypress/psoc creator/4.4/psoc creator/import/gnu/arm/5.4.1/bin/../lib/gcc/arm-none-eabi/5.4.1/../../../../arm-none-eabi/lib/armv7-m\libm.a(lib_a-sf_copysign.o)
                0x00003374                copysignf
 .text          0x00003380      0x370 c:/program files (x86)/cypress/psoc creator/4.4/psoc creator/import/gnu/arm/5.4.1/bin/../lib/gcc/arm-none-eabi/5.4.1/armv7-m\libgcc.a(_arm_addsubdf3.o)
                0x00003380                __aeabi_drsub
                0x00003388                __aeabi_dsub
                0x00003388                __subdf3
                0x0000338c                __aeabi_dadd
                0x0000338c                __adddf3
                0x00003604                __floatunsidf
                0x00003604                __aeabi_ui2d
                0x00003624                __floatsidf
                0x00003624                __aeabi_i2d
                0x00003648                __aeabi_f2d
                0x00003648                __extendsfdf2
                0x00003684                __floatundidf
                0x00003684                __aeabi_ul2d
                0x00003694                __floatdidf
                0x00003694                __aeabi_l2d
 .text          0x000036f0      0x424 c:/program files (x86)/cypress/psoc creator/4.4/psoc creator/import/gnu/arm/5.4.1/bin/../lib/gcc/arm-none-eabi/5.4.1/armv7-m\libgcc.a(_arm_muldivdf3.o)
                0x000036f0                __aeabi_dmul
                0x000036f0                __muldf3
                0x00003944                __divdf3
                0x00003944                __aeabi_ddiv
 .text          0x00003b14      0x110 c:/program files (x86)/cypress/psoc creator/4.4/psoc creator/import/gnu/arm/5.4.1/bin/../lib/gcc/arm-none-eabi/5.4.1/armv7-m\libgcc.a(_arm_cmpdf2.o)
                0x00003b14                __gtdf2
                0x00003b14                __gedf2
                0x00003b1c                __ltdf2
                0x00003b1c                __ledf2
                0x00003b24                __nedf2
                0x00003b24                __eqdf2
                0x00003b24                __cmpdf2
                0x00003ba0                __aeabi_cdrcmple
                0x00003bb0                __aeabi_cdcmpeq
                0x00003bb0                __aeabi_cdcmple
                0x00003bc0                __aeabi_dcmpeq
                0x00003bd4                __aeabi_dcmplt
                0x00003be8                __aeabi_dcmple
                0x00003bfc                __aeabi_dcmpge
                0x00003c10                __aeabi_dcmpgt
 .text          0x00003c24       0x2c c:/program files (x86)/cypress/psoc creator/4.4/psoc creator/import/gnu/arm/5.4.1/bin/../lib/gcc/arm-none-eabi/5.4.1/armv7-m\libgcc.a(_arm_unorddf2.o)
                0x00003c24                __unorddf2
                0x00003c24                __aeabi_dcmpun
 .text          0x00003c50       0xa0 c:/program files (x86)/cypress/psoc creator/4.4/psoc creator/import/gnu/arm/5.4.1/bin/../lib/gcc/arm-none-eabi/5.4.1/armv7-m\libgcc.a(_arm_truncdfsf2.o)
                0x00003c50                __truncdfsf2
                0x00003c50                __aeabi_d2f
 .text          0x00003cf0      0x21c c:/program files (x86)/cypress/psoc creator/4.4/psoc creator/import/gnu/arm/5.4.1/bin/../lib/gcc/arm-none-eabi/5.4.1/armv7-m\libgcc.a(_arm_addsubsf3.o)
                0x00003cf0                __aeabi_frsub
                0x00003cf8                __subsf3
                0x00003cf8                __aeabi_fsub
                0x00003cfc                __aeabi_fadd
                0x00003cfc                __addsf3
                0x00003e5c                __aeabi_ui2f
                0x00003e5c                __floatunsisf
                0x00003e64                __aeabi_i2f
                0x00003e64                __floatsisf
                0x00003e80                __aeabi_ul2f
                0x00003e80                __floatundisf
                0x00003e90                __aeabi_l2f
                0x00003e90                __floatdisf
 .text          0x00003f0c      0x2a0 c:/program files (x86)/cypress/psoc creator/4.4/psoc creator/import/gnu/arm/5.4.1/bin/../lib/gcc/arm-none-eabi/5.4.1/armv7-m\libgcc.a(_arm_muldivsf3.o)
                0x00003f0c                __mulsf3
                0x00003f0c                __aeabi_fmul
                0x00004074                __aeabi_fdiv
                0x00004074                __divsf3
 .text          0x000041ac       0xec c:/program files (x86)/cypress/psoc creator/4.4/psoc creator/import/gnu/arm/5.4.1/bin/../lib/gcc/arm-none-eabi/5.4.1/armv7-m\libgcc.a(_arm_cmpsf2.o)
                0x000041ac                __gesf2
                0x000041ac                __gtsf2
                0x000041b4                __lesf2
                0x000041b4                __ltsf2
                0x000041bc                __nesf2
                0x000041bc                __eqsf2
                0x000041bc                __cmpsf2
                0x0000421c                __aeabi_cfrcmple
                0x00004224                __aeabi_cfcmpeq
                0x00004224                __aeabi_cfcmple
                0x00004234                __aeabi_fcmpeq
                0x00004248                __aeabi_fcmplt
                0x0000425c                __aeabi_fcmple
                0x00004270                __aeabi_fcmpge
                0x00004284                __aeabi_fcmpgt
 .text          0x00004298       0x2c c:/program files (x86)/cypress/psoc creator/4.4/psoc creator/import/gnu/arm/5.4.1/bin/../lib/gcc/arm-none-eabi/5.4.1/armv7-m\libgcc.a(_arm_unordsf2.o)
                0x00004298                __unordsf2
                0x00004298                __aeabi_fcmpun
 .text          0x000042c4       0x40 c:/program files (x86)/cypress/psoc creator/4.4/psoc creator/import/gnu/arm/5.4.1/bin/../lib/gcc/arm-none-eabi/5.4.1/armv7-m\libgcc.a(_arm_fixunssfsi.o)
                0x000042c4                __fixunssfsi
                0x000042c4                __aeabi_f2uiz
 .text.__errno  0x00004304        0xc c:/program files (x86)/cypress/psoc creator/4.4/psoc creator/import/gnu/arm/5.4.1/bin/../lib/gcc/arm-none-eabi/5.4.1/../../../../arm-none-eabi/lib/armv7-m\libg_nano.a(lib_a-errno.o)
                0x00004304                __errno
 .text.__libc_init_array
                0x00004310       0x4c c:/program files (x86)/cypress/psoc creator/4.4/psoc creator/import/gnu/arm/5.4.1/bin/../lib/gcc/arm-none-eabi/5.4.1/../../../../arm-none-eabi/lib/armv7-m\libg_nano.a(lib_a-init.o)
                0x00004310                __libc_init_array
 .text.memcpy   0x0000435c       0x16 c:/program files (x86)/cypress/psoc creator/4.4/psoc creator/import/gnu/arm/5.4.1/bin/../lib/gcc/arm-none-eabi/5.4.1/../../../../arm-none-eabi/lib/armv7-m\libg_nano.a(lib_a-memcpy-stub.o)
                0x0000435c                memcpy
 .text.memset   0x00004372       0x10 c:/program files (x86)/cypress/psoc creator/4.4/psoc creator/import/gnu/arm/5.4.1/bin/../lib/gcc/arm-none-eabi/5.4.1/../../../../arm-none-eabi/lib/armv7-m\libg_nano.a(lib_a-memset.o)
                0x00004372                memset
 *fill*         0x00004382        0x2 
 .text.sprintf  0x00004384       0x48 c:/program files (x86)/cypress/psoc creator/4.4/psoc creator/import/gnu/arm/5.4.1/bin/../lib/gcc/arm-none-eabi/5.4.1/../../../../arm-none-eabi/lib/armv7-m\libg_nano.a(lib_a-sprintf.o)
                0x00004384                siprintf
                0x00004384                sprintf
 .text.strchr   0x000043cc       0x1c c:/program files (x86)/cypress/psoc creator/4.4/psoc creator/import/gnu/arm/5.4.1/bin/../lib/gcc/arm-none-eabi/5.4.1/../../../../arm-none-eabi/lib/armv7-m\libg_nano.a(lib_a-strchr.o)
                0x000043cc                strchr
 .text.__ssputs_r
                0x000043e8       0xb2 c:/program files (x86)/cypress/psoc creator/4.4/psoc creator/import/gnu/arm/5.4.1/bin/../lib/gcc/arm-none-eabi/5.4.1/../../../../arm-none-eabi/lib/armv7-m\libg_nano.a(lib_a-nano-svfprintf.o)
                0x000043e8                __ssputs_r
 *fill*         0x0000449a        0x2 
 .text._svfprintf_r
                0x0000449c      0x1e8 c:/program files (x86)/cypress/psoc creator/4.4/psoc creator/import/gnu/arm/5.4.1/bin/../lib/gcc/arm-none-eabi/5.4.1/../../../../arm-none-eabi/lib/armv7-m\libg_nano.a(lib_a-nano-svfprintf.o)
                0x0000449c                _svfiprintf_r
                0x0000449c                _svfprintf_r
 .text._printf_common
                0x00004684       0xec c:/program files (x86)/cypress/psoc creator/4.4/psoc creator/import/gnu/arm/5.4.1/bin/../lib/gcc/arm-none-eabi/5.4.1/../../../../arm-none-eabi/lib/armv7-m\libg_nano.a(lib_a-nano-vfprintf_i.o)
                0x00004684                _printf_common
 .text._printf_i
                0x00004770      0x24c c:/program files (x86)/cypress/psoc creator/4.4/psoc creator/import/gnu/arm/5.4.1/bin/../lib/gcc/arm-none-eabi/5.4.1/../../../../arm-none-eabi/lib/armv7-m\libg_nano.a(lib_a-nano-vfprintf_i.o)
                0x00004770                _printf_i
 .text.memchr   0x000049bc       0x1c c:/program files (x86)/cypress/psoc creator/4.4/psoc creator/import/gnu/arm/5.4.1/bin/../lib/gcc/arm-none-eabi/5.4.1/../../../../arm-none-eabi/lib/armv7-m\libg_nano.a(lib_a-memchr-stub.o)
                0x000049bc                memchr
 .text.memmove  0x000049d8       0x36 c:/program files (x86)/cypress/psoc creator/4.4/psoc creator/import/gnu/arm/5.4.1/bin/../lib/gcc/arm-none-eabi/5.4.1/../../../../arm-none-eabi/lib/armv7-m\libg_nano.a(lib_a-memmove.o)
                0x000049d8                memmove
 *fill*         0x00004a0e        0x2 
 .text._free_r  0x00004a10       0x98 c:/program files (x86)/cypress/psoc creator/4.4/psoc creator/import/gnu/arm/5.4.1/bin/../lib/gcc/arm-none-eabi/5.4.1/../../../../arm-none-eabi/lib/armv7-m\libg_nano.a(lib_a-nano-freer.o)
                0x00004a10                _free_r
 .text._malloc_r
                0x00004aa8       0xbc c:/program files (x86)/cypress/psoc creator/4.4/psoc creator/import/gnu/arm/5.4.1/bin/../lib/gcc/arm-none-eabi/5.4.1/../../../../arm-none-eabi/lib/armv7-m\libg_nano.a(lib_a-nano-mallocr.o)
                0x00004aa8                _malloc_r
 .text._realloc_r
                0x00004b64       0x4c c:/program files (x86)/cypress/psoc creator/4.4/psoc creator/import/gnu/arm/5.4.1/bin/../lib/gcc/arm-none-eabi/5.4.1/../../../../arm-none-eabi/lib/armv7-m\libg_nano.a(lib_a-nano-reallocr.o)
                0x00004b64                _realloc_r
 .text._sbrk_r  0x00004bb0       0x20 c:/program files (x86)/cypress/psoc creator/4.4/psoc creator/import/gnu/arm/5.4.1/bin/../lib/gcc/arm-none-eabi/5.4.1/../../../../arm-none-eabi/lib/armv7-m\libg_nano.a(lib_a-sbrkr.o)
                0x00004bb0                _sbrk_r
 .text.__malloc_lock
                0x00004bd0        0x2 c:/program files (x86)/cypress/psoc creator/4.4/psoc creator/import/gnu/arm/5.4.1/bin/../lib/gcc/arm-none-eabi/5.4.1/../../../../arm-none-eabi/lib/armv7-m\libg_nano.a(lib_a-mlock.o)
                0x00004bd0                __malloc_lock
 .text.__malloc_unlock
                0x00004bd2        0x2 c:/program files (x86)/cypress/psoc creator/4.4/psoc creator/import/gnu/arm/5.4.1/bin/../lib/gcc/arm-none-eabi/5.4.1/../../../../arm-none-eabi/lib/armv7-m\libg_nano.a(lib_a-mlock.o)
                0x00004bd2                __malloc_unlock
 .text._malloc_usable_size_r
                0x00004bd4       0x14 c:/program files (x86)/cypress/psoc creator/4.4/psoc creator/import/gnu/arm/5.4.1/bin/../lib/gcc/arm-none-eabi/5.4.1/../../../../arm-none-eabi/lib/armv7-m\libg_nano.a(lib_a-nano-msizer.o)
                0x00004bd4                _malloc_usable_size_r
 *(.plt)
 *(.gnu.warning)
 *(.glue_7t)
 .glue_7t       0x00004be8        0x0 linker stubs
 *(.glue_7)
 .glue_7        0x00004be8        0x0 linker stubs
 *(.vfp11_veneer)
 .vfp11_veneer  0x00004be8        0x0 linker stubs
 *(.bootloader)
 *(.ARM.extab* .gnu.linkonce.armextab.*)
 *(.gcc_except_table)

.v4_bx          0x00004be8        0x0
 .v4_bx         0x00004be8        0x0 linker stubs

.iplt           0x00004be8        0x0
 .iplt          0x00004be8        0x0 c:/program files (x86)/cypress/psoc creator/4.4/psoc creator/import/gnu/arm/5.4.1/bin/../lib/gcc/arm-none-eabi/5.4.1/armv7-m/crtbegin.o

.eh_frame_hdr
 *(.eh_frame_hdr)

.eh_frame       0x00004be8        0x4
 *(.eh_frame)
 .eh_frame      0x00004be8        0x0 c:/program files (x86)/cypress/psoc creator/4.4/psoc creator/import/gnu/arm/5.4.1/bin/../lib/gcc/arm-none-eabi/5.4.1/armv7-m/crtbegin.o
 .eh_frame      0x00004be8        0x4 c:/program files (x86)/cypress/psoc creator/4.4/psoc creator/import/gnu/arm/5.4.1/bin/../lib/gcc/arm-none-eabi/5.4.1/armv7-m/crtend.o
                [!provide]                PROVIDE (__exidx_start, .)

.ARM.exidx
 *(.ARM.exidx* .gnu.linkonce.armexidx.*)
                0x00004bec                __exidx_end = .

.rodata         0x00004bf0       0xd8
 *(.rodata .rodata.* .gnu.linkonce.r.*)
 .rodata.str1.4
                0x00004bf0        0xd .\CortexM3\ARM_GCC_541\Debug\main.o
 *fill*         0x00004bfd        0x3 
 .rodata        0x00004c00       0x36 .\CortexM3\ARM_GCC_541\Debug\cyfitter_cfg.o
 *fill*         0x00004c36        0x2 
 .rodata.str1.4
                0x00004c38        0x4 c:/program files (x86)/cypress/psoc creator/4.4/psoc creator/import/gnu/arm/5.4.1/bin/../lib/gcc/arm-none-eabi/5.4.1/../../../../arm-none-eabi/lib/armv7-m\libm.a(lib_a-w_pow.o)
 .rodata.str1.4
                0x00004c3c        0x5 c:/program files (x86)/cypress/psoc creator/4.4/psoc creator/import/gnu/arm/5.4.1/bin/../lib/gcc/arm-none-eabi/5.4.1/../../../../arm-none-eabi/lib/armv7-m\libm.a(lib_a-wf_pow.o)
 .rodata.str1.4
                0x00004c41        0x8 c:/program files (x86)/cypress/psoc creator/4.4/psoc creator/import/gnu/arm/5.4.1/bin/../lib/gcc/arm-none-eabi/5.4.1/../../../../arm-none-eabi/lib/armv7-m\libm.a(lib_a-e_pow.o)
                                  0x1 (size before relaxing)
 .rodata.str1.4
                0x00004c41        0x1 c:/program files (x86)/cypress/psoc creator/4.4/psoc creator/import/gnu/arm/5.4.1/bin/../lib/gcc/arm-none-eabi/5.4.1/../../../../arm-none-eabi/lib/armv7-m\libm.a(lib_a-ef_pow.o)
 *fill*         0x00004c41        0x7 
 .rodata.TWO52  0x00004c48       0x10 c:/program files (x86)/cypress/psoc creator/4.4/psoc creator/import/gnu/arm/5.4.1/bin/../lib/gcc/arm-none-eabi/5.4.1/../../../../arm-none-eabi/lib/armv7-m\libm.a(lib_a-s_rint.o)
 .rodata.str1.1
                0x00004c58        0x2 c:/program files (x86)/cypress/psoc creator/4.4/psoc creator/import/gnu/arm/5.4.1/bin/../lib/gcc/arm-none-eabi/5.4.1/../../../../arm-none-eabi/lib/armv7-m\libg_nano.a(lib_a-impure.o)
 .rodata.str1.1
                0x00004c5a       0x11 c:/program files (x86)/cypress/psoc creator/4.4/psoc creator/import/gnu/arm/5.4.1/bin/../lib/gcc/arm-none-eabi/5.4.1/../../../../arm-none-eabi/lib/armv7-m\libg_nano.a(lib_a-nano-svfprintf.o)
 .rodata.str1.1
                0x00004c6b       0x22 c:/program files (x86)/cypress/psoc creator/4.4/psoc creator/import/gnu/arm/5.4.1/bin/../lib/gcc/arm-none-eabi/5.4.1/../../../../arm-none-eabi/lib/armv7-m\libg_nano.a(lib_a-nano-vfprintf_i.o)
                0x00004c90                . = ALIGN (0x4)
 *fill*         0x00004c8d        0x3 
 *(.init)
 .init          0x00004c90        0x4 c:/program files (x86)/cypress/psoc creator/4.4/psoc creator/import/gnu/arm/5.4.1/bin/../lib/gcc/arm-none-eabi/5.4.1/armv7-m/crti.o
                0x00004c90                _init
 .init          0x00004c94        0x8 c:/program files (x86)/cypress/psoc creator/4.4/psoc creator/import/gnu/arm/5.4.1/bin/../lib/gcc/arm-none-eabi/5.4.1/armv7-m/crtn.o
                0x00004c9c                . = ALIGN (0x4)
                0x00004c9c                __preinit_array_start = .
 *(.preinit_array)
                0x00004c9c                __preinit_array_end = .
                0x00004c9c                . = ALIGN (0x4)
                0x00004c9c                __init_array_start = .
 *(SORT(.init_array.*))
 *(.init_array)
 .init_array    0x00004c9c        0x4 c:/program files (x86)/cypress/psoc creator/4.4/psoc creator/import/gnu/arm/5.4.1/bin/../lib/gcc/arm-none-eabi/5.4.1/armv7-m/crtbegin.o
 .init_array    0x00004ca0        0x4 .\CortexM3\ARM_GCC_541\Debug\Cm3Start.o
                0x00004ca4                __init_array_end = .
                0x00004ca4                . = ALIGN (0x4)
 *(.fini)
 .fini          0x00004ca4        0x4 c:/program files (x86)/cypress/psoc creator/4.4/psoc creator/import/gnu/arm/5.4.1/bin/../lib/gcc/arm-none-eabi/5.4.1/armv7-m/crti.o
                0x00004ca4                _fini
 .fini          0x00004ca8        0x8 c:/program files (x86)/cypress/psoc creator/4.4/psoc creator/import/gnu/arm/5.4.1/bin/../lib/gcc/arm-none-eabi/5.4.1/armv7-m/crtn.o
                0x00004cb0                . = ALIGN (0x4)
                0x00004cb0                __fini_array_start = .
 *(.fini_array)
 .fini_array    0x00004cb0        0x4 c:/program files (x86)/cypress/psoc creator/4.4/psoc creator/import/gnu/arm/5.4.1/bin/../lib/gcc/arm-none-eabi/5.4.1/armv7-m/crtbegin.o
 *(SORT(.fini_array.*))
                0x00004cb4                __fini_array_end = .
                0x00004cb4                . = ALIGN (0x4)
 *crtbegin.o(.ctors)
 *(EXCLUDE_FILE(*crtend.o) .ctors)
 *(SORT(.ctors.*))
 *crtend.o(.ctors)
                0x00004cb4                . = ALIGN (0x4)
 *crtbegin.o(.dtors)
 *(EXCLUDE_FILE(*crtend.o) .dtors)
 *(SORT(.dtors.*))
 *crtend.o(.dtors)
                0x00004cb4                . = ALIGN (0x4)
                0x00004cb4                __cy_regions = .
                0x00004cb4        0x4 LONG 0x4cc8 __cy_region_init_ram
                0x00004cb8        0x4 LONG 0x1fff80c8 __cy_region_start_data
                0x00004cbc        0x4 LONG 0x88 __cy_region_init_size_ram
                0x00004cc0        0x4 LONG 0x78 __cy_region_zero_size_ram
                0x00004cc4                __cy_regions_end = .
                0x00004cc8                . = ALIGN (0x8)
 *fill*         0x00004cc4        0x4 
                0x00004cc8                _etext = .

.cy_checksum_exclude
                0x00004cc8        0x0
 *(.cy_checksum_exclude)

.ramvectors     0x1fff8000       0xc0
                0x1fff8000                __cy_region_start_ram = .
 *(.ramvectors)
 .ramvectors    0x1fff8000       0xc0 .\CortexM3\ARM_GCC_541\Debug\Cm3Start.o
                0x1fff8000                CyRamVectors

.noinit         0x1fff80c0        0x1
 *(.noinit)
 .noinit        0x1fff80c0        0x1 .\CortexM3\ARM_GCC_541\Debug\Proyecto_resistencias_calefactoras_estrella_abierta.a(CyLib.o)
                0x1fff80c0                CyResetStatus

.data           0x1fff80c8       0x88 load address 0x00004cc8
                0x1fff80c8                __cy_region_start_data = .
 *(.jcr)
 .jcr           0x1fff80c8        0x0 c:/program files (x86)/cypress/psoc creator/4.4/psoc creator/import/gnu/arm/5.4.1/bin/../lib/gcc/arm-none-eabi/5.4.1/armv7-m/crtbegin.o
 .jcr           0x1fff80c8        0x4 c:/program files (x86)/cypress/psoc creator/4.4/psoc creator/import/gnu/arm/5.4.1/bin/../lib/gcc/arm-none-eabi/5.4.1/armv7-m/crtend.o
 *(.got.plt)
 *(.got)
 *(.shdata)
 *(.data .data.* .gnu.linkonce.d.*)
 .data          0x1fff80cc        0x2 .\CortexM3\ARM_GCC_541\Debug\main.o
                0x1fff80cc                sens_flag
                0x1fff80cd                interfaz_lab
 *fill*         0x1fff80ce        0x2 
 .data          0x1fff80d0        0x4 .\CortexM3\ARM_GCC_541\Debug\Cm3Start.o
 .data          0x1fff80d4        0x1 .\CortexM3\ARM_GCC_541\Debug\Proyecto_resistencias_calefactoras_estrella_abierta.a(UART.o)
                0x1fff80d4                UART_rxAddressMode
 *fill*         0x1fff80d5        0x3 
 .data          0x1fff80d8       0x10 .\CortexM3\ARM_GCC_541\Debug\Proyecto_resistencias_calefactoras_estrella_abierta.a(CyLib.o)
                0x1fff80d8                cydelay_32k_ms
                0x1fff80dc                cydelay_freq_khz
                0x1fff80e0                cydelay_freq_mhz
                0x1fff80e4                cydelay_freq_hz
 .data.__fdlib_version
                0x1fff80e8        0x1 c:/program files (x86)/cypress/psoc creator/4.4/psoc creator/import/gnu/arm/5.4.1/bin/../lib/gcc/arm-none-eabi/5.4.1/../../../../arm-none-eabi/lib/armv7-m\libm.a(lib_a-s_lib_ver.o)
                0x1fff80e8                __fdlib_version
 *fill*         0x1fff80e9        0x3 
 .data.impure_data
                0x1fff80ec       0x60 c:/program files (x86)/cypress/psoc creator/4.4/psoc creator/import/gnu/arm/5.4.1/bin/../lib/gcc/arm-none-eabi/5.4.1/../../../../arm-none-eabi/lib/armv7-m\libg_nano.a(lib_a-impure.o)
 .data._impure_ptr
                0x1fff814c        0x4 c:/program files (x86)/cypress/psoc creator/4.4/psoc creator/import/gnu/arm/5.4.1/bin/../lib/gcc/arm-none-eabi/5.4.1/../../../../arm-none-eabi/lib/armv7-m\libg_nano.a(lib_a-impure.o)
                0x1fff814c                _impure_ptr
                0x1fff8150                . = ALIGN (0x8)
 *(.ram)
                0x1fff8150                _edata = .

.igot.plt       0x1fff8150        0x0 load address 0x00004d50
 .igot.plt      0x1fff8150        0x0 c:/program files (x86)/cypress/psoc creator/4.4/psoc creator/import/gnu/arm/5.4.1/bin/../lib/gcc/arm-none-eabi/5.4.1/armv7-m/crtbegin.o

.bss            0x1fff8150       0x78 load address 0x00004d50
                0x1fff8150                PROVIDE (__bss_start__, .)
 *(.shbss)
 *(.bss .bss.* .gnu.linkonce.b.*)
 .bss           0x1fff8150       0x1c c:/program files (x86)/cypress/psoc creator/4.4/psoc creator/import/gnu/arm/5.4.1/bin/../lib/gcc/arm-none-eabi/5.4.1/armv7-m/crtbegin.o
 .bss           0x1fff816c        0x1 .\CortexM3\ARM_GCC_541\Debug\main.o
                0x1fff816c                Disparadores_reg
 .bss           0x1fff816d        0x1 .\CortexM3\ARM_GCC_541\Debug\Proyecto_resistencias_calefactoras_estrella_abierta.a(SPIM.o)
                0x1fff816d                SPIM_initVar
 .bss           0x1fff816e        0xa .\CortexM3\ARM_GCC_541\Debug\Proyecto_resistencias_calefactoras_estrella_abierta.a(UART.o)
                0x1fff816e                UART_rxAddressDetected
                0x1fff816f                UART_rxBufferRead
                0x1fff8170                UART_rxBufferWrite
                0x1fff8171                UART_rxBufferLoopDetect
                0x1fff8172                UART_rxBufferOverflow
                0x1fff8173                UART_errorStatus
                0x1fff8174                UART_initVar
                0x1fff8175                UART_txBufferRead
                0x1fff8176                UART_txBufferWrite
 .bss           0x1fff8178        0x1 .\CortexM3\ARM_GCC_541\Debug\Proyecto_resistencias_calefactoras_estrella_abierta.a(Timer_1.o)
                0x1fff8178                Timer_1_initVar
 .bss           0x1fff8179        0x1 .\CortexM3\ARM_GCC_541\Debug\Proyecto_resistencias_calefactoras_estrella_abierta.a(Timer_2.o)
                0x1fff8179                Timer_2_initVar
 .bss           0x1fff817a        0x1 .\CortexM3\ARM_GCC_541\Debug\Proyecto_resistencias_calefactoras_estrella_abierta.a(Timer_0.o)
                0x1fff817a                Timer_0_initVar
 .bss           0x1fff817b        0x1 .\CortexM3\ARM_GCC_541\Debug\Proyecto_resistencias_calefactoras_estrella_abierta.a(Sampling.o)
                0x1fff817b                Sampling_initVar
 .bss.__malloc_sbrk_start
                0x1fff817c        0x4 c:/program files (x86)/cypress/psoc creator/4.4/psoc creator/import/gnu/arm/5.4.1/bin/../lib/gcc/arm-none-eabi/5.4.1/../../../../arm-none-eabi/lib/armv7-m\libg_nano.a(lib_a-nano-mallocr.o)
                0x1fff817c                __malloc_sbrk_start
 .bss.__malloc_free_list
                0x1fff8180        0x4 c:/program files (x86)/cypress/psoc creator/4.4/psoc creator/import/gnu/arm/5.4.1/bin/../lib/gcc/arm-none-eabi/5.4.1/../../../../arm-none-eabi/lib/armv7-m\libg_nano.a(lib_a-nano-mallocr.o)
                0x1fff8180                __malloc_free_list
 *(COMMON)
 COMMON         0x1fff8184       0x40 .\CortexM3\ARM_GCC_541\Debug\Proyecto_resistencias_calefactoras_estrella_abierta.a(UART.o)
                0x1fff8184                UART_rxBuffer
                0x1fff81a4                UART_txBuffer
 COMMON         0x1fff81c4        0x4 c:/program files (x86)/cypress/psoc creator/4.4/psoc creator/import/gnu/arm/5.4.1/bin/../lib/gcc/arm-none-eabi/5.4.1/../../../../arm-none-eabi/lib/armv7-m\libg_nano.a(lib_a-reent.o)
                0x1fff81c4                errno
                0x1fff81c8                . = ALIGN (0x8)
 *(.ram.b)
                0x1fff81c8                _end = .
                0x1fff81c8                __end = .
                0x1fff81c8                PROVIDE (end, .)
                0x1fff81c8                PROVIDE (__bss_end__, .)
                0x00004cc8                __cy_region_init_ram = LOADADDR (.data)
                0x00000088                __cy_region_init_size_ram = (_edata - ADDR (.data))
                0x00000078                __cy_region_zero_size_ram = (_end - _edata)

.heap           0x1fff81c8       0x80 load address 0x00004d50
                0x1fff81c8                . = _end
                0x1fff8248                . = (. + 0x80)
 *fill*         0x1fff81c8       0x80 
                0x1fff8248                __cy_heap_limit = .

.stack          0x20007800      0x800
                0x20007800                __cy_stack_limit = .
                0x20008000                . = (. + 0x800)
 *fill*         0x20007800      0x800 
                0x00000001                ASSERT ((__cy_stack_limit >= __cy_heap_limit), region RAM overflowed with stack)
                0x00000000                cy_checksum_exclude_size = (CY_APPL_LOADABLE == 0x1)?SIZEOF (.cy_checksum_exclude):0x0
                0x00000001                ASSERT ((cy_checksum_exclude_size <= CY_CHECKSUM_EXCLUDE_SIZE), CY_BOOT: Section .cy_checksum_exclude size exceedes specified limit.)

.cyloadermeta
 *(.cyloadermeta)

.cyloadablemeta
 *(.cyloadablemeta)

.cyconfigecc    0x80000000      0xeb0
 *(.cyconfigecc)
 .cyconfigecc   0x80000000      0xeb0 .\CortexM3\ARM_GCC_541\Debug\cymetadata.o
                0x80000000                cy_meta_configecc

.cycustnvl      0x90000000        0x4
 *(.cycustnvl)
 .cycustnvl     0x90000000        0x4 .\CortexM3\ARM_GCC_541\Debug\cymetadata.o
                0x90000000                cy_meta_custnvl

.cywolatch      0x90100000        0x4
 *(.cywolatch)
 .cywolatch     0x90100000        0x4 .\CortexM3\ARM_GCC_541\Debug\cymetadata.o
                0x90100000                cy_meta_wonvl

.cyeeprom       0x90200000        0x0
 *(.cyeeprom)
                0x00000001                ASSERT ((. <= ((0x90200000 + ee_offset) + ee_size)), .cyeeprom data will not fit in EEPROM)

.cyflashprotect
                0x90400000      0x100
 *(.cyflashprotect)
 .cyflashprotect
                0x90400000      0x100 .\CortexM3\ARM_GCC_541\Debug\cymetadata.o
                0x90400000                cy_meta_flashprotect

.cymeta         0x90500000        0xc
 *(.cymeta)
 .cymeta        0x90500000        0xc .\CortexM3\ARM_GCC_541\Debug\cymetadata.o
                0x90500000                cy_metadata

.rel.dyn        0x00004d50        0x0 load address 0x9050000c
 .rel.iplt      0x00004d50        0x0 c:/program files (x86)/cypress/psoc creator/4.4/psoc creator/import/gnu/arm/5.4.1/bin/../lib/gcc/arm-none-eabi/5.4.1/armv7-m/crtbegin.o

.stab
 *(.stab)

.stabstr
 *(.stabstr)

.debug
 *(.debug)

.line
 *(.line)

.debug_srcinfo
 *(.debug_srcinfo)

.debug_sfnames
 *(.debug_sfnames)

.debug_aranges  0x00000000      0xe90
 *(.debug_aranges)
 .debug_aranges
                0x00000000       0x48 .\CortexM3\ARM_GCC_541\Debug\main.o
 .debug_aranges
                0x00000048       0x20 .\CortexM3\ARM_GCC_541\Debug\MAX6675_.o
 .debug_aranges
                0x00000068       0x30 .\CortexM3\ARM_GCC_541\Debug\LIB_psoc.o
 .debug_aranges
                0x00000098       0x80 .\CortexM3\ARM_GCC_541\Debug\PSOC_LDC.o
 .debug_aranges
                0x00000118       0x28 .\CortexM3\ARM_GCC_541\Debug\PID.o
 .debug_aranges
                0x00000140       0x30 .\CortexM3\ARM_GCC_541\Debug\filtros.o
 .debug_aranges
                0x00000170       0x58 .\CortexM3\ARM_GCC_541\Debug\cyfitter_cfg.o
 .debug_aranges
                0x000001c8       0x18 .\CortexM3\ARM_GCC_541\Debug\cymetadata.o
 .debug_aranges
                0x000001e0       0x48 .\CortexM3\ARM_GCC_541\Debug\Cm3Start.o
 .debug_aranges
                0x00000228       0xd8 .\CortexM3\ARM_GCC_541\Debug\Proyecto_resistencias_calefactoras_estrella_abierta.a(SPIM.o)
 .debug_aranges
                0x00000300       0x28 .\CortexM3\ARM_GCC_541\Debug\Proyecto_resistencias_calefactoras_estrella_abierta.a(LCD.o)
 .debug_aranges
                0x00000328       0xf0 .\CortexM3\ARM_GCC_541\Debug\Proyecto_resistencias_calefactoras_estrella_abierta.a(UART.o)
 .debug_aranges
                0x00000418       0x28 .\CortexM3\ARM_GCC_541\Debug\Proyecto_resistencias_calefactoras_estrella_abierta.a(UART_INT.o)
 .debug_aranges
                0x00000440       0x28 .\CortexM3\ARM_GCC_541\Debug\Proyecto_resistencias_calefactoras_estrella_abierta.a(DISPARADORES.o)
 .debug_aranges
                0x00000468       0xa0 .\CortexM3\ARM_GCC_541\Debug\Proyecto_resistencias_calefactoras_estrella_abierta.a(Timer_1.o)
 .debug_aranges
                0x00000508       0x80 .\CortexM3\ARM_GCC_541\Debug\Proyecto_resistencias_calefactoras_estrella_abierta.a(DIS_1.o)
 .debug_aranges
                0x00000588       0xa0 .\CortexM3\ARM_GCC_541\Debug\Proyecto_resistencias_calefactoras_estrella_abierta.a(Timer_2.o)
 .debug_aranges
                0x00000628       0x80 .\CortexM3\ARM_GCC_541\Debug\Proyecto_resistencias_calefactoras_estrella_abierta.a(DIS_2.o)
 .debug_aranges
                0x000006a8       0x70 .\CortexM3\ARM_GCC_541\Debug\Proyecto_resistencias_calefactoras_estrella_abierta.a(SPIM_IntClock.o)
 .debug_aranges
                0x00000718       0x70 .\CortexM3\ARM_GCC_541\Debug\Proyecto_resistencias_calefactoras_estrella_abierta.a(UART_IntClock.o)
 .debug_aranges
                0x00000788      0x2a0 .\CortexM3\ARM_GCC_541\Debug\Proyecto_resistencias_calefactoras_estrella_abierta.a(CyLib.o)
 .debug_aranges
                0x00000a28       0x98 .\CortexM3\ARM_GCC_541\Debug\Proyecto_resistencias_calefactoras_estrella_abierta.a(cyPm.o)
 .debug_aranges
                0x00000ac0       0xa0 .\CortexM3\ARM_GCC_541\Debug\Proyecto_resistencias_calefactoras_estrella_abierta.a(Timer_0.o)
 .debug_aranges
                0x00000b60       0x80 .\CortexM3\ARM_GCC_541\Debug\Proyecto_resistencias_calefactoras_estrella_abierta.a(DIS_0.o)
 .debug_aranges
                0x00000be0       0x88 .\CortexM3\ARM_GCC_541\Debug\Proyecto_resistencias_calefactoras_estrella_abierta.a(Sampling.o)
 .debug_aranges
                0x00000c68       0x80 .\CortexM3\ARM_GCC_541\Debug\Proyecto_resistencias_calefactoras_estrella_abierta.a(sensado.o)
 .debug_aranges
                0x00000ce8       0x80 .\CortexM3\ARM_GCC_541\Debug\Proyecto_resistencias_calefactoras_estrella_abierta.a(interfaz.o)
 .debug_aranges
                0x00000d68       0x20 .\CortexM3\ARM_GCC_541\Debug\Proyecto_resistencias_calefactoras_estrella_abierta.a(CyBootAsmGnu.o)
 .debug_aranges
                0x00000d88       0x88 .\CortexM3\ARM_GCC_541\Debug\Proyecto_resistencias_calefactoras_estrella_abierta.a(CyFlash.o)
 .debug_aranges
                0x00000e10       0x80 .\CortexM3\ARM_GCC_541\Debug\Proyecto_resistencias_calefactoras_estrella_abierta.a(CySpc.o)

.debug_pubnames
 *(.debug_pubnames)

.debug_info     0x00000000     0x7a10
 *(.debug_info .gnu.linkonce.wi.*)
 .debug_info    0x00000000      0x99f .\CortexM3\ARM_GCC_541\Debug\main.o
 .debug_info    0x0000099f      0x195 .\CortexM3\ARM_GCC_541\Debug\MAX6675_.o
 .debug_info    0x00000b34      0x19b .\CortexM3\ARM_GCC_541\Debug\LIB_psoc.o
 .debug_info    0x00000ccf      0x660 .\CortexM3\ARM_GCC_541\Debug\PSOC_LDC.o
 .debug_info    0x0000132f      0x16e .\CortexM3\ARM_GCC_541\Debug\PID.o
 .debug_info    0x0000149d      0x165 .\CortexM3\ARM_GCC_541\Debug\filtros.o
 .debug_info    0x00001602      0x614 .\CortexM3\ARM_GCC_541\Debug\cyfitter_cfg.o
 .debug_info    0x00001c16      0x139 .\CortexM3\ARM_GCC_541\Debug\cymetadata.o
 .debug_info    0x00001d4f      0x3bb .\CortexM3\ARM_GCC_541\Debug\Cm3Start.o
 .debug_info    0x0000210a      0x4d8 .\CortexM3\ARM_GCC_541\Debug\Proyecto_resistencias_calefactoras_estrella_abierta.a(SPIM.o)
 .debug_info    0x000025e2       0xd6 .\CortexM3\ARM_GCC_541\Debug\Proyecto_resistencias_calefactoras_estrella_abierta.a(LCD.o)
 .debug_info    0x000026b8      0x841 .\CortexM3\ARM_GCC_541\Debug\Proyecto_resistencias_calefactoras_estrella_abierta.a(UART.o)
 .debug_info    0x00002ef9      0x19e .\CortexM3\ARM_GCC_541\Debug\Proyecto_resistencias_calefactoras_estrella_abierta.a(UART_INT.o)
 .debug_info    0x00003097       0xd6 .\CortexM3\ARM_GCC_541\Debug\Proyecto_resistencias_calefactoras_estrella_abierta.a(DISPARADORES.o)
 .debug_info    0x0000316d      0x2fe .\CortexM3\ARM_GCC_541\Debug\Proyecto_resistencias_calefactoras_estrella_abierta.a(Timer_1.o)
 .debug_info    0x0000346b      0x2d2 .\CortexM3\ARM_GCC_541\Debug\Proyecto_resistencias_calefactoras_estrella_abierta.a(DIS_1.o)
 .debug_info    0x0000373d      0x2fe .\CortexM3\ARM_GCC_541\Debug\Proyecto_resistencias_calefactoras_estrella_abierta.a(Timer_2.o)
 .debug_info    0x00003a3b      0x2d2 .\CortexM3\ARM_GCC_541\Debug\Proyecto_resistencias_calefactoras_estrella_abierta.a(DIS_2.o)
 .debug_info    0x00003d0d      0x283 .\CortexM3\ARM_GCC_541\Debug\Proyecto_resistencias_calefactoras_estrella_abierta.a(SPIM_IntClock.o)
 .debug_info    0x00003f90      0x283 .\CortexM3\ARM_GCC_541\Debug\Proyecto_resistencias_calefactoras_estrella_abierta.a(UART_IntClock.o)
 .debug_info    0x00004213     0x1374 .\CortexM3\ARM_GCC_541\Debug\Proyecto_resistencias_calefactoras_estrella_abierta.a(CyLib.o)
 .debug_info    0x00005587      0xa2a .\CortexM3\ARM_GCC_541\Debug\Proyecto_resistencias_calefactoras_estrella_abierta.a(cyPm.o)
 .debug_info    0x00005fb1      0x2fe .\CortexM3\ARM_GCC_541\Debug\Proyecto_resistencias_calefactoras_estrella_abierta.a(Timer_0.o)
 .debug_info    0x000062af      0x2d2 .\CortexM3\ARM_GCC_541\Debug\Proyecto_resistencias_calefactoras_estrella_abierta.a(DIS_0.o)
 .debug_info    0x00006581      0x291 .\CortexM3\ARM_GCC_541\Debug\Proyecto_resistencias_calefactoras_estrella_abierta.a(Sampling.o)
 .debug_info    0x00006812      0x2d2 .\CortexM3\ARM_GCC_541\Debug\Proyecto_resistencias_calefactoras_estrella_abierta.a(sensado.o)
 .debug_info    0x00006ae4      0x2d2 .\CortexM3\ARM_GCC_541\Debug\Proyecto_resistencias_calefactoras_estrella_abierta.a(interfaz.o)
 .debug_info    0x00006db6       0xbd .\CortexM3\ARM_GCC_541\Debug\Proyecto_resistencias_calefactoras_estrella_abierta.a(CyBootAsmGnu.o)
 .debug_info    0x00006e73      0x64d .\CortexM3\ARM_GCC_541\Debug\Proyecto_resistencias_calefactoras_estrella_abierta.a(CyFlash.o)
 .debug_info    0x000074c0      0x550 .\CortexM3\ARM_GCC_541\Debug\Proyecto_resistencias_calefactoras_estrella_abierta.a(CySpc.o)

.debug_abbrev   0x00000000     0x2483
 *(.debug_abbrev)
 .debug_abbrev  0x00000000      0x19b .\CortexM3\ARM_GCC_541\Debug\main.o
 .debug_abbrev  0x0000019b       0xd4 .\CortexM3\ARM_GCC_541\Debug\MAX6675_.o
 .debug_abbrev  0x0000026f       0xc3 .\CortexM3\ARM_GCC_541\Debug\LIB_psoc.o
 .debug_abbrev  0x00000332      0x13b .\CortexM3\ARM_GCC_541\Debug\PSOC_LDC.o
 .debug_abbrev  0x0000046d       0xd0 .\CortexM3\ARM_GCC_541\Debug\PID.o
 .debug_abbrev  0x0000053d       0xe7 .\CortexM3\ARM_GCC_541\Debug\filtros.o
 .debug_abbrev  0x00000624      0x20d .\CortexM3\ARM_GCC_541\Debug\cyfitter_cfg.o
 .debug_abbrev  0x00000831       0x77 .\CortexM3\ARM_GCC_541\Debug\cymetadata.o
 .debug_abbrev  0x000008a8      0x1e8 .\CortexM3\ARM_GCC_541\Debug\Cm3Start.o
 .debug_abbrev  0x00000a90      0x146 .\CortexM3\ARM_GCC_541\Debug\Proyecto_resistencias_calefactoras_estrella_abierta.a(SPIM.o)
 .debug_abbrev  0x00000bd6       0x81 .\CortexM3\ARM_GCC_541\Debug\Proyecto_resistencias_calefactoras_estrella_abierta.a(LCD.o)
 .debug_abbrev  0x00000c57      0x16f .\CortexM3\ARM_GCC_541\Debug\Proyecto_resistencias_calefactoras_estrella_abierta.a(UART.o)
 .debug_abbrev  0x00000dc6       0xa2 .\CortexM3\ARM_GCC_541\Debug\Proyecto_resistencias_calefactoras_estrella_abierta.a(UART_INT.o)
 .debug_abbrev  0x00000e68       0x81 .\CortexM3\ARM_GCC_541\Debug\Proyecto_resistencias_calefactoras_estrella_abierta.a(DISPARADORES.o)
 .debug_abbrev  0x00000ee9      0x12b .\CortexM3\ARM_GCC_541\Debug\Proyecto_resistencias_calefactoras_estrella_abierta.a(Timer_1.o)
 .debug_abbrev  0x00001014      0x173 .\CortexM3\ARM_GCC_541\Debug\Proyecto_resistencias_calefactoras_estrella_abierta.a(DIS_1.o)
 .debug_abbrev  0x00001187      0x12b .\CortexM3\ARM_GCC_541\Debug\Proyecto_resistencias_calefactoras_estrella_abierta.a(Timer_2.o)
 .debug_abbrev  0x000012b2      0x173 .\CortexM3\ARM_GCC_541\Debug\Proyecto_resistencias_calefactoras_estrella_abierta.a(DIS_2.o)
 .debug_abbrev  0x00001425      0x139 .\CortexM3\ARM_GCC_541\Debug\Proyecto_resistencias_calefactoras_estrella_abierta.a(SPIM_IntClock.o)
 .debug_abbrev  0x0000155e      0x139 .\CortexM3\ARM_GCC_541\Debug\Proyecto_resistencias_calefactoras_estrella_abierta.a(UART_IntClock.o)
 .debug_abbrev  0x00001697      0x254 .\CortexM3\ARM_GCC_541\Debug\Proyecto_resistencias_calefactoras_estrella_abierta.a(CyLib.o)
 .debug_abbrev  0x000018eb      0x1ab .\CortexM3\ARM_GCC_541\Debug\Proyecto_resistencias_calefactoras_estrella_abierta.a(cyPm.o)
 .debug_abbrev  0x00001a96      0x12b .\CortexM3\ARM_GCC_541\Debug\Proyecto_resistencias_calefactoras_estrella_abierta.a(Timer_0.o)
 .debug_abbrev  0x00001bc1      0x173 .\CortexM3\ARM_GCC_541\Debug\Proyecto_resistencias_calefactoras_estrella_abierta.a(DIS_0.o)
 .debug_abbrev  0x00001d34      0x11a .\CortexM3\ARM_GCC_541\Debug\Proyecto_resistencias_calefactoras_estrella_abierta.a(Sampling.o)
 .debug_abbrev  0x00001e4e      0x173 .\CortexM3\ARM_GCC_541\Debug\Proyecto_resistencias_calefactoras_estrella_abierta.a(sensado.o)
 .debug_abbrev  0x00001fc1      0x173 .\CortexM3\ARM_GCC_541\Debug\Proyecto_resistencias_calefactoras_estrella_abierta.a(interfaz.o)
 .debug_abbrev  0x00002134       0x14 .\CortexM3\ARM_GCC_541\Debug\Proyecto_resistencias_calefactoras_estrella_abierta.a(CyBootAsmGnu.o)
 .debug_abbrev  0x00002148      0x1a7 .\CortexM3\ARM_GCC_541\Debug\Proyecto_resistencias_calefactoras_estrella_abierta.a(CyFlash.o)
 .debug_abbrev  0x000022ef      0x194 .\CortexM3\ARM_GCC_541\Debug\Proyecto_resistencias_calefactoras_estrella_abierta.a(CySpc.o)

.debug_line     0x00000000     0x384d
 *(.debug_line)
 .debug_line    0x00000000      0x453 .\CortexM3\ARM_GCC_541\Debug\main.o
 .debug_line    0x00000453      0x1a2 .\CortexM3\ARM_GCC_541\Debug\MAX6675_.o
 .debug_line    0x000005f5      0x183 .\CortexM3\ARM_GCC_541\Debug\LIB_psoc.o
 .debug_line    0x00000778      0x2a8 .\CortexM3\ARM_GCC_541\Debug\PSOC_LDC.o
 .debug_line    0x00000a20       0x92 .\CortexM3\ARM_GCC_541\Debug\PID.o
 .debug_line    0x00000ab2      0x1a6 .\CortexM3\ARM_GCC_541\Debug\filtros.o
 .debug_line    0x00000c58      0x200 .\CortexM3\ARM_GCC_541\Debug\cyfitter_cfg.o
 .debug_line    0x00000e58      0x141 .\CortexM3\ARM_GCC_541\Debug\cymetadata.o
 .debug_line    0x00000f99      0x234 .\CortexM3\ARM_GCC_541\Debug\Cm3Start.o
 .debug_line    0x000011cd      0x247 .\CortexM3\ARM_GCC_541\Debug\Proyecto_resistencias_calefactoras_estrella_abierta.a(SPIM.o)
 .debug_line    0x00001414       0x6b .\CortexM3\ARM_GCC_541\Debug\Proyecto_resistencias_calefactoras_estrella_abierta.a(LCD.o)
 .debug_line    0x0000147f      0x349 .\CortexM3\ARM_GCC_541\Debug\Proyecto_resistencias_calefactoras_estrella_abierta.a(UART.o)
 .debug_line    0x000017c8       0xae .\CortexM3\ARM_GCC_541\Debug\Proyecto_resistencias_calefactoras_estrella_abierta.a(UART_INT.o)
 .debug_line    0x00001876       0x74 .\CortexM3\ARM_GCC_541\Debug\Proyecto_resistencias_calefactoras_estrella_abierta.a(DISPARADORES.o)
 .debug_line    0x000018ea      0x193 .\CortexM3\ARM_GCC_541\Debug\Proyecto_resistencias_calefactoras_estrella_abierta.a(Timer_1.o)
 .debug_line    0x00001a7d      0x132 .\CortexM3\ARM_GCC_541\Debug\Proyecto_resistencias_calefactoras_estrella_abierta.a(DIS_1.o)
 .debug_line    0x00001baf      0x193 .\CortexM3\ARM_GCC_541\Debug\Proyecto_resistencias_calefactoras_estrella_abierta.a(Timer_2.o)
 .debug_line    0x00001d42      0x132 .\CortexM3\ARM_GCC_541\Debug\Proyecto_resistencias_calefactoras_estrella_abierta.a(DIS_2.o)
 .debug_line    0x00001e74      0x17c .\CortexM3\ARM_GCC_541\Debug\Proyecto_resistencias_calefactoras_estrella_abierta.a(SPIM_IntClock.o)
 .debug_line    0x00001ff0      0x17c .\CortexM3\ARM_GCC_541\Debug\Proyecto_resistencias_calefactoras_estrella_abierta.a(UART_IntClock.o)
 .debug_line    0x0000216c      0x816 .\CortexM3\ARM_GCC_541\Debug\Proyecto_resistencias_calefactoras_estrella_abierta.a(CyLib.o)
 .debug_line    0x00002982      0x367 .\CortexM3\ARM_GCC_541\Debug\Proyecto_resistencias_calefactoras_estrella_abierta.a(cyPm.o)
 .debug_line    0x00002ce9      0x193 .\CortexM3\ARM_GCC_541\Debug\Proyecto_resistencias_calefactoras_estrella_abierta.a(Timer_0.o)
 .debug_line    0x00002e7c      0x132 .\CortexM3\ARM_GCC_541\Debug\Proyecto_resistencias_calefactoras_estrella_abierta.a(DIS_0.o)
 .debug_line    0x00002fae      0x156 .\CortexM3\ARM_GCC_541\Debug\Proyecto_resistencias_calefactoras_estrella_abierta.a(Sampling.o)
 .debug_line    0x00003104      0x134 .\CortexM3\ARM_GCC_541\Debug\Proyecto_resistencias_calefactoras_estrella_abierta.a(sensado.o)
 .debug_line    0x00003238      0x135 .\CortexM3\ARM_GCC_541\Debug\Proyecto_resistencias_calefactoras_estrella_abierta.a(interfaz.o)
 .debug_line    0x0000336d       0x66 .\CortexM3\ARM_GCC_541\Debug\Proyecto_resistencias_calefactoras_estrella_abierta.a(CyBootAsmGnu.o)
 .debug_line    0x000033d3      0x21a .\CortexM3\ARM_GCC_541\Debug\Proyecto_resistencias_calefactoras_estrella_abierta.a(CyFlash.o)
 .debug_line    0x000035ed      0x260 .\CortexM3\ARM_GCC_541\Debug\Proyecto_resistencias_calefactoras_estrella_abierta.a(CySpc.o)

.debug_frame    0x00000000     0x2980
 *(.debug_frame)
 .debug_frame   0x00000000       0xd0 .\CortexM3\ARM_GCC_541\Debug\main.o
 .debug_frame   0x000000d0       0x30 .\CortexM3\ARM_GCC_541\Debug\MAX6675_.o
 .debug_frame   0x00000100       0x64 .\CortexM3\ARM_GCC_541\Debug\LIB_psoc.o
 .debug_frame   0x00000164      0x190 .\CortexM3\ARM_GCC_541\Debug\PSOC_LDC.o
 .debug_frame   0x000002f4       0x4c .\CortexM3\ARM_GCC_541\Debug\PID.o
 .debug_frame   0x00000340       0x50 .\CortexM3\ARM_GCC_541\Debug\filtros.o
 .debug_frame   0x00000390       0xe4 .\CortexM3\ARM_GCC_541\Debug\cyfitter_cfg.o
 .debug_frame   0x00000474       0xb8 .\CortexM3\ARM_GCC_541\Debug\Cm3Start.o
 .debug_frame   0x0000052c      0x1e8 .\CortexM3\ARM_GCC_541\Debug\Proyecto_resistencias_calefactoras_estrella_abierta.a(SPIM.o)
 .debug_frame   0x00000714       0x30 .\CortexM3\ARM_GCC_541\Debug\Proyecto_resistencias_calefactoras_estrella_abierta.a(LCD.o)
 .debug_frame   0x00000744      0x268 .\CortexM3\ARM_GCC_541\Debug\Proyecto_resistencias_calefactoras_estrella_abierta.a(UART.o)
 .debug_frame   0x000009ac       0x3c .\CortexM3\ARM_GCC_541\Debug\Proyecto_resistencias_calefactoras_estrella_abierta.a(UART_INT.o)
 .debug_frame   0x000009e8       0x30 .\CortexM3\ARM_GCC_541\Debug\Proyecto_resistencias_calefactoras_estrella_abierta.a(DISPARADORES.o)
 .debug_frame   0x00000a18      0x144 .\CortexM3\ARM_GCC_541\Debug\Proyecto_resistencias_calefactoras_estrella_abierta.a(Timer_1.o)
 .debug_frame   0x00000b5c      0x104 .\CortexM3\ARM_GCC_541\Debug\Proyecto_resistencias_calefactoras_estrella_abierta.a(DIS_1.o)
 .debug_frame   0x00000c60      0x144 .\CortexM3\ARM_GCC_541\Debug\Proyecto_resistencias_calefactoras_estrella_abierta.a(Timer_2.o)
 .debug_frame   0x00000da4      0x104 .\CortexM3\ARM_GCC_541\Debug\Proyecto_resistencias_calefactoras_estrella_abierta.a(DIS_2.o)
 .debug_frame   0x00000ea8       0xe0 .\CortexM3\ARM_GCC_541\Debug\Proyecto_resistencias_calefactoras_estrella_abierta.a(SPIM_IntClock.o)
 .debug_frame   0x00000f88       0xe0 .\CortexM3\ARM_GCC_541\Debug\Proyecto_resistencias_calefactoras_estrella_abierta.a(UART_IntClock.o)
 .debug_frame   0x00001068      0x738 .\CortexM3\ARM_GCC_541\Debug\Proyecto_resistencias_calefactoras_estrella_abierta.a(CyLib.o)
 .debug_frame   0x000017a0      0x1f8 .\CortexM3\ARM_GCC_541\Debug\Proyecto_resistencias_calefactoras_estrella_abierta.a(cyPm.o)
 .debug_frame   0x00001998      0x144 .\CortexM3\ARM_GCC_541\Debug\Proyecto_resistencias_calefactoras_estrella_abierta.a(Timer_0.o)
 .debug_frame   0x00001adc      0x104 .\CortexM3\ARM_GCC_541\Debug\Proyecto_resistencias_calefactoras_estrella_abierta.a(DIS_0.o)
 .debug_frame   0x00001be0      0x108 .\CortexM3\ARM_GCC_541\Debug\Proyecto_resistencias_calefactoras_estrella_abierta.a(Sampling.o)
 .debug_frame   0x00001ce8      0x104 .\CortexM3\ARM_GCC_541\Debug\Proyecto_resistencias_calefactoras_estrella_abierta.a(sensado.o)
 .debug_frame   0x00001dec      0x104 .\CortexM3\ARM_GCC_541\Debug\Proyecto_resistencias_calefactoras_estrella_abierta.a(interfaz.o)
 .debug_frame   0x00001ef0      0x194 .\CortexM3\ARM_GCC_541\Debug\Proyecto_resistencias_calefactoras_estrella_abierta.a(CyFlash.o)
 .debug_frame   0x00002084      0x180 .\CortexM3\ARM_GCC_541\Debug\Proyecto_resistencias_calefactoras_estrella_abierta.a(CySpc.o)
 .debug_frame   0x00002204       0x4c c:/program files (x86)/cypress/psoc creator/4.4/psoc creator/import/gnu/arm/5.4.1/bin/../lib/gcc/arm-none-eabi/5.4.1/../../../../arm-none-eabi/lib/armv7-m\libm.a(lib_a-w_pow.o)
 .debug_frame   0x00002250       0x4c c:/program files (x86)/cypress/psoc creator/4.4/psoc creator/import/gnu/arm/5.4.1/bin/../lib/gcc/arm-none-eabi/5.4.1/../../../../arm-none-eabi/lib/armv7-m\libm.a(lib_a-wf_pow.o)
 .debug_frame   0x0000229c       0x68 c:/program files (x86)/cypress/psoc creator/4.4/psoc creator/import/gnu/arm/5.4.1/bin/../lib/gcc/arm-none-eabi/5.4.1/../../../../arm-none-eabi/lib/armv7-m\libm.a(lib_a-e_pow.o)
 .debug_frame   0x00002304       0x30 c:/program files (x86)/cypress/psoc creator/4.4/psoc creator/import/gnu/arm/5.4.1/bin/../lib/gcc/arm-none-eabi/5.4.1/../../../../arm-none-eabi/lib/armv7-m\libm.a(lib_a-e_sqrt.o)
 .debug_frame   0x00002334       0x64 c:/program files (x86)/cypress/psoc creator/4.4/psoc creator/import/gnu/arm/5.4.1/bin/../lib/gcc/arm-none-eabi/5.4.1/../../../../arm-none-eabi/lib/armv7-m\libm.a(lib_a-ef_pow.o)
 .debug_frame   0x00002398       0x2c c:/program files (x86)/cypress/psoc creator/4.4/psoc creator/import/gnu/arm/5.4.1/bin/../lib/gcc/arm-none-eabi/5.4.1/../../../../arm-none-eabi/lib/armv7-m\libm.a(lib_a-ef_sqrt.o)
 .debug_frame   0x000023c4       0x20 c:/program files (x86)/cypress/psoc creator/4.4/psoc creator/import/gnu/arm/5.4.1/bin/../lib/gcc/arm-none-eabi/5.4.1/../../../../arm-none-eabi/lib/armv7-m\libm.a(lib_a-s_fabs.o)
 .debug_frame   0x000023e4       0x20 c:/program files (x86)/cypress/psoc creator/4.4/psoc creator/import/gnu/arm/5.4.1/bin/../lib/gcc/arm-none-eabi/5.4.1/../../../../arm-none-eabi/lib/armv7-m\libm.a(lib_a-s_finite.o)
 .debug_frame   0x00002404       0x20 c:/program files (x86)/cypress/psoc creator/4.4/psoc creator/import/gnu/arm/5.4.1/bin/../lib/gcc/arm-none-eabi/5.4.1/../../../../arm-none-eabi/lib/armv7-m\libm.a(lib_a-s_matherr.o)
 .debug_frame   0x00002424       0x20 c:/program files (x86)/cypress/psoc creator/4.4/psoc creator/import/gnu/arm/5.4.1/bin/../lib/gcc/arm-none-eabi/5.4.1/../../../../arm-none-eabi/lib/armv7-m\libm.a(lib_a-s_nan.o)
 .debug_frame   0x00002444       0x3c c:/program files (x86)/cypress/psoc creator/4.4/psoc creator/import/gnu/arm/5.4.1/bin/../lib/gcc/arm-none-eabi/5.4.1/../../../../arm-none-eabi/lib/armv7-m\libm.a(lib_a-s_rint.o)
 .debug_frame   0x00002480       0x30 c:/program files (x86)/cypress/psoc creator/4.4/psoc creator/import/gnu/arm/5.4.1/bin/../lib/gcc/arm-none-eabi/5.4.1/../../../../arm-none-eabi/lib/armv7-m\libm.a(lib_a-s_scalbn.o)
 .debug_frame   0x000024b0       0x20 c:/program files (x86)/cypress/psoc creator/4.4/psoc creator/import/gnu/arm/5.4.1/bin/../lib/gcc/arm-none-eabi/5.4.1/../../../../arm-none-eabi/lib/armv7-m\libm.a(lib_a-sf_fabs.o)
 .debug_frame   0x000024d0       0x20 c:/program files (x86)/cypress/psoc creator/4.4/psoc creator/import/gnu/arm/5.4.1/bin/../lib/gcc/arm-none-eabi/5.4.1/../../../../arm-none-eabi/lib/armv7-m\libm.a(lib_a-sf_finite.o)
 .debug_frame   0x000024f0       0x20 c:/program files (x86)/cypress/psoc creator/4.4/psoc creator/import/gnu/arm/5.4.1/bin/../lib/gcc/arm-none-eabi/5.4.1/../../../../arm-none-eabi/lib/armv7-m\libm.a(lib_a-sf_nan.o)
 .debug_frame   0x00002510       0x2c c:/program files (x86)/cypress/psoc creator/4.4/psoc creator/import/gnu/arm/5.4.1/bin/../lib/gcc/arm-none-eabi/5.4.1/../../../../arm-none-eabi/lib/armv7-m\libm.a(lib_a-sf_scalbn.o)
 .debug_frame   0x0000253c       0x20 c:/program files (x86)/cypress/psoc creator/4.4/psoc creator/import/gnu/arm/5.4.1/bin/../lib/gcc/arm-none-eabi/5.4.1/../../../../arm-none-eabi/lib/armv7-m\libm.a(lib_a-s_copysign.o)
 .debug_frame   0x0000255c       0x20 c:/program files (x86)/cypress/psoc creator/4.4/psoc creator/import/gnu/arm/5.4.1/bin/../lib/gcc/arm-none-eabi/5.4.1/../../../../arm-none-eabi/lib/armv7-m\libm.a(lib_a-sf_copysign.o)
 .debug_frame   0x0000257c       0x20 c:/program files (x86)/cypress/psoc creator/4.4/psoc creator/import/gnu/arm/5.4.1/bin/../lib/gcc/arm-none-eabi/5.4.1/../../../../arm-none-eabi/lib/armv7-m\libg_nano.a(lib_a-errno.o)
 .debug_frame   0x0000259c       0x28 c:/program files (x86)/cypress/psoc creator/4.4/psoc creator/import/gnu/arm/5.4.1/bin/../lib/gcc/arm-none-eabi/5.4.1/../../../../arm-none-eabi/lib/armv7-m\libg_nano.a(lib_a-exit.o)
 .debug_frame   0x000025c4       0x2c c:/program files (x86)/cypress/psoc creator/4.4/psoc creator/import/gnu/arm/5.4.1/bin/../lib/gcc/arm-none-eabi/5.4.1/../../../../arm-none-eabi/lib/armv7-m\libg_nano.a(lib_a-init.o)
 .debug_frame   0x000025f0       0x28 c:/program files (x86)/cypress/psoc creator/4.4/psoc creator/import/gnu/arm/5.4.1/bin/../lib/gcc/arm-none-eabi/5.4.1/../../../../arm-none-eabi/lib/armv7-m\libg_nano.a(lib_a-memcpy-stub.o)
 .debug_frame   0x00002618       0x20 c:/program files (x86)/cypress/psoc creator/4.4/psoc creator/import/gnu/arm/5.4.1/bin/../lib/gcc/arm-none-eabi/5.4.1/../../../../arm-none-eabi/lib/armv7-m\libg_nano.a(lib_a-memset.o)
 .debug_frame   0x00002638       0x70 c:/program files (x86)/cypress/psoc creator/4.4/psoc creator/import/gnu/arm/5.4.1/bin/../lib/gcc/arm-none-eabi/5.4.1/../../../../arm-none-eabi/lib/armv7-m\libg_nano.a(lib_a-sprintf.o)
 .debug_frame   0x000026a8       0x20 c:/program files (x86)/cypress/psoc creator/4.4/psoc creator/import/gnu/arm/5.4.1/bin/../lib/gcc/arm-none-eabi/5.4.1/../../../../arm-none-eabi/lib/armv7-m\libg_nano.a(lib_a-strchr.o)
 .debug_frame   0x000026c8       0x90 c:/program files (x86)/cypress/psoc creator/4.4/psoc creator/import/gnu/arm/5.4.1/bin/../lib/gcc/arm-none-eabi/5.4.1/../../../../arm-none-eabi/lib/armv7-m\libg_nano.a(lib_a-nano-svfprintf.o)
 .debug_frame   0x00002758       0x60 c:/program files (x86)/cypress/psoc creator/4.4/psoc creator/import/gnu/arm/5.4.1/bin/../lib/gcc/arm-none-eabi/5.4.1/../../../../arm-none-eabi/lib/armv7-m\libg_nano.a(lib_a-nano-vfprintf_i.o)
 .debug_frame   0x000027b8       0x28 c:/program files (x86)/cypress/psoc creator/4.4/psoc creator/import/gnu/arm/5.4.1/bin/../lib/gcc/arm-none-eabi/5.4.1/../../../../arm-none-eabi/lib/armv7-m\libg_nano.a(lib_a-memchr-stub.o)
 .debug_frame   0x000027e0       0x28 c:/program files (x86)/cypress/psoc creator/4.4/psoc creator/import/gnu/arm/5.4.1/bin/../lib/gcc/arm-none-eabi/5.4.1/../../../../arm-none-eabi/lib/armv7-m\libg_nano.a(lib_a-memmove.o)
 .debug_frame   0x00002808       0x38 c:/program files (x86)/cypress/psoc creator/4.4/psoc creator/import/gnu/arm/5.4.1/bin/../lib/gcc/arm-none-eabi/5.4.1/../../../../arm-none-eabi/lib/armv7-m\libg_nano.a(lib_a-nano-freer.o)
 .debug_frame   0x00002840       0x2c c:/program files (x86)/cypress/psoc creator/4.4/psoc creator/import/gnu/arm/5.4.1/bin/../lib/gcc/arm-none-eabi/5.4.1/../../../../arm-none-eabi/lib/armv7-m\libg_nano.a(lib_a-nano-mallocr.o)
 .debug_frame   0x0000286c       0x3c c:/program files (x86)/cypress/psoc creator/4.4/psoc creator/import/gnu/arm/5.4.1/bin/../lib/gcc/arm-none-eabi/5.4.1/../../../../arm-none-eabi/lib/armv7-m\libg_nano.a(lib_a-nano-reallocr.o)
 .debug_frame   0x000028a8       0x2c c:/program files (x86)/cypress/psoc creator/4.4/psoc creator/import/gnu/arm/5.4.1/bin/../lib/gcc/arm-none-eabi/5.4.1/../../../../arm-none-eabi/lib/armv7-m\libg_nano.a(lib_a-sbrkr.o)
 .debug_frame   0x000028d4       0x30 c:/program files (x86)/cypress/psoc creator/4.4/psoc creator/import/gnu/arm/5.4.1/bin/../lib/gcc/arm-none-eabi/5.4.1/../../../../arm-none-eabi/lib/armv7-m\libg_nano.a(lib_a-mlock.o)
 .debug_frame   0x00002904       0x20 c:/program files (x86)/cypress/psoc creator/4.4/psoc creator/import/gnu/arm/5.4.1/bin/../lib/gcc/arm-none-eabi/5.4.1/../../../../arm-none-eabi/lib/armv7-m\libg_nano.a(lib_a-nano-msizer.o)
 .debug_frame   0x00002924       0x5c c:/program files (x86)/cypress/psoc creator/4.4/psoc creator/import/gnu/arm/5.4.1/bin/../lib/gcc/arm-none-eabi/5.4.1/../../../../arm-none-eabi/lib/armv7-m\libg_nano.a(lib_a-reent.o)

.debug_str      0x00000000     0x2c58
 *(.debug_str)
 .debug_str     0x00000000      0x556 .\CortexM3\ARM_GCC_541\Debug\main.o
                                0x5cd (size before relaxing)
 .debug_str     0x00000556       0x54 .\CortexM3\ARM_GCC_541\Debug\MAX6675_.o
                                0x298 (size before relaxing)
 .debug_str     0x000005aa       0x67 .\CortexM3\ARM_GCC_541\Debug\LIB_psoc.o
                                0x1a5 (size before relaxing)
 .debug_str     0x00000611      0x189 .\CortexM3\ARM_GCC_541\Debug\PSOC_LDC.o
                                0x350 (size before relaxing)
 .debug_str     0x0000079a       0x50 .\CortexM3\ARM_GCC_541\Debug\PID.o
                                0x1e8 (size before relaxing)
 .debug_str     0x000007ea       0x40 .\CortexM3\ARM_GCC_541\Debug\filtros.o
                                0x246 (size before relaxing)
 .debug_str     0x0000082a      0x1bc .\CortexM3\ARM_GCC_541\Debug\cyfitter_cfg.o
                                0x377 (size before relaxing)
 .debug_str     0x000009e6       0x75 .\CortexM3\ARM_GCC_541\Debug\cymetadata.o
                                0x211 (size before relaxing)
 .debug_str     0x00000a5b      0x13e .\CortexM3\ARM_GCC_541\Debug\Cm3Start.o
                                0x337 (size before relaxing)
 .debug_str     0x00000b99      0x255 .\CortexM3\ARM_GCC_541\Debug\Proyecto_resistencias_calefactoras_estrella_abierta.a(SPIM.o)
                                0x446 (size before relaxing)
 .debug_str     0x00000dee       0x2e .\CortexM3\ARM_GCC_541\Debug\Proyecto_resistencias_calefactoras_estrella_abierta.a(LCD.o)
                                0x1d6 (size before relaxing)
 .debug_str     0x00000e1c      0x361 .\CortexM3\ARM_GCC_541\Debug\Proyecto_resistencias_calefactoras_estrella_abierta.a(UART.o)
                                0x5f7 (size before relaxing)
 .debug_str     0x0000117d       0x5e .\CortexM3\ARM_GCC_541\Debug\Proyecto_resistencias_calefactoras_estrella_abierta.a(UART_INT.o)
                                0x2e0 (size before relaxing)
 .debug_str     0x000011db       0x26 .\CortexM3\ARM_GCC_541\Debug\Proyecto_resistencias_calefactoras_estrella_abierta.a(DISPARADORES.o)
                                0x1f1 (size before relaxing)
 .debug_str     0x00001201      0x1a2 .\CortexM3\ARM_GCC_541\Debug\Proyecto_resistencias_calefactoras_estrella_abierta.a(Timer_1.o)
                                0x3ac (size before relaxing)
 .debug_str     0x000013a3       0xdd .\CortexM3\ARM_GCC_541\Debug\Proyecto_resistencias_calefactoras_estrella_abierta.a(DIS_1.o)
                                0x2d3 (size before relaxing)
 .debug_str     0x00001480      0x185 .\CortexM3\ARM_GCC_541\Debug\Proyecto_resistencias_calefactoras_estrella_abierta.a(Timer_2.o)
                                0x3ac (size before relaxing)
 .debug_str     0x00001605       0xc5 .\CortexM3\ARM_GCC_541\Debug\Proyecto_resistencias_calefactoras_estrella_abierta.a(DIS_2.o)
                                0x2d3 (size before relaxing)
 .debug_str     0x000016ca      0x189 .\CortexM3\ARM_GCC_541\Debug\Proyecto_resistencias_calefactoras_estrella_abierta.a(SPIM_IntClock.o)
                                0x363 (size before relaxing)
 .debug_str     0x00001853      0x138 .\CortexM3\ARM_GCC_541\Debug\Proyecto_resistencias_calefactoras_estrella_abierta.a(UART_IntClock.o)
                                0x363 (size before relaxing)
 .debug_str     0x0000198b      0x7af .\CortexM3\ARM_GCC_541\Debug\Proyecto_resistencias_calefactoras_estrella_abierta.a(CyLib.o)
                                0xa74 (size before relaxing)
 .debug_str     0x0000213a      0x365 .\CortexM3\ARM_GCC_541\Debug\Proyecto_resistencias_calefactoras_estrella_abierta.a(cyPm.o)
                                0x760 (size before relaxing)
 .debug_str     0x0000249f      0x185 .\CortexM3\ARM_GCC_541\Debug\Proyecto_resistencias_calefactoras_estrella_abierta.a(Timer_0.o)
                                0x3ac (size before relaxing)
 .debug_str     0x00002624       0xc5 .\CortexM3\ARM_GCC_541\Debug\Proyecto_resistencias_calefactoras_estrella_abierta.a(DIS_0.o)
                                0x2d3 (size before relaxing)
 .debug_str     0x000026e9      0x149 .\CortexM3\ARM_GCC_541\Debug\Proyecto_resistencias_calefactoras_estrella_abierta.a(Sampling.o)
                                0x352 (size before relaxing)
 .debug_str     0x00002832       0xdd .\CortexM3\ARM_GCC_541\Debug\Proyecto_resistencias_calefactoras_estrella_abierta.a(sensado.o)
                                0x2ef (size before relaxing)
 .debug_str     0x0000290f       0xe9 .\CortexM3\ARM_GCC_541\Debug\Proyecto_resistencias_calefactoras_estrella_abierta.a(interfaz.o)
                                0x2fd (size before relaxing)
 .debug_str     0x000029f8      0x1b4 .\CortexM3\ARM_GCC_541\Debug\Proyecto_resistencias_calefactoras_estrella_abierta.a(CyFlash.o)
                                0x3ed (size before relaxing)
 .debug_str     0x00002bac       0xac .\CortexM3\ARM_GCC_541\Debug\Proyecto_resistencias_calefactoras_estrella_abierta.a(CySpc.o)
                                0x365 (size before relaxing)

.debug_loc      0x00000000     0x2bb4
 *(.debug_loc)
 .debug_loc     0x00000000      0x21a .\CortexM3\ARM_GCC_541\Debug\main.o
 .debug_loc     0x0000021a       0x2c .\CortexM3\ARM_GCC_541\Debug\MAX6675_.o
 .debug_loc     0x00000246      0x130 .\CortexM3\ARM_GCC_541\Debug\LIB_psoc.o
 .debug_loc     0x00000376      0x32b .\CortexM3\ARM_GCC_541\Debug\PSOC_LDC.o
 .debug_loc     0x000006a1       0xa6 .\CortexM3\ARM_GCC_541\Debug\PID.o
 .debug_loc     0x00000747       0x72 .\CortexM3\ARM_GCC_541\Debug\filtros.o
 .debug_loc     0x000007b9      0x259 .\CortexM3\ARM_GCC_541\Debug\cyfitter_cfg.o
 .debug_loc     0x00000a12      0x144 .\CortexM3\ARM_GCC_541\Debug\Cm3Start.o