Archive member included to satisfy reference by file (symbol)

.\CortexM3\ARM_GCC_541\Debug\PID_anticolision.a(PWM.o)
                              .\CortexM3\ARM_GCC_541\Debug\main.o (PWM_WriteCompare)
.\CortexM3\ARM_GCC_541\Debug\PID_anticolision.a(CyLib.o)
                              .\CortexM3\ARM_GCC_541\Debug\Cm3Start.o (CyHalt)
.\CortexM3\ARM_GCC_541\Debug\PID_anticolision.a(cyPm.o)
                              .\CortexM3\ARM_GCC_541\Debug\PID_anticolision.a(CyLib.o) (CyPmReadStatus)
.\CortexM3\ARM_GCC_541\Debug\PID_anticolision.a(Sampling.o)
                              .\CortexM3\ARM_GCC_541\Debug\main.o (Sampling_WritePeriod)
.\CortexM3\ARM_GCC_541\Debug\PID_anticolision.a(sensado.o)
                              .\CortexM3\ARM_GCC_541\Debug\main.o (sensado_StartEx)
.\CortexM3\ARM_GCC_541\Debug\PID_anticolision.a(ADC.o)
                              .\CortexM3\ARM_GCC_541\Debug\main.o (ADC_Start)
.\CortexM3\ARM_GCC_541\Debug\PID_anticolision.a(ADC_INT.o)
                              .\CortexM3\ARM_GCC_541\Debug\PID_anticolision.a(ADC.o) (ADC_ISR)
.\CortexM3\ARM_GCC_541\Debug\PID_anticolision.a(UART.o)
                              .\CortexM3\ARM_GCC_541\Debug\main.o (UART_GetByte)
.\CortexM3\ARM_GCC_541\Debug\PID_anticolision.a(UART_INT.o)
                              .\CortexM3\ARM_GCC_541\Debug\PID_anticolision.a(UART.o) (UART_RXISR)
.\CortexM3\ARM_GCC_541\Debug\PID_anticolision.a(interfaz.o)
                              .\CortexM3\ARM_GCC_541\Debug\main.o (interfaz_StartEx)
.\CortexM3\ARM_GCC_541\Debug\PID_anticolision.a(ADC_theACLK.o)
                              .\CortexM3\ARM_GCC_541\Debug\PID_anticolision.a(ADC.o) (ADC_theACLK_SetModeRegister)
.\CortexM3\ARM_GCC_541\Debug\PID_anticolision.a(UART_IntClock.o)
                              .\CortexM3\ARM_GCC_541\Debug\PID_anticolision.a(UART.o) (UART_IntClock_Start)
.\CortexM3\ARM_GCC_541\Debug\PID_anticolision.a(CyBootAsmGnu.o)
                              .\CortexM3\ARM_GCC_541\Debug\cyfitter_cfg.o (CyDelayCycles)
.\CortexM3\ARM_GCC_541\Debug\PID_anticolision.a(CyFlash.o)
                              .\CortexM3\ARM_GCC_541\Debug\PID_anticolision.a(cyPm.o) (CyFlash_SetWaitCycles)
.\CortexM3\ARM_GCC_541\Debug\PID_anticolision.a(CySpc.o)
                              .\CortexM3\ARM_GCC_541\Debug\PID_anticolision.a(CyFlash.o) (CySpcStart)
c:/program files (x86)/cypress/psoc creator/4.4/psoc creator/import/gnu/arm/5.4.1/bin/../lib/gcc/arm-none-eabi/5.4.1/../../../../arm-none-eabi/lib/armv7-m\libm.a(lib_a-w_pow.o)
                              .\CortexM3\ARM_GCC_541\Debug\main.o (pow)
c:/program files (x86)/cypress/psoc creator/4.4/psoc creator/import/gnu/arm/5.4.1/bin/../lib/gcc/arm-none-eabi/5.4.1/../../../../arm-none-eabi/lib/armv7-m\libm.a(lib_a-wf_pow.o)
                              .\CortexM3\ARM_GCC_541\Debug\main.o (powf)
c:/program files (x86)/cypress/psoc creator/4.4/psoc creator/import/gnu/arm/5.4.1/bin/../lib/gcc/arm-none-eabi/5.4.1/../../../../arm-none-eabi/lib/armv7-m\libm.a(lib_a-e_pow.o)
                              c:/program files (x86)/cypress/psoc creator/4.4/psoc creator/import/gnu/arm/5.4.1/bin/../lib/gcc/arm-none-eabi/5.4.1/../../../../arm-none-eabi/lib/armv7-m\libm.a(lib_a-w_pow.o) (__ieee754_pow)
c:/program files (x86)/cypress/psoc creator/4.4/psoc creator/import/gnu/arm/5.4.1/bin/../lib/gcc/arm-none-eabi/5.4.1/../../../../arm-none-eabi/lib/armv7-m\libm.a(lib_a-e_sqrt.o)
                              c:/program files (x86)/cypress/psoc creator/4.4/psoc creator/import/gnu/arm/5.4.1/bin/../lib/gcc/arm-none-eabi/5.4.1/../../../../arm-none-eabi/lib/armv7-m\libm.a(lib_a-e_pow.o) (__ieee754_sqrt)
c:/program files (x86)/cypress/psoc creator/4.4/psoc creator/import/gnu/arm/5.4.1/bin/../lib/gcc/arm-none-eabi/5.4.1/../../../../arm-none-eabi/lib/armv7-m\libm.a(lib_a-ef_pow.o)
                              c:/program files (x86)/cypress/psoc creator/4.4/psoc creator/import/gnu/arm/5.4.1/bin/../lib/gcc/arm-none-eabi/5.4.1/../../../../arm-none-eabi/lib/armv7-m\libm.a(lib_a-wf_pow.o) (__ieee754_powf)
c:/program files (x86)/cypress/psoc creator/4.4/psoc creator/import/gnu/arm/5.4.1/bin/../lib/gcc/arm-none-eabi/5.4.1/../../../../arm-none-eabi/lib/armv7-m\libm.a(lib_a-ef_sqrt.o)
                              c:/program files (x86)/cypress/psoc creator/4.4/psoc creator/import/gnu/arm/5.4.1/bin/../lib/gcc/arm-none-eabi/5.4.1/../../../../arm-none-eabi/lib/armv7-m\libm.a(lib_a-ef_pow.o) (__ieee754_sqrtf)
c:/program files (x86)/cypress/psoc creator/4.4/psoc creator/import/gnu/arm/5.4.1/bin/../lib/gcc/arm-none-eabi/5.4.1/../../../../arm-none-eabi/lib/armv7-m\libm.a(lib_a-s_fabs.o)
                              c:/program files (x86)/cypress/psoc creator/4.4/psoc creator/import/gnu/arm/5.4.1/bin/../lib/gcc/arm-none-eabi/5.4.1/../../../../arm-none-eabi/lib/armv7-m\libm.a(lib_a-e_pow.o) (fabs)
[...]
Memory Configuration

Name             Origin             Length             Attributes
rom              0x00000000         0x00040000         xr
ram              0x1fff8000         0x00010000         xrw
*default*        0x00000000         0xffffffff

Linker script and memory map

LOAD c:/program files (x86)/cypress/psoc creator/4.4/psoc creator/import/gnu/arm/5.4.1/bin/../lib/gcc/arm-none-eabi/5.4.1/armv7-m/crti.o
LOAD c:/program files (x86)/cypress/psoc creator/4.4/psoc creator/import/gnu/arm/5.4.1/bin/../lib/gcc/arm-none-eabi/5.4.1/armv7-m/crtbegin.o
LOAD c:/program files (x86)/cypress/psoc creator/4.4/psoc creator/import/gnu/arm/5.4.1/bin/../lib/gcc/arm-none-eabi/5.4.1/../../../../arm-none-eabi/lib/armv7-m/crt0.o
START GROUP
LOAD .\CortexM3\ARM_GCC_541\Debug\main.o
LOAD .\CortexM3\ARM_GCC_541\Debug\LIB_psoc.o
LOAD .\CortexM3\ARM_GCC_541\Debug\PID.o
LOAD .\CortexM3\ARM_GCC_541\Debug\filtros.o
LOAD .\CortexM3\ARM_GCC_541\Debug\cyfitter_cfg.o
LOAD .\CortexM3\ARM_GCC_541\Debug\cymetadata.o
LOAD .\CortexM3\ARM_GCC_541\Debug\Cm3Start.o
LOAD .\CortexM3\ARM_GCC_541\Debug\PID_anticolision.a
LOAD C:\Program Files (x86)\Cypress\PSoC Creator\4.4\PSoC Creator\psoc\content\cycomponentlibrary\CyComponentLibrary.cylib\CortexM3\ARM_GCC_541\Debug\CyComponentLibrary.a
LOAD c:/program files (x86)/cypress/psoc creator/4.4/psoc creator/import/gnu/arm/5.4.1/bin/../lib/gcc/arm-none-eabi/5.4.1/../../../../arm-none-eabi/lib/armv7-m\libm.a
END GROUP
START GROUP
LOAD c:/program files (x86)/cypress/psoc creator/4.4/psoc creator/import/gnu/arm/5.4.1/bin/../lib/gcc/arm-none-eabi/5.4.1/armv7-m\libgcc.a
LOAD c:/program files (x86)/cypress/psoc creator/4.4/psoc creator/import/gnu/arm/5.4.1/bin/../lib/gcc/arm-none-eabi/5.4.1/../../../../arm-none-eabi/lib/armv7-m\libg_nano.a
LOAD c:/program files (x86)/cypress/psoc creator/4.4/psoc creator/import/gnu/arm/5.4.1/bin/../lib/gcc/arm-none-eabi/5.4.1/../../../../arm-none-eabi/lib/armv7-m\libc_nano.a
END GROUP
START GROUP
LOAD c:/program files (x86)/cypress/psoc creator/4.4/psoc creator/import/gnu/arm/5.4.1/bin/../lib/gcc/arm-none-eabi/5.4.1/armv7-m\libgcc.a
LOAD c:/program files (x86)/cypress/psoc creator/4.4/psoc creator/import/gnu/arm/5.4.1/bin/../lib/gcc/arm-none-eabi/5.4.1/../../../../arm-none-eabi/lib/armv7-m\libc_nano.a
END GROUP
LOAD c:/program files (x86)/cypress/psoc creator/4.4/psoc creator/import/gnu/arm/5.4.1/bin/../lib/gcc/arm-none-eabi/5.4.1/armv7-m/crtend.o
LOAD c:/program files (x86)/cypress/psoc creator/4.4/psoc creator/import/gnu/arm/5.4.1/bin/../lib/gcc/arm-none-eabi/5.4.1/armv7-m/crtn.o
START GROUP
LOAD c:/program files (x86)/cypress/psoc creator/4.4/psoc creator/import/gnu/arm/5.4.1/bin/../lib/gcc/arm-none-eabi/5.4.1/armv7-m\libgcc.a
LOAD c:/program files (x86)/cypress/psoc creator/4.4/psoc creator/import/gnu/arm/5.4.1/bin/../lib/gcc/arm-none-eabi/5.4.1/../../../../arm-none-eabi/lib/armv7-m\libc.a
LOAD c:/program files (x86)/cypress/psoc creator/4.4/psoc creator/import/gnu/arm/5.4.1/bin/../lib/gcc/arm-none-eabi/5.4.1/../../../../arm-none-eabi/lib/armv7-m\libnosys.a
END GROUP
                0x00000000                CY_APPL_ORIGIN = 0x0
                0x00000100                CY_FLASH_ROW_SIZE = 0x100
                0x00000020                CY_ECC_ROW_SIZE = 0x20
                0x00000000                CY_EE_IN_BTLDR = 0x0
                0x00000000                CY_APPL_LOADABLE = 0x0
                0x00000800                CY_EE_SIZE = 0x800
                0x00000001                CY_APPL_NUM = 0x1
                0x00000001                CY_APPL_MAX = 0x1
                0x00000040                CY_METADATA_SIZE = 0x40
                0x00000000                CY_APPL_LOADABLE = 0x0
                0x00000000                CY_CHECKSUM_EXCLUDE_SIZE = ALIGN (0x0, CY_FLASH_ROW_SIZE)
                [!provide]                PROVIDE (__cy_heap_start, _end)
                0x00000001                PROVIDE (__cy_region_num, ((__cy_regions_end - __cy_regions) / 0x10))
                0x20008000                PROVIDE (__cy_stack, (ORIGIN (ram) + LENGTH (ram)))
                [!provide]                PROVIDE (__cy_heap_end, (__cy_stack - 0x800))

.cybootloader   0x00000000        0x0
 *(.cybootloader)
                0x00000000                appl1_start = CY_APPL_ORIGIN?CY_APPL_ORIGIN:ALIGN (CY_FLASH_ROW_SIZE)
                0x0001ff00                appl2_start = (appl1_start + ALIGN ((((LENGTH (rom) - appl1_start) - (0x2 * CY_FLASH_ROW_SIZE)) / 0x2), CY_FLASH_ROW_SIZE))
                0x00000000                appl_start = (CY_APPL_NUM == 0x1)?appl1_start:appl2_start
                0x00000000                ecc_offset = ((appl_start / CY_FLASH_ROW_SIZE) * CY_ECC_ROW_SIZE)
                0x00000000                ee_offset = (CY_APPL_LOADABLE && ! (CY_EE_IN_BTLDR))?((CY_EE_SIZE / CY_APPL_MAX) * (CY_APPL_NUM - 0x1)):0x0
                0x00000800                ee_size = (CY_APPL_LOADABLE && ! (CY_EE_IN_BTLDR))?(CY_EE_SIZE / CY_APPL_MAX):CY_EE_SIZE
                [!provide]                PROVIDE (CY_ECC_OFFSET, ecc_offset)

.text           0x00000000     0x4888
 CREATE_OBJECT_SYMBOLS
                0x00000000                PROVIDE (__cy_interrupt_vector, RomVectors)
 *(.romvectors)
 .romvectors    0x00000000       0x10 .\CortexM3\ARM_GCC_541\Debug\Cm3Start.o
                0x00000000                RomVectors
                0x00000001                ASSERT ((. != __cy_interrupt_vector), No interrupt vector)
                0x00000001                ASSERT (CY_APPL_ORIGIN?(SIZEOF (.cybootloader) <= CY_APPL_ORIGIN):0x1, Wrong image location)
                0x00000010                PROVIDE (__cy_reset, Reset)
 *(.text.Reset)
 .text.Reset    0x00000010       0x18 .\CortexM3\ARM_GCC_541\Debug\Cm3Start.o
                0x00000010                Reset
                0x00000001                ASSERT ((. != __cy_reset), No reset code)
 *(.dma_init)
                0x00000001                ASSERT ((((appl_start + .) <= 0x10000) || 0x1), DMA Init must be within the first 64k of flash)
 *(.text .text.* .gnu.linkonce.t.*)
 .text          0x00000028       0x5c c:/program files (x86)/cypress/psoc creator/4.4/psoc creator/import/gnu/arm/5.4.1/bin/../lib/gcc/arm-none-eabi/5.4.1/armv7-m/crtbegin.o
 .text.sensado  0x00000084       0x14 .\CortexM3\ARM_GCC_541\Debug\main.o
                0x00000084                sensado
 .text.interfaz
                0x00000098       0x14 .\CortexM3\ARM_GCC_541\Debug\main.o
                0x00000098                interfaz
 .text.main     0x000000ac      0x410 .\CortexM3\ARM_GCC_541\Debug\main.o
                0x000000ac                main
 .text.PIDController_Init
                0x000004bc       0x10 .\CortexM3\ARM_GCC_541\Debug\PID.o
                0x000004bc                PIDController_Init
 .text.PIDController_Update
                0x000004cc      0x108 .\CortexM3\ARM_GCC_541\Debug\PID.o
                0x000004cc                PIDController_Update
 .text.inicializarPromediadorMovil
                0x000005d4       0x18 .\CortexM3\ARM_GCC_541\Debug\filtros.o
                0x000005d4                inicializarPromediadorMovil
 .text.agregarValor
                0x000005ec       0x38 .\CortexM3\ARM_GCC_541\Debug\filtros.o
                0x000005ec                agregarValor
 .text.obtenerPromedioMovil
                0x00000624       0x10 .\CortexM3\ARM_GCC_541\Debug\filtros.o
                0x00000624                obtenerPromedioMovil
 .text.CyClockStartupError
                0x00000634        0x4 .\CortexM3\ARM_GCC_541\Debug\cyfitter_cfg.o
 .text.cfg_write_bytes32
                0x00000638       0x34 .\CortexM3\ARM_GCC_541\Debug\cyfitter_cfg.o
 .text.CYMEMZERO
                0x0000066c        0xc .\CortexM3\ARM_GCC_541\Debug\cyfitter_cfg.o
 .text.AnalogSetDefault
                0x00000678       0x80 .\CortexM3\ARM_GCC_541\Debug\cyfitter_cfg.o
 .text.CYCONFIGCPY
                0x000006f8        0x8 .\CortexM3\ARM_GCC_541\Debug\cyfitter_cfg.o
 .text.ClockSetup
                0x00000700       0xfc .\CortexM3\ARM_GCC_541\Debug\cyfitter_cfg.o
 .text.cyfitter_cfg
                0x000007fc      0x100 .\CortexM3\ARM_GCC_541\Debug\cyfitter_cfg.o
                0x000007fc                cyfitter_cfg
 .text.IntDefaultHandler
                0x000008fc       0x10 .\CortexM3\ARM_GCC_541\Debug\Cm3Start.o
                0x000008fc                IntDefaultHandler
 .text._sbrk    0x0000090c       0x30 .\CortexM3\ARM_GCC_541\Debug\Cm3Start.o
                0x0000090c                _sbrk
 .text.Start_c  0x0000093c       0x4c .\CortexM3\ARM_GCC_541\Debug\Cm3Start.o
                0x0000093c                Start_c
 .text.initialize_psoc
                0x00000988       0x68 .\CortexM3\ARM_GCC_541\Debug\Cm3Start.o
                0x00000988                initialize_psoc
 .text.PWM_Enable
                0x000009f0       0x28 .\CortexM3\ARM_GCC_541\Debug\PID_anticolision.a(PWM.o)
                0x000009f0                PWM_Enable
 .text.PWM_WritePeriod
                0x00000a18        0xc .\CortexM3\ARM_GCC_541\Debug\PID_anticolision.a(PWM.o)
                0x00000a18                PWM_WritePeriod
 .text.PWM_WriteCompare
                0x00000a24        0xc .\CortexM3\ARM_GCC_541\Debug\PID_anticolision.a(PWM.o)
                0x00000a24                PWM_WriteCompare
 .text.PWM_SetInterruptMode
                0x00000a30        0xc .\CortexM3\ARM_GCC_541\Debug\PID_anticolision.a(PWM.o)
                0x00000a30                PWM_SetInterruptMode
 .text.PWM_Init
                0x00000a3c       0x74 .\CortexM3\ARM_GCC_541\Debug\PID_anticolision.a(PWM.o)
                0x00000a3c                PWM_Init
 .text.PWM_Start
                0x00000ab0       0x1c .\CortexM3\ARM_GCC_541\Debug\PID_anticolision.a(PWM.o)
                0x00000ab0                PWM_Start
 .text.CyHalt   0x00000acc        0x4 .\CortexM3\ARM_GCC_541\Debug\PID_anticolision.a(CyLib.o)
                0x00000acc                CyHalt
 .text.CyDelayUs
                0x00000ad0       0x14 .\CortexM3\ARM_GCC_541\Debug\PID_anticolision.a(CyLib.o)
                0x00000ad0                CyDelayUs
 .text.CyIntSetVector
                0x00000ae4       0x28 .\CortexM3\ARM_GCC_541\Debug\PID_anticolision.a(CyLib.o)
                0x00000ae4                CyIntSetVector
 .text.CyIntSetPriority
                0x00000b0c       0x30 .\CortexM3\ARM_GCC_541\Debug\PID_anticolision.a(CyLib.o)
                0x00000b0c                CyIntSetPriority
 .text.Sampling_Enable
                0x00000b3c       0x28 .\CortexM3\ARM_GCC_541\Debug\PID_anticolision.a(Sampling.o)
                0x00000b3c                Sampling_Enable
 .text.Sampling_SetInterruptMode
                0x00000b64        0xc .\CortexM3\ARM_GCC_541\Debug\PID_anticolision.a(Sampling.o)
                0x00000b64                Sampling_SetInterruptMode
 .text.Sampling_WritePeriod
                0x00000b70        0xc .\CortexM3\ARM_GCC_541\Debug\PID_anticolision.a(Sampling.o)
                0x00000b70                Sampling_WritePeriod
 .text.Sampling_WriteCounter
                0x00000b7c        0xc .\CortexM3\ARM_GCC_541\Debug\PID_anticolision.a(Sampling.o)
                0x00000b7c                Sampling_WriteCounter
 .text.Sampling_Init
                0x00000b88       0x64 .\CortexM3\ARM_GCC_541\Debug\PID_anticolision.a(Sampling.o)
                0x00000b88                Sampling_Init
 .text.Sampling_Start
                0x00000bec       0x1c .\CortexM3\ARM_GCC_541\Debug\PID_anticolision.a(Sampling.o)
                0x00000bec                Sampling_Start
 .text.sensado_SetVector
                0x00000c08        0xc .\CortexM3\ARM_GCC_541\Debug\PID_anticolision.a(sensado.o)
                0x00000c08                sensado_SetVector
 .text.sensado_SetPriority
                0x00000c14       0x10 .\CortexM3\ARM_GCC_541\Debug\PID_anticolision.a(sensado.o)
                0x00000c14                sensado_SetPriority
 .text.sensado_Enable
                0x00000c24        0xc .\CortexM3\ARM_GCC_541\Debug\PID_anticolision.a(sensado.o)
                0x00000c24                sensado_Enable
 .text.sensado_Disable
                0x00000c30        0xc .\CortexM3\ARM_GCC_541\Debug\PID_anticolision.a(sensado.o)
                0x00000c30                sensado_Disable
 .text.sensado_StartEx
                0x00000c3c       0x1c .\CortexM3\ARM_GCC_541\Debug\PID_anticolision.a(sensado.o)
                0x00000c3c                sensado_StartEx
 .text.sensado_ClearPending
                0x00000c58        0xc .\CortexM3\ARM_GCC_541\Debug\PID_anticolision.a(sensado.o)
                0x00000c58                sensado_ClearPending
 .text.ADC_CalcGain
                0x00000c64       0x64 .\CortexM3\ARM_GCC_541\Debug\PID_anticolision.a(ADC.o)
 .text.ADC_Enable
                0x00000cc8       0x94 .\CortexM3\ARM_GCC_541\Debug\PID_anticolision.a(ADC.o)
                0x00000cc8                ADC_Enable
 .text.ADC_SetResolution
                0x00000d5c       0x38 .\CortexM3\ARM_GCC_541\Debug\PID_anticolision.a(ADC.o)
                0x00000d5c                ADC_SetResolution
 .text.ADC_Init
                0x00000d94       0x3c .\CortexM3\ARM_GCC_541\Debug\PID_anticolision.a(ADC.o)
                0x00000d94                ADC_Init
 .text.ADC_Start
                0x00000dd0       0x1c .\CortexM3\ARM_GCC_541\Debug\PID_anticolision.a(ADC.o)
                0x00000dd0                ADC_Start
 .text.ADC_StartConvert
                0x00000dec       0x10 .\CortexM3\ARM_GCC_541\Debug\PID_anticolision.a(ADC.o)
                0x00000dec                ADC_StartConvert
 .text.ADC_GetResult16
                0x00000dfc       0x18 .\CortexM3\ARM_GCC_541\Debug\PID_anticolision.a(ADC.o)
                0x00000dfc                ADC_GetResult16
 .text.ADC_ISR  0x00000e14        0x4 .\CortexM3\ARM_GCC_541\Debug\PID_anticolision.a(ADC_INT.o)
                0x00000e14                ADC_ISR
 .text.UART_Enable
                0x00000e18       0x5c .\CortexM3\ARM_GCC_541\Debug\PID_anticolision.a(UART.o)
                0x00000e18                UART_Enable
 .text.UART_ReadRxData
                0x00000e74       0x64 .\CortexM3\ARM_GCC_541\Debug\PID_anticolision.a(UART.o)
                0x00000e74                UART_ReadRxData
 .text.UART_GetByte
                0x00000ed8       0x2c .\CortexM3\ARM_GCC_541\Debug\PID_anticolision.a(UART.o)
                0x00000ed8                UART_GetByte
 .text.UART_ClearRxBuffer
                0x00000f04       0x44 .\CortexM3\ARM_GCC_541\Debug\PID_anticolision.a(UART.o)
                0x00000f04                UART_ClearRxBuffer
 .text.UART_SetRxAddressMode
                0x00000f48       0x28 .\CortexM3\ARM_GCC_541\Debug\PID_anticolision.a(UART.o)
                0x00000f48                UART_SetRxAddressMode
 .text.UART_SetRxAddress1
                0x00000f70        0xc .\CortexM3\ARM_GCC_541\Debug\PID_anticolision.a(UART.o)
                0x00000f70                UART_SetRxAddress1
 .text.UART_SetRxAddress2
                0x00000f7c        0xc .\CortexM3\ARM_GCC_541\Debug\PID_anticolision.a(UART.o)
                0x00000f7c                UART_SetRxAddress2
 .text.UART_Init
                0x00000f88       0x70 .\CortexM3\ARM_GCC_541\Debug\PID_anticolision.a(UART.o)
                0x00000f88                UART_Init
 .text.UART_Start
                0x00000ff8       0x1c .\CortexM3\ARM_GCC_541\Debug\PID_anticolision.a(UART.o)
                0x00000ff8                UART_Start
 .text.UART_PutChar
                0x00001014       0x70 .\CortexM3\ARM_GCC_541\Debug\PID_anticolision.a(UART.o)
                0x00001014                UART_PutChar
 .text.UART_PutString
                0x00001084       0x24 .\CortexM3\ARM_GCC_541\Debug\PID_anticolision.a(UART.o)
                0x00001084                UART_PutString
 .text.UART_ClearTxBuffer
                0x000010a8       0x40 .\CortexM3\ARM_GCC_541\Debug\PID_anticolision.a(UART.o)
                0x000010a8                UART_ClearTxBuffer
 .text.UART_RXISR
                0x000010e8       0xe8 .\CortexM3\ARM_GCC_541\Debug\PID_anticolision.a(UART_INT.o)
                0x000010e8                UART_RXISR
 .text.UART_TXISR
                0x000011d0       0x58 .\CortexM3\ARM_GCC_541\Debug\PID_anticolision.a(UART_INT.o)
                0x000011d0                UART_TXISR
 .text.interfaz_SetVector
                0x00001228        0xc .\CortexM3\ARM_GCC_541\Debug\PID_anticolision.a(interfaz.o)
                0x00001228                interfaz_SetVector
 .text.interfaz_SetPriority
                0x00001234       0x10 .\CortexM3\ARM_GCC_541\Debug\PID_anticolision.a(interfaz.o)
                0x00001234                interfaz_SetPriority
 .text.interfaz_Enable
                0x00001244        0xc .\CortexM3\ARM_GCC_541\Debug\PID_anticolision.a(interfaz.o)
                0x00001244                interfaz_Enable
 .text.interfaz_Disable
                0x00001250        0xc .\CortexM3\ARM_GCC_541\Debug\PID_anticolision.a(interfaz.o)
                0x00001250                interfaz_Disable
 .text.interfaz_StartEx
                0x0000125c       0x1c .\CortexM3\ARM_GCC_541\Debug\PID_anticolision.a(interfaz.o)
                0x0000125c                interfaz_StartEx
 .text.interfaz_ClearPending
                0x00001278        0xc .\CortexM3\ARM_GCC_541\Debug\PID_anticolision.a(interfaz.o)
                0x00001278                interfaz_ClearPending
 .text.ADC_theACLK_SetModeRegister
                0x00001284       0x14 .\CortexM3\ARM_GCC_541\Debug\PID_anticolision.a(ADC_theACLK.o)
                0x00001284                ADC_theACLK_SetModeRegister
 .text.UART_IntClock_Start
                0x00001298       0x1c .\CortexM3\ARM_GCC_541\Debug\PID_anticolision.a(UART_IntClock.o)
                0x00001298                UART_IntClock_Start
 *fill*         0x000012b4        0x4 
 .text          0x000012b8       0x20 .\CortexM3\ARM_GCC_541\Debug\PID_anticolision.a(CyBootAsmGnu.o)
                0x000012b8                CyDelayCycles
                0x000012c8                CyEnterCriticalSection
                0x000012d0                CyExitCriticalSection
 .text.pow      0x000012d8      0x330 c:/program files (x86)/cypress/psoc creator/4.4/psoc creator/import/gnu/arm/5.4.1/bin/../lib/gcc/arm-none-eabi/5.4.1/../../../../arm-none-eabi/lib/armv7-m\libm.a(lib_a-w_pow.o)
                0x000012d8                pow
 .text.powf     0x00001608      0x2fc c:/program files (x86)/cypress/psoc creator/4.4/psoc creator/import/gnu/arm/5.4.1/bin/../lib/gcc/arm-none-eabi/5.4.1/../../../../arm-none-eabi/lib/armv7-m\libm.a(lib_a-wf_pow.o)
                0x00001608                powf
 *fill*         0x00001904        0x4 
 .text.__ieee754_pow
                0x00001908      0xac4 c:/program files (x86)/cypress/psoc creator/4.4/psoc creator/import/gnu/arm/5.4.1/bin/../lib/gcc/arm-none-eabi/5.4.1/../../../../arm-none-eabi/lib/armv7-m\libm.a(lib_a-e_pow.o)
                0x00001908                __ieee754_pow
 .text.__ieee754_sqrt
                0x000023cc      0x188 c:/program files (x86)/cypress/psoc creator/4.4/psoc creator/import/gnu/arm/5.4.1/bin/../lib/gcc/arm-none-eabi/5.4.1/../../../../arm-none-eabi/lib/armv7-m\libm.a(lib_a-e_sqrt.o)
                0x000023cc                __ieee754_sqrt
 .text.__ieee754_powf
                0x00002554      0x70c c:/program files (x86)/cypress/psoc creator/4.4/psoc creator/import/gnu/arm/5.4.1/bin/../lib/gcc/arm-none-eabi/5.4.1/../../../../arm-none-eabi/lib/armv7-m\libm.a(lib_a-ef_pow.o)
                0x00002554                __ieee754_powf
 .text.__ieee754_sqrtf
                0x00002c60       0xa8 c:/program files (x86)/cypress/psoc creator/4.4/psoc creator/import/gnu/arm/5.4.1/bin/../lib/gcc/arm-none-eabi/5.4.1/../../../../arm-none-eabi/lib/armv7-m\libm.a(lib_a-ef_sqrt.o)
                0x00002c60                __ieee754_sqrtf
 .text.fabs     0x00002d08        0x8 c:/program files (x86)/cypress/psoc creator/4.4/psoc creator/import/gnu/arm/5.4.1/bin/../lib/gcc/arm-none-eabi/5.4.1/../../../../arm-none-eabi/lib/armv7-m\libm.a(lib_a-s_fabs.o)
                0x00002d08                fabs
 .text.finite   0x00002d10        0xc c:/program files (x86)/cypress/psoc creator/4.4/psoc creator/import/gnu/arm/5.4.1/bin/../lib/gcc/arm-none-eabi/5.4.1/../../../../arm-none-eabi/lib/armv7-m\libm.a(lib_a-s_finite.o)
                0x00002d10                finite
 .text.matherr  0x00002d1c        0x4 c:/program files (x86)/cypress/psoc creator/4.4/psoc creator/import/gnu/arm/5.4.1/bin/../lib/gcc/arm-none-eabi/5.4.1/../../../../arm-none-eabi/lib/armv7-m\libm.a(lib_a-s_matherr.o)
                0x00002d1c                matherr
 .text.nan      0x00002d20        0xc c:/program files (x86)/cypress/psoc creator/4.4/psoc creator/import/gnu/arm/5.4.1/bin/../lib/gcc/arm-none-eabi/5.4.1/../../../../arm-none-eabi/lib/armv7-m\libm.a(lib_a-s_nan.o)
                0x00002d20                nan
 .text.rint     0x00002d2c      0x120 c:/program files (x86)/cypress/psoc creator/4.4/psoc creator/import/gnu/arm/5.4.1/bin/../lib/gcc/arm-none-eabi/5.4.1/../../../../arm-none-eabi/lib/armv7-m\libm.a(lib_a-s_rint.o)
                0x00002d2c                rint
 *fill*         0x00002e4c        0x4 
 .text.scalbn   0x00002e50       0xe4 c:/program files (x86)/cypress/psoc creator/4.4/psoc creator/import/gnu/arm/5.4.1/bin/../lib/gcc/arm-none-eabi/5.4.1/../../../../arm-none-eabi/lib/armv7-m\libm.a(lib_a-s_scalbn.o)
                0x00002e50                scalbn
 .text.fabsf    0x00002f34        0x8 c:/program files (x86)/cypress/psoc creator/4.4/psoc creator/import/gnu/arm/5.4.1/bin/../lib/gcc/arm-none-eabi/5.4.1/../../../../arm-none-eabi/lib/armv7-m\libm.a(lib_a-sf_fabs.o)
                0x00002f34                fabsf
 .text.finitef  0x00002f3c       0x10 c:/program files (x86)/cypress/psoc creator/4.4/psoc creator/import/gnu/arm/5.4.1/bin/../lib/gcc/arm-none-eabi/5.4.1/../../../../arm-none-eabi/lib/armv7-m\libm.a(lib_a-sf_finite.o)
                0x00002f3c                finitef
 .text.nanf     0x00002f4c        0x8 c:/program files (x86)/cypress/psoc creator/4.4/psoc creator/import/gnu/arm/5.4.1/bin/../lib/gcc/arm-none-eabi/5.4.1/../../../../arm-none-eabi/lib/armv7-m\libm.a(lib_a-sf_nan.o)
                0x00002f4c                nanf
 .text.scalbnf  0x00002f54       0xb0 c:/program files (x86)/cypress/psoc creator/4.4/psoc creator/import/gnu/arm/5.4.1/bin/../lib/gcc/arm-none-eabi/5.4.1/../../../../arm-none-eabi/lib/armv7-m\libm.a(lib_a-sf_scalbn.o)
                0x00002f54                scalbnf
 .text.copysign
                0x00003004       0x10 c:/program files (x86)/cypress/psoc creator/4.4/psoc creator/import/gnu/arm/5.4.1/bin/../lib/gcc/arm-none-eabi/5.4.1/../../../../arm-none-eabi/lib/armv7-m\libm.a(lib_a-s_copysign.o)
                0x00003004                copysign
 .text.copysignf
                0x00003014        0xc c:/program files (x86)/cypress/psoc creator/4.4/psoc creator/import/gnu/arm/5.4.1/bin/../lib/gcc/arm-none-eabi/5.4.1/../../../../arm-none-eabi/lib/armv7-m\libm.a(lib_a-sf_copysign.o)
                0x00003014                copysignf
 .text          0x00003020      0x370 c:/program files (x86)/cypress/psoc creator/4.4/psoc creator/import/gnu/arm/5.4.1/bin/../lib/gcc/arm-none-eabi/5.4.1/armv7-m\libgcc.a(_arm_addsubdf3.o)
                0x00003020                __aeabi_drsub
                0x00003028                __aeabi_dsub
                0x00003028                __subdf3
                0x0000302c                __aeabi_dadd
                0x0000302c                __adddf3
                0x000032a4                __floatunsidf
                0x000032a4                __aeabi_ui2d
                0x000032c4                __floatsidf
                0x000032c4                __aeabi_i2d
                0x000032e8                __aeabi_f2d
                0x000032e8                __extendsfdf2
                0x00003324                __floatundidf
                0x00003324                __aeabi_ul2d
                0x00003334                __floatdidf
                0x00003334                __aeabi_l2d
 .text          0x00003390      0x424 c:/program files (x86)/cypress/psoc creator/4.4/psoc creator/import/gnu/arm/5.4.1/bin/../lib/gcc/arm-none-eabi/5.4.1/armv7-m\libgcc.a(_arm_muldivdf3.o)
                0x00003390                __aeabi_dmul
                0x00003390                __muldf3
                0x000035e4                __divdf3
                0x000035e4                __aeabi_ddiv
 .text          0x000037b4      0x110 c:/program files (x86)/cypress/psoc creator/4.4/psoc creator/import/gnu/arm/5.4.1/bin/../lib/gcc/arm-none-eabi/5.4.1/armv7-m\libgcc.a(_arm_cmpdf2.o)
                0x000037b4                __gtdf2
                0x000037b4                __gedf2
                0x000037bc                __ltdf2
                0x000037bc                __ledf2
                0x000037c4                __nedf2
                0x000037c4                __eqdf2
                0x000037c4                __cmpdf2
                0x00003840                __aeabi_cdrcmple
                0x00003850                __aeabi_cdcmpeq
                0x00003850                __aeabi_cdcmple
                0x00003860                __aeabi_dcmpeq
                0x00003874                __aeabi_dcmplt
                0x00003888                __aeabi_dcmple
                0x0000389c                __aeabi_dcmpge
                0x000038b0                __aeabi_dcmpgt
 .text          0x000038c4       0x2c c:/program files (x86)/cypress/psoc creator/4.4/psoc creator/import/gnu/arm/5.4.1/bin/../lib/gcc/arm-none-eabi/5.4.1/armv7-m\libgcc.a(_arm_unorddf2.o)
                0x000038c4                __unorddf2
                0x000038c4                __aeabi_dcmpun
 .text          0x000038f0       0xa0 c:/program files (x86)/cypress/psoc creator/4.4/psoc creator/import/gnu/arm/5.4.1/bin/../lib/gcc/arm-none-eabi/5.4.1/armv7-m\libgcc.a(_arm_truncdfsf2.o)
                0x000038f0                __truncdfsf2
                0x000038f0                __aeabi_d2f
 .text          0x00003990      0x21c c:/program files (x86)/cypress/psoc creator/4.4/psoc creator/import/gnu/arm/5.4.1/bin/../lib/gcc/arm-none-eabi/5.4.1/armv7-m\libgcc.a(_arm_addsubsf3.o)
                0x00003990                __aeabi_frsub
                0x00003998                __subsf3
                0x00003998                __aeabi_fsub
                0x0000399c                __aeabi_fadd
                0x0000399c                __addsf3
                0x00003afc                __aeabi_ui2f
                0x00003afc                __floatunsisf
                0x00003b04                __aeabi_i2f
                0x00003b04                __floatsisf
                0x00003b20                __aeabi_ul2f
                0x00003b20                __floatundisf
                0x00003b30                __aeabi_l2f
                0x00003b30                __floatdisf
 .text          0x00003bac      0x2a0 c:/program files (x86)/cypress/psoc creator/4.4/psoc creator/import/gnu/arm/5.4.1/bin/../lib/gcc/arm-none-eabi/5.4.1/armv7-m\libgcc.a(_arm_muldivsf3.o)
                0x00003bac                __mulsf3
                0x00003bac                __aeabi_fmul
                0x00003d14                __aeabi_fdiv
                0x00003d14                __divsf3
 .text          0x00003e4c       0xec c:/program files (x86)/cypress/psoc creator/4.4/psoc creator/import/gnu/arm/5.4.1/bin/../lib/gcc/arm-none-eabi/5.4.1/armv7-m\libgcc.a(_arm_cmpsf2.o)
                0x00003e4c                __gesf2
                0x00003e4c                __gtsf2
                0x00003e54                __lesf2
                0x00003e54                __ltsf2
                0x00003e5c                __nesf2
                0x00003e5c                __eqsf2
                0x00003e5c                __cmpsf2
                0x00003ebc                __aeabi_cfrcmple
                0x00003ec4                __aeabi_cfcmpeq
                0x00003ec4                __aeabi_cfcmple
                0x00003ed4                __aeabi_fcmpeq
                0x00003ee8                __aeabi_fcmplt
                0x00003efc                __aeabi_fcmple
                0x00003f10                __aeabi_fcmpge
                0x00003f24                __aeabi_fcmpgt
 .text          0x00003f38       0x2c c:/program files (x86)/cypress/psoc creator/4.4/psoc creator/import/gnu/arm/5.4.1/bin/../lib/gcc/arm-none-eabi/5.4.1/armv7-m\libgcc.a(_arm_unordsf2.o)
                0x00003f38                __unordsf2
                0x00003f38                __aeabi_fcmpun
 .text          0x00003f64       0x40 c:/program files (x86)/cypress/psoc creator/4.4/psoc creator/import/gnu/arm/5.4.1/bin/../lib/gcc/arm-none-eabi/5.4.1/armv7-m\libgcc.a(_arm_fixunssfsi.o)
                0x00003f64                __fixunssfsi
                0x00003f64                __aeabi_f2uiz
 .text.__errno  0x00003fa4        0xc c:/program files (x86)/cypress/psoc creator/4.4/psoc creator/import/gnu/arm/5.4.1/bin/../lib/gcc/arm-none-eabi/5.4.1/../../../../arm-none-eabi/lib/armv7-m\libg_nano.a(lib_a-errno.o)
                0x00003fa4                __errno
 .text.__libc_init_array
                0x00003fb0       0x4c c:/program files (x86)/cypress/psoc creator/4.4/psoc creator/import/gnu/arm/5.4.1/bin/../lib/gcc/arm-none-eabi/5.4.1/../../../../arm-none-eabi/lib/armv7-m\libg_nano.a(lib_a-init.o)
                0x00003fb0                __libc_init_array
 .text.memcpy   0x00003ffc       0x16 c:/program files (x86)/cypress/psoc creator/4.4/psoc creator/import/gnu/arm/5.4.1/bin/../lib/gcc/arm-none-eabi/5.4.1/../../../../arm-none-eabi/lib/armv7-m\libg_nano.a(lib_a-memcpy-stub.o)
                0x00003ffc                memcpy
 .text.memset   0x00004012       0x10 c:/program files (x86)/cypress/psoc creator/4.4/psoc creator/import/gnu/arm/5.4.1/bin/../lib/gcc/arm-none-eabi/5.4.1/../../../../arm-none-eabi/lib/armv7-m\libg_nano.a(lib_a-memset.o)
                0x00004012                memset
 *fill*         0x00004022        0x2 
 .text.sprintf  0x00004024       0x48 c:/program files (x86)/cypress/psoc creator/4.4/psoc creator/import/gnu/arm/5.4.1/bin/../lib/gcc/arm-none-eabi/5.4.1/../../../../arm-none-eabi/lib/armv7-m\libg_nano.a(lib_a-sprintf.o)
                0x00004024                siprintf
                0x00004024                sprintf
 .text.strchr   0x0000406c       0x1c c:/program files (x86)/cypress/psoc creator/4.4/psoc creator/import/gnu/arm/5.4.1/bin/../lib/gcc/arm-none-eabi/5.4.1/../../../../arm-none-eabi/lib/armv7-m\libg_nano.a(lib_a-strchr.o)
                0x0000406c                strchr
 .text.__ssputs_r
                0x00004088       0xb2 c:/program files (x86)/cypress/psoc creator/4.4/psoc creator/import/gnu/arm/5.4.1/bin/../lib/gcc/arm-none-eabi/5.4.1/../../../../arm-none-eabi/lib/armv7-m\libg_nano.a(lib_a-nano-svfprintf.o)
                0x00004088                __ssputs_r
 *fill*         0x0000413a        0x2 
 .text._svfprintf_r
                0x0000413c      0x1e8 c:/program files (x86)/cypress/psoc creator/4.4/psoc creator/import/gnu/arm/5.4.1/bin/../lib/gcc/arm-none-eabi/5.4.1/../../../../arm-none-eabi/lib/armv7-m\libg_nano.a(lib_a-nano-svfprintf.o)
                0x0000413c                _svfiprintf_r
                0x0000413c                _svfprintf_r
 .text._printf_common
                0x00004324       0xec c:/program files (x86)/cypress/psoc creator/4.4/psoc creator/import/gnu/arm/5.4.1/bin/../lib/gcc/arm-none-eabi/5.4.1/../../../../arm-none-eabi/lib/armv7-m\libg_nano.a(lib_a-nano-vfprintf_i.o)
                0x00004324                _printf_common
 .text._printf_i
                0x00004410      0x24c c:/program files (x86)/cypress/psoc creator/4.4/psoc creator/import/gnu/arm/5.4.1/bin/../lib/gcc/arm-none-eabi/5.4.1/../../../../arm-none-eabi/lib/armv7-m\libg_nano.a(lib_a-nano-vfprintf_i.o)
                0x00004410                _printf_i
 .text.memchr   0x0000465c       0x1c c:/program files (x86)/cypress/psoc creator/4.4/psoc creator/import/gnu/arm/5.4.1/bin/../lib/gcc/arm-none-eabi/5.4.1/../../../../arm-none-eabi/lib/armv7-m\libg_nano.a(lib_a-memchr-stub.o)
                0x0000465c                memchr
 .text.memmove  0x00004678       0x36 c:/program files (x86)/cypress/psoc creator/4.4/psoc creator/import/gnu/arm/5.4.1/bin/../lib/gcc/arm-none-eabi/5.4.1/../../../../arm-none-eabi/lib/armv7-m\libg_nano.a(lib_a-memmove.o)
                0x00004678                memmove
 *fill*         0x000046ae        0x2 
 .text._free_r  0x000046b0       0x98 c:/program files (x86)/cypress/psoc creator/4.4/psoc creator/import/gnu/arm/5.4.1/bin/../lib/gcc/arm-none-eabi/5.4.1/../../../../arm-none-eabi/lib/armv7-m\libg_nano.a(lib_a-nano-freer.o)
                0x000046b0                _free_r
 .text._malloc_r
                0x00004748       0xbc c:/program files (x86)/cypress/psoc creator/4.4/psoc creator/import/gnu/arm/5.4.1/bin/../lib/gcc/arm-none-eabi/5.4.1/../../../../arm-none-eabi/lib/armv7-m\libg_nano.a(lib_a-nano-mallocr.o)
                0x00004748                _malloc_r
 .text._realloc_r
                0x00004804       0x4c c:/program files (x86)/cypress/psoc creator/4.4/psoc creator/import/gnu/arm/5.4.1/bin/../lib/gcc/arm-none-eabi/5.4.1/../../../../arm-none-eabi/lib/armv7-m\libg_nano.a(lib_a-nano-reallocr.o)
                0x00004804                _realloc_r
 .text._sbrk_r  0x00004850       0x20 c:/program files (x86)/cypress/psoc creator/4.4/psoc creator/import/gnu/arm/5.4.1/bin/../lib/gcc/arm-none-eabi/5.4.1/../../../../arm-none-eabi/lib/armv7-m\libg_nano.a(lib_a-sbrkr.o)
                0x00004850                _sbrk_r
 .text.__malloc_lock
                0x00004870        0x2 c:/program files (x86)/cypress/psoc creator/4.4/psoc creator/import/gnu/arm/5.4.1/bin/../lib/gcc/arm-none-eabi/5.4.1/../../../../arm-none-eabi/lib/armv7-m\libg_nano.a(lib_a-mlock.o)
                0x00004870                __malloc_lock
 .text.__malloc_unlock
                0x00004872        0x2 c:/program files (x86)/cypress/psoc creator/4.4/psoc creator/import/gnu/arm/5.4.1/bin/../lib/gcc/arm-none-eabi/5.4.1/../../../../arm-none-eabi/lib/armv7-m\libg_nano.a(lib_a-mlock.o)
                0x00004872                __malloc_unlock
 .text._malloc_usable_size_r
                0x00004874       0x14 c:/program files (x86)/cypress/psoc creator/4.4/psoc creator/import/gnu/arm/5.4.1/bin/../lib/gcc/arm-none-eabi/5.4.1/../../../../arm-none-eabi/lib/armv7-m\libg_nano.a(lib_a-nano-msizer.o)
                0x00004874                _malloc_usable_size_r
 *(.plt)
 *(.gnu.warning)
 *(.glue_7t)
 .glue_7t       0x00004888        0x0 linker stubs
 *(.glue_7)
 .glue_7        0x00004888        0x0 linker stubs
 *(.vfp11_veneer)
 .vfp11_veneer  0x00004888        0x0 linker stubs
 *(.bootloader)
 *(.ARM.extab* .gnu.linkonce.armextab.*)
 *(.gcc_except_table)

.v4_bx          0x00004888        0x0
 .v4_bx         0x00004888        0x0 linker stubs

.iplt           0x00004888        0x0
 .iplt          0x00004888        0x0 c:/program files (x86)/cypress/psoc creator/4.4/psoc creator/import/gnu/arm/5.4.1/bin/../lib/gcc/arm-none-eabi/5.4.1/armv7-m/crtbegin.o

.eh_frame_hdr
 *(.eh_frame_hdr)

.eh_frame       0x00004888        0x4
 *(.eh_frame)
 .eh_frame      0x00004888        0x0 c:/program files (x86)/cypress/psoc creator/4.4/psoc creator/import/gnu/arm/5.4.1/bin/../lib/gcc/arm-none-eabi/5.4.1/armv7-m/crtbegin.o
 .eh_frame      0x00004888        0x4 c:/program files (x86)/cypress/psoc creator/4.4/psoc creator/import/gnu/arm/5.4.1/bin/../lib/gcc/arm-none-eabi/5.4.1/armv7-m/crtend.o
                [!provide]                PROVIDE (__exidx_start, .)

.ARM.exidx
 *(.ARM.exidx* .gnu.linkonce.armexidx.*)
                0x0000488c                __exidx_end = .

.rodata         0x00004890       0xc8
 *(.rodata .rodata.* .gnu.linkonce.r.*)
 .rodata.str1.4
                0x00004890        0xd .\CortexM3\ARM_GCC_541\Debug\main.o
 *fill*         0x0000489d        0x3 
 .rodata        0x000048a0       0x2a .\CortexM3\ARM_GCC_541\Debug\cyfitter_cfg.o
 *fill*         0x000048ca        0x2 
 .rodata.str1.4
                0x000048cc        0x4 c:/program files (x86)/cypress/psoc creator/4.4/psoc creator/import/gnu/arm/5.4.1/bin/../lib/gcc/arm-none-eabi/5.4.1/../../../../arm-none-eabi/lib/armv7-m\libm.a(lib_a-w_pow.o)
 .rodata.str1.4
                0x000048d0        0x5 c:/program files (x86)/cypress/psoc creator/4.4/psoc creator/import/gnu/arm/5.4.1/bin/../lib/gcc/arm-none-eabi/5.4.1/../../../../arm-none-eabi/lib/armv7-m\libm.a(lib_a-wf_pow.o)
 .rodata.str1.4
                0x000048d5        0x8 c:/program files (x86)/cypress/psoc creator/4.4/psoc creator/import/gnu/arm/5.4.1/bin/../lib/gcc/arm-none-eabi/5.4.1/../../../../arm-none-eabi/lib/armv7-m\libm.a(lib_a-e_pow.o)
                                  0x1 (size before relaxing)
 .rodata.str1.4
                0x000048d5        0x1 c:/program files (x86)/cypress/psoc creator/4.4/psoc creator/import/gnu/arm/5.4.1/bin/../lib/gcc/arm-none-eabi/5.4.1/../../../../arm-none-eabi/lib/armv7-m\libm.a(lib_a-ef_pow.o)
 *fill*         0x000048d5        0x3 
 .rodata.TWO52  0x000048d8       0x10 c:/program files (x86)/cypress/psoc creator/4.4/psoc creator/import/gnu/arm/5.4.1/bin/../lib/gcc/arm-none-eabi/5.4.1/../../../../arm-none-eabi/lib/armv7-m\libm.a(lib_a-s_rint.o)
 .rodata.str1.1
                0x000048e8        0x2 c:/program files (x86)/cypress/psoc creator/4.4/psoc creator/import/gnu/arm/5.4.1/bin/../lib/gcc/arm-none-eabi/5.4.1/../../../../arm-none-eabi/lib/armv7-m\libg_nano.a(lib_a-impure.o)
 .rodata.str1.1
                0x000048ea       0x11 c:/program files (x86)/cypress/psoc creator/4.4/psoc creator/import/gnu/arm/5.4.1/bin/../lib/gcc/arm-none-eabi/5.4.1/../../../../arm-none-eabi/lib/armv7-m\libg_nano.a(lib_a-nano-svfprintf.o)
 .rodata.str1.1
                0x000048fb       0x22 c:/program files (x86)/cypress/psoc creator/4.4/psoc creator/import/gnu/arm/5.4.1/bin/../lib/gcc/arm-none-eabi/5.4.1/../../../../arm-none-eabi/lib/armv7-m\libg_nano.a(lib_a-nano-vfprintf_i.o)
                0x00004920                . = ALIGN (0x4)
 *fill*         0x0000491d        0x3 
 *(.init)
 .init          0x00004920        0x4 c:/program files (x86)/cypress/psoc creator/4.4/psoc creator/import/gnu/arm/5.4.1/bin/../lib/gcc/arm-none-eabi/5.4.1/armv7-m/crti.o
                0x00004920                _init
 .init          0x00004924        0x8 c:/program files (x86)/cypress/psoc creator/4.4/psoc creator/import/gnu/arm/5.4.1/bin/../lib/gcc/arm-none-eabi/5.4.1/armv7-m/crtn.o
                0x0000492c                . = ALIGN (0x4)
                0x0000492c                __preinit_array_start = .
 *(.preinit_array)
                0x0000492c                __preinit_array_end = .
                0x0000492c                . = ALIGN (0x4)
                0x0000492c                __init_array_start = .
 *(SORT(.init_array.*))
 *(.init_array)
 .init_array    0x0000492c        0x4 c:/program files (x86)/cypress/psoc creator/4.4/psoc creator/import/gnu/arm/5.4.1/bin/../lib/gcc/arm-none-eabi/5.4.1/armv7-m/crtbegin.o
 .init_array    0x00004930        0x4 .\CortexM3\ARM_GCC_541\Debug\Cm3Start.o
                0x00004934                __init_array_end = .
                0x00004934                . = ALIGN (0x4)
 *(.fini)
 .fini          0x00004934        0x4 c:/program files (x86)/cypress/psoc creator/4.4/psoc creator/import/gnu/arm/5.4.1/bin/../lib/gcc/arm-none-eabi/5.4.1/armv7-m/crti.o
                0x00004934                _fini
 .fini          0x00004938        0x8 c:/program files (x86)/cypress/psoc creator/4.4/psoc creator/import/gnu/arm/5.4.1/bin/../lib/gcc/arm-none-eabi/5.4.1/armv7-m/crtn.o
                0x00004940                . = ALIGN (0x4)
                0x00004940                __fini_array_start = .
 *(.fini_array)
 .fini_array    0x00004940        0x4 c:/program files (x86)/cypress/psoc creator/4.4/psoc creator/import/gnu/arm/5.4.1/bin/../lib/gcc/arm-none-eabi/5.4.1/armv7-m/crtbegin.o
 *(SORT(.fini_array.*))
                0x00004944                __fini_array_end = .
                0x00004944                . = ALIGN (0x4)
 *crtbegin.o(.ctors)
 *(EXCLUDE_FILE(*crtend.o) .ctors)
 *(SORT(.ctors.*))
 *crtend.o(.ctors)
                0x00004944                . = ALIGN (0x4)
 *crtbegin.o(.dtors)
 *(EXCLUDE_FILE(*crtend.o) .dtors)
 *(SORT(.dtors.*))
 *crtend.o(.dtors)
                0x00004944                . = ALIGN (0x4)
                0x00004944                __cy_regions = .
                0x00004944        0x4 LONG 0x4958 __cy_region_init_ram
                0x00004948        0x4 LONG 0x1fff80c8 __cy_region_start_data
                0x0000494c        0x4 LONG 0x88 __cy_region_init_size_ram
                0x00004950        0x4 LONG 0x88 __cy_region_zero_size_ram
                0x00004954                __cy_regions_end = .
                0x00004958                . = ALIGN (0x8)
 *fill*         0x00004954        0x4 
                0x00004958                _etext = .

.cy_checksum_exclude
                0x00004958        0x0
 *(.cy_checksum_exclude)

.ramvectors     0x1fff8000       0xc0
                0x1fff8000                __cy_region_start_ram = .
 *(.ramvectors)
 .ramvectors    0x1fff8000       0xc0 .\CortexM3\ARM_GCC_541\Debug\Cm3Start.o
                0x1fff8000                CyRamVectors

.noinit         0x1fff80c0        0x1
 *(.noinit)
 .noinit        0x1fff80c0        0x1 .\CortexM3\ARM_GCC_541\Debug\PID_anticolision.a(CyLib.o)
                0x1fff80c0                CyResetStatus

.data           0x1fff80c8       0x88 load address 0x00004958
                0x1fff80c8                __cy_region_start_data = .
 *(.jcr)
 .jcr           0x1fff80c8        0x0 c:/program files (x86)/cypress/psoc creator/4.4/psoc creator/import/gnu/arm/5.4.1/bin/../lib/gcc/arm-none-eabi/5.4.1/armv7-m/crtbegin.o
 .jcr           0x1fff80c8        0x4 c:/program files (x86)/cypress/psoc creator/4.4/psoc creator/import/gnu/arm/5.4.1/bin/../lib/gcc/arm-none-eabi/5.4.1/armv7-m/crtend.o
 *(.got.plt)
 *(.got)
 *(.shdata)
 *(.data .data.* .gnu.linkonce.d.*)
 .data          0x1fff80cc        0x2 .\CortexM3\ARM_GCC_541\Debug\main.o
                0x1fff80cc                sens_flag
                0x1fff80cd                interfaz_lab
 *fill*         0x1fff80ce        0x2 
 .data          0x1fff80d0        0x4 .\CortexM3\ARM_GCC_541\Debug\Cm3Start.o
 .data          0x1fff80d4       0x10 .\CortexM3\ARM_GCC_541\Debug\PID_anticolision.a(CyLib.o)
                0x1fff80d4                cydelay_32k_ms
                0x1fff80d8                cydelay_freq_khz
                0x1fff80dc                cydelay_freq_mhz
                0x1fff80e0                cydelay_freq_hz
 .data          0x1fff80e4        0x1 .\CortexM3\ARM_GCC_541\Debug\PID_anticolision.a(UART.o)
                0x1fff80e4                UART_rxAddressMode
 .data.__fdlib_version
                0x1fff80e5        0x1 c:/program files (x86)/cypress/psoc creator/4.4/psoc creator/import/gnu/arm/5.4.1/bin/../lib/gcc/arm-none-eabi/5.4.1/../../../../arm-none-eabi/lib/armv7-m\libm.a(lib_a-s_lib_ver.o)
                0x1fff80e5                __fdlib_version
 *fill*         0x1fff80e6        0x2 
 .data.impure_data
                0x1fff80e8       0x60 c:/program files (x86)/cypress/psoc creator/4.4/psoc creator/import/gnu/arm/5.4.1/bin/../lib/gcc/arm-none-eabi/5.4.1/../../../../arm-none-eabi/lib/armv7-m\libg_nano.a(lib_a-impure.o)
 .data._impure_ptr
                0x1fff8148        0x4 c:/program files (x86)/cypress/psoc creator/4.4/psoc creator/import/gnu/arm/5.4.1/bin/../lib/gcc/arm-none-eabi/5.4.1/../../../../arm-none-eabi/lib/armv7-m\libg_nano.a(lib_a-impure.o)
                0x1fff8148                _impure_ptr
                0x1fff8150                . = ALIGN (0x8)
 *fill*         0x1fff814c        0x4 
 *(.ram)
                0x1fff8150                _edata = .

.igot.plt       0x1fff8150        0x0 load address 0x000049e0
 .igot.plt      0x1fff8150        0x0 c:/program files (x86)/cypress/psoc creator/4.4/psoc creator/import/gnu/arm/5.4.1/bin/../lib/gcc/arm-none-eabi/5.4.1/armv7-m/crtbegin.o

.bss            0x1fff8150       0x88 load address 0x000049e0
                0x1fff8150                PROVIDE (__bss_start__, .)
 *(.shbss)
 *(.bss .bss.* .gnu.linkonce.b.*)
 .bss           0x1fff8150       0x1c c:/program files (x86)/cypress/psoc creator/4.4/psoc creator/import/gnu/arm/5.4.1/bin/../lib/gcc/arm-none-eabi/5.4.1/armv7-m/crtbegin.o
 .bss           0x1fff816c        0x1 .\CortexM3\ARM_GCC_541\Debug\PID_anticolision.a(PWM.o)
                0x1fff816c                PWM_initVar
 .bss           0x1fff816d        0x1 .\CortexM3\ARM_GCC_541\Debug\PID_anticolision.a(Sampling.o)
                0x1fff816d                Sampling_initVar
 .bss           0x1fff816e        0x1 .\CortexM3\ARM_GCC_541\Debug\PID_anticolision.a(ADC.o)
                0x1fff816e                ADC_initVar
 .bss           0x1fff816f        0xa .\CortexM3\ARM_GCC_541\Debug\PID_anticolision.a(UART.o)
                0x1fff816f                UART_rxAddressDetected
                0x1fff8170                UART_rxBufferRead
                0x1fff8171                UART_rxBufferWrite
                0x1fff8172                UART_rxBufferLoopDetect
                0x1fff8173                UART_rxBufferOverflow
                0x1fff8174                UART_errorStatus
                0x1fff8175                UART_initVar
                0x1fff8176                UART_txBufferRead
                0x1fff8177                UART_txBufferWrite
 *fill*         0x1fff8179        0x3 
 .bss.__malloc_sbrk_start
                0x1fff817c        0x4 c:/program files (x86)/cypress/psoc creator/4.4/psoc creator/import/gnu/arm/5.4.1/bin/../lib/gcc/arm-none-eabi/5.4.1/../../../../arm-none-eabi/lib/armv7-m\libg_nano.a(lib_a-nano-mallocr.o)
                0x1fff817c                __malloc_sbrk_start
 .bss.__malloc_free_list
                0x1fff8180        0x4 c:/program files (x86)/cypress/psoc creator/4.4/psoc creator/import/gnu/arm/5.4.1/bin/../lib/gcc/arm-none-eabi/5.4.1/../../../../arm-none-eabi/lib/armv7-m\libg_nano.a(lib_a-nano-mallocr.o)
                0x1fff8180                __malloc_free_list
 *(COMMON)
 COMMON         0x1fff8184        0xa .\CortexM3\ARM_GCC_541\Debug\PID_anticolision.a(ADC.o)
                0x1fff8184                ADC_countsPer10Volt
                0x1fff8188                ADC_shift
                0x1fff818a                ADC_countsPerVolt
                0x1fff818c                ADC_offset
 *fill*         0x1fff818e        0x2 
 COMMON         0x1fff8190       0x40 .\CortexM3\ARM_GCC_541\Debug\PID_anticolision.a(UART.o)
                0x1fff8190                UART_rxBuffer
                0x1fff81b0                UART_txBuffer
 COMMON         0x1fff81d0        0x4 c:/program files (x86)/cypress/psoc creator/4.4/psoc creator/import/gnu/arm/5.4.1/bin/../lib/gcc/arm-none-eabi/5.4.1/../../../../arm-none-eabi/lib/armv7-m\libg_nano.a(lib_a-reent.o)
                0x1fff81d0                errno
                0x1fff81d8                . = ALIGN (0x8)
 *fill*         0x1fff81d4        0x4 
 *(.ram.b)
                0x1fff81d8                _end = .
                0x1fff81d8                __end = .
                0x1fff81d8                PROVIDE (end, .)
                0x1fff81d8                PROVIDE (__bss_end__, .)
                0x00004958                __cy_region_init_ram = LOADADDR (.data)
                0x00000088                __cy_region_init_size_ram = (_edata - ADDR (.data))
                0x00000088                __cy_region_zero_size_ram = (_end - _edata)

.heap           0x1fff81d8       0x80 load address 0x000049e0
                0x1fff81d8                . = _end
                0x1fff8258                . = (. + 0x80)
 *fill*         0x1fff81d8       0x80 
                0x1fff8258                __cy_heap_limit = .

.stack          0x20007800      0x800
                0x20007800                __cy_stack_limit = .
                0x20008000                . = (. + 0x800)
 *fill*         0x20007800      0x800 
                0x00000001                ASSERT ((__cy_stack_limit >= __cy_heap_limit), region RAM overflowed with stack)
                0x00000000                cy_checksum_exclude_size = (CY_APPL_LOADABLE == 0x1)?SIZEOF (.cy_checksum_exclude):0x0
                0x00000001                ASSERT ((cy_checksum_exclude_size <= CY_CHECKSUM_EXCLUDE_SIZE), CY_BOOT: Section .cy_checksum_exclude size exceedes specified limit.)

.cyloadermeta
 *(.cyloadermeta)

.cyloadablemeta
 *(.cyloadablemeta)

.cyconfigecc    0x80000000      0x700
 *(.cyconfigecc)
 .cyconfigecc   0x80000000      0x700 .\CortexM3\ARM_GCC_541\Debug\cymetadata.o
                0x80000000                cy_meta_configecc

.cycustnvl      0x90000000        0x4
 *(.cycustnvl)
 .cycustnvl     0x90000000        0x4 .\CortexM3\ARM_GCC_541\Debug\cymetadata.o
                0x90000000                cy_meta_custnvl

.cywolatch      0x90100000        0x4
 *(.cywolatch)
 .cywolatch     0x90100000        0x4 .\CortexM3\ARM_GCC_541\Debug\cymetadata.o
                0x90100000                cy_meta_wonvl

.cyeeprom       0x90200000        0x0
 *(.cyeeprom)
                0x00000001                ASSERT ((. <= ((0x90200000 + ee_offset) + ee_size)), .cyeeprom data will not fit in EEPROM)

.cyflashprotect
                0x90400000      0x100
 *(.cyflashprotect)
 .cyflashprotect
                0x90400000      0x100 .\CortexM3\ARM_GCC_541\Debug\cymetadata.o
                0x90400000                cy_meta_flashprotect

.cymeta         0x90500000        0xc
 *(.cymeta)
 .cymeta        0x90500000        0xc .\CortexM3\ARM_GCC_541\Debug\cymetadata.o
                0x90500000                cy_metadata

.rel.dyn        0x000049e0        0x0 load address 0x9050000c
 .rel.iplt      0x000049e0        0x0 c:/program files (x86)/cypress/psoc creator/4.4/psoc creator/import/gnu/arm/5.4.1/bin/../lib/gcc/arm-none-eabi/5.4.1/armv7-m/crtbegin.o

.stab
 *(.stab)

.stabstr
 *(.stabstr)

.debug
 *(.debug)

.line
 *(.line)

.debug_srcinfo
 *(.debug_srcinfo)

.debug_sfnames
 *(.debug_sfnames)

.debug_aranges  0x00000000      0xaa0
 *(.debug_aranges)
 .debug_aranges
                0x00000000       0x30 .\CortexM3\ARM_GCC_541\Debug\main.o
 .debug_aranges
                0x00000030       0x30 .\CortexM3\ARM_GCC_541\Debug\LIB_psoc.o
 .debug_aranges
                0x00000060       0x28 .\CortexM3\ARM_GCC_541\Debug\PID.o
 .debug_aranges
                0x00000088       0x30 .\CortexM3\ARM_GCC_541\Debug\filtros.o
 .debug_aranges
                0x000000b8       0x58 .\CortexM3\ARM_GCC_541\Debug\cyfitter_cfg.o
 .debug_aranges
                0x00000110       0x18 .\CortexM3\ARM_GCC_541\Debug\cymetadata.o
 .debug_aranges
                0x00000128       0x48 .\CortexM3\ARM_GCC_541\Debug\Cm3Start.o
 .debug_aranges
                0x00000170       0x78 .\CortexM3\ARM_GCC_541\Debug\PID_anticolision.a(PWM.o)
 .debug_aranges
                0x000001e8      0x2a0 .\CortexM3\ARM_GCC_541\Debug\PID_anticolision.a(CyLib.o)
 .debug_aranges
                0x00000488       0x98 .\CortexM3\ARM_GCC_541\Debug\PID_anticolision.a(cyPm.o)
 .debug_aranges
                0x00000520       0x88 .\CortexM3\ARM_GCC_541\Debug\PID_anticolision.a(Sampling.o)
 .debug_aranges
                0x000005a8       0x80 .\CortexM3\ARM_GCC_541\Debug\PID_anticolision.a(sensado.o)
 .debug_aranges
                0x00000628       0xa8 .\CortexM3\ARM_GCC_541\Debug\PID_anticolision.a(ADC.o)
 .debug_aranges
                0x000006d0       0x20 .\CortexM3\ARM_GCC_541\Debug\PID_anticolision.a(ADC_INT.o)
 .debug_aranges
                0x000006f0       0xf0 .\CortexM3\ARM_GCC_541\Debug\PID_anticolision.a(UART.o)
 .debug_aranges
                0x000007e0       0x28 .\CortexM3\ARM_GCC_541\Debug\PID_anticolision.a(UART_INT.o)
 .debug_aranges
                0x00000808       0x80 .\CortexM3\ARM_GCC_541\Debug\PID_anticolision.a(interfaz.o)
 .debug_aranges
                0x00000888       0x80 .\CortexM3\ARM_GCC_541\Debug\PID_anticolision.a(ADC_theACLK.o)
 .debug_aranges
                0x00000908       0x70 .\CortexM3\ARM_GCC_541\Debug\PID_anticolision.a(UART_IntClock.o)
 .debug_aranges
                0x00000978       0x20 .\CortexM3\ARM_GCC_541\Debug\PID_anticolision.a(CyBootAsmGnu.o)
 .debug_aranges
                0x00000998       0x88 .\CortexM3\ARM_GCC_541\Debug\PID_anticolision.a(CyFlash.o)
 .debug_aranges
                0x00000a20       0x80 .\CortexM3\ARM_GCC_541\Debug\PID_anticolision.a(CySpc.o)

.debug_pubnames
 *(.debug_pubnames)

.debug_info     0x00000000     0x5f64
 *(.debug_info .gnu.linkonce.wi.*)
 .debug_info    0x00000000      0x6ad .\CortexM3\ARM_GCC_541\Debug\main.o
 .debug_info    0x000006ad      0x19b .\CortexM3\ARM_GCC_541\Debug\LIB_psoc.o
 .debug_info    0x00000848      0x16e .\CortexM3\ARM_GCC_541\Debug\PID.o
 .debug_info    0x000009b6      0x165 .\CortexM3\ARM_GCC_541\Debug\filtros.o
 .debug_info    0x00000b1b      0x54d .\CortexM3\ARM_GCC_541\Debug\cyfitter_cfg.o
 .debug_info    0x00001068      0x139 .\CortexM3\ARM_GCC_541\Debug\cymetadata.o
 .debug_info    0x000011a1      0x3bb .\CortexM3\ARM_GCC_541\Debug\Cm3Start.o
 .debug_info    0x0000155c      0x27e .\CortexM3\ARM_GCC_541\Debug\PID_anticolision.a(PWM.o)
 .debug_info    0x000017da     0x1374 .\CortexM3\ARM_GCC_541\Debug\PID_anticolision.a(CyLib.o)
 .debug_info    0x00002b4e      0xa2a .\CortexM3\ARM_GCC_541\Debug\PID_anticolision.a(cyPm.o)
 .debug_info    0x00003578      0x291 .\CortexM3\ARM_GCC_541\Debug\PID_anticolision.a(Sampling.o)
 .debug_info    0x00003809      0x2d2 .\CortexM3\ARM_GCC_541\Debug\PID_anticolision.a(sensado.o)
 .debug_info    0x00003adb      0x5c0 .\CortexM3\ARM_GCC_541\Debug\PID_anticolision.a(ADC.o)
 .debug_info    0x0000409b       0x92 .\CortexM3\ARM_GCC_541\Debug\PID_anticolision.a(ADC_INT.o)
 .debug_info    0x0000412d      0x841 .\CortexM3\ARM_GCC_541\Debug\PID_anticolision.a(UART.o)
 .debug_info    0x0000496e      0x19e .\CortexM3\ARM_GCC_541\Debug\PID_anticolision.a(UART_INT.o)
 .debug_info    0x00004b0c      0x2d2 .\CortexM3\ARM_GCC_541\Debug\PID_anticolision.a(interfaz.o)
 .debug_info    0x00004dde      0x2c4 .\CortexM3\ARM_GCC_541\Debug\PID_anticolision.a(ADC_theACLK.o)
 .debug_info    0x000050a2      0x283 .\CortexM3\ARM_GCC_541\Debug\PID_anticolision.a(UART_IntClock.o)
 .debug_info    0x00005325       0xa2 .\CortexM3\ARM_GCC_541\Debug\PID_anticolision.a(CyBootAsmGnu.o)
 .debug_info    0x000053c7      0x64d .\CortexM3\ARM_GCC_541\Debug\PID_anticolision.a(CyFlash.o)
 .debug_info    0x00005a14      0x550 .\CortexM3\ARM_GCC_541\Debug\PID_anticolision.a(CySpc.o)

.debug_abbrev   0x00000000     0x1b28
 *(.debug_abbrev)
 .debug_abbrev  0x00000000      0x17d .\CortexM3\ARM_GCC_541\Debug\main.o
 .debug_abbrev  0x0000017d       0xc3 .\CortexM3\ARM_GCC_541\Debug\LIB_psoc.o
 .debug_abbrev  0x00000240       0xd0 .\CortexM3\ARM_GCC_541\Debug\PID.o
 .debug_abbrev  0x00000310       0xe7 .\CortexM3\ARM_GCC_541\Debug\filtros.o
 .debug_abbrev  0x000003f7      0x1fe .\CortexM3\ARM_GCC_541\Debug\cyfitter_cfg.o
 .debug_abbrev  0x000005f5       0x77 .\CortexM3\ARM_GCC_541\Debug\cymetadata.o
 .debug_abbrev  0x0000066c      0x1e8 .\CortexM3\ARM_GCC_541\Debug\Cm3Start.o
 .debug_abbrev  0x00000854      0x12d .\CortexM3\ARM_GCC_541\Debug\PID_anticolision.a(PWM.o)
 .debug_abbrev  0x00000981      0x254 .\CortexM3\ARM_GCC_541\Debug\PID_anticolision.a(CyLib.o)
 .debug_abbrev  0x00000bd5      0x1ab .\CortexM3\ARM_GCC_541\Debug\PID_anticolision.a(cyPm.o)
 .debug_abbrev  0x00000d80      0x11a .\CortexM3\ARM_GCC_541\Debug\PID_anticolision.a(Sampling.o)
 .debug_abbrev  0x00000e9a      0x173 .\CortexM3\ARM_GCC_541\Debug\PID_anticolision.a(sensado.o)
 .debug_abbrev  0x0000100d      0x1ac .\CortexM3\ARM_GCC_541\Debug\PID_anticolision.a(ADC.o)
 .debug_abbrev  0x000011b9       0x42 .\CortexM3\ARM_GCC_541\Debug\PID_anticolision.a(ADC_INT.o)
 .debug_abbrev  0x000011fb      0x16f .\CortexM3\ARM_GCC_541\Debug\PID_anticolision.a(UART.o)
 .debug_abbrev  0x0000136a       0xa2 .\CortexM3\ARM_GCC_541\Debug\PID_anticolision.a(UART_INT.o)
 .debug_abbrev  0x0000140c      0x173 .\CortexM3\ARM_GCC_541\Debug\PID_anticolision.a(interfaz.o)
 .debug_abbrev  0x0000157f      0x121 .\CortexM3\ARM_GCC_541\Debug\PID_anticolision.a(ADC_theACLK.o)
 .debug_abbrev  0x000016a0      0x139 .\CortexM3\ARM_GCC_541\Debug\PID_anticolision.a(UART_IntClock.o)
 .debug_abbrev  0x000017d9       0x14 .\CortexM3\ARM_GCC_541\Debug\PID_anticolision.a(CyBootAsmGnu.o)
 .debug_abbrev  0x000017ed      0x1a7 .\CortexM3\ARM_GCC_541\Debug\PID_anticolision.a(CyFlash.o)
 .debug_abbrev  0x00001994      0x194 .\CortexM3\ARM_GCC_541\Debug\PID_anticolision.a(CySpc.o)

.debug_line     0x00000000     0x2aa7
 *(.debug_line)
 .debug_line    0x00000000      0x31f .\CortexM3\ARM_GCC_541\Debug\main.o
 .debug_line    0x0000031f      0x183 .\CortexM3\ARM_GCC_541\Debug\LIB_psoc.o
 .debug_line    0x000004a2       0x67 .\CortexM3\ARM_GCC_541\Debug\PID.o
 .debug_line    0x00000509      0x17b .\CortexM3\ARM_GCC_541\Debug\filtros.o
 .debug_line    0x00000684      0x1ed .\CortexM3\ARM_GCC_541\Debug\cyfitter_cfg.o
 .debug_line    0x00000871      0x141 .\CortexM3\ARM_GCC_541\Debug\cymetadata.o
 .debug_line    0x000009b2      0x234 .\CortexM3\ARM_GCC_541\Debug\Cm3Start.o
 .debug_line    0x00000be6      0x131 .\CortexM3\ARM_GCC_541\Debug\PID_anticolision.a(PWM.o)
 .debug_line    0x00000d17      0x816 .\CortexM3\ARM_GCC_541\Debug\PID_anticolision.a(CyLib.o)
 .debug_line    0x0000152d      0x367 .\CortexM3\ARM_GCC_541\Debug\PID_anticolision.a(cyPm.o)
 .debug_line    0x00001894      0x156 .\CortexM3\ARM_GCC_541\Debug\PID_anticolision.a(Sampling.o)
 .debug_line    0x000019ea      0x134 .\CortexM3\ARM_GCC_541\Debug\PID_anticolision.a(sensado.o)
 .debug_line    0x00001b1e      0x214 .\CortexM3\ARM_GCC_541\Debug\PID_anticolision.a(ADC.o)
 .debug_line    0x00001d32       0x50 .\CortexM3\ARM_GCC_541\Debug\PID_anticolision.a(ADC_INT.o)
 .debug_line    0x00001d82      0x349 .\CortexM3\ARM_GCC_541\Debug\PID_anticolision.a(UART.o)
 .debug_line    0x000020cb       0xae .\CortexM3\ARM_GCC_541\Debug\PID_anticolision.a(UART_INT.o)
 .debug_line    0x00002179      0x135 .\CortexM3\ARM_GCC_541\Debug\PID_anticolision.a(interfaz.o)
 .debug_line    0x000022ae      0x19d .\CortexM3\ARM_GCC_541\Debug\PID_anticolision.a(ADC_theACLK.o)
 .debug_line    0x0000244b      0x17c .\CortexM3\ARM_GCC_541\Debug\PID_anticolision.a(UART_IntClock.o)
 .debug_line    0x000025c7       0x66 .\CortexM3\ARM_GCC_541\Debug\PID_anticolision.a(CyBootAsmGnu.o)
 .debug_line    0x0000262d      0x21a .\CortexM3\ARM_GCC_541\Debug\PID_anticolision.a(CyFlash.o)
 .debug_line    0x00002847      0x260 .\CortexM3\ARM_GCC_541\Debug\PID_anticolision.a(CySpc.o)

.debug_frame    0x00000000     0x21b8
 *(.debug_frame)
 .debug_frame   0x00000000       0x7c .\CortexM3\ARM_GCC_541\Debug\main.o
 .debug_frame   0x0000007c       0x64 .\CortexM3\ARM_GCC_541\Debug\LIB_psoc.o
 .debug_frame   0x000000e0       0x4c .\CortexM3\ARM_GCC_541\Debug\PID.o
 .debug_frame   0x0000012c       0x50 .\CortexM3\ARM_GCC_541\Debug\filtros.o
 .debug_frame   0x0000017c       0xfc .\CortexM3\ARM_GCC_541\Debug\cyfitter_cfg.o
 .debug_frame   0x00000278       0xb8 .\CortexM3\ARM_GCC_541\Debug\Cm3Start.o
 .debug_frame   0x00000330       0xe8 .\CortexM3\ARM_GCC_541\Debug\PID_anticolision.a(PWM.o)
 .debug_frame   0x00000418      0x738 .\CortexM3\ARM_GCC_541\Debug\PID_anticolision.a(CyLib.o)
 .debug_frame   0x00000b50      0x1f8 .\CortexM3\ARM_GCC_541\Debug\PID_anticolision.a(cyPm.o)
 .debug_frame   0x00000d48      0x108 .\CortexM3\ARM_GCC_541\Debug\PID_anticolision.a(Sampling.o)
 .debug_frame   0x00000e50      0x104 .\CortexM3\ARM_GCC_541\Debug\PID_anticolision.a(sensado.o)
 .debug_frame   0x00000f54      0x1b0 .\CortexM3\ARM_GCC_541\Debug\PID_anticolision.a(ADC.o)
 .debug_frame   0x00001104       0x20 .\CortexM3\ARM_GCC_541\Debug\PID_anticolision.a(ADC_INT.o)
 .debug_frame   0x00001124      0x268 .\CortexM3\ARM_GCC_541\Debug\PID_anticolision.a(UART.o)
 .debug_frame   0x0000138c       0x3c .\CortexM3\ARM_GCC_541\Debug\PID_anticolision.a(UART_INT.o)
 .debug_frame   0x000013c8      0x104 .\CortexM3\ARM_GCC_541\Debug\PID_anticolision.a(interfaz.o)
 .debug_frame   0x000014cc      0x100 .\CortexM3\ARM_GCC_541\Debug\PID_anticolision.a(ADC_theACLK.o)
 .debug_frame   0x000015cc       0xe0 .\CortexM3\ARM_GCC_541\Debug\PID_anticolision.a(UART_IntClock.o)
 .debug_frame   0x000016ac      0x194 .\CortexM3\ARM_GCC_541\Debug\PID_anticolision.a(CyFlash.o)
 .debug_frame   0x00001840      0x180 .\CortexM3\ARM_GCC_541\Debug\PID_anticolision.a(CySpc.o)
 .debug_frame   0x000019c0       0x4c c:/program files (x86)/cypress/psoc creator/4.4/psoc creator/import/gnu/arm/5.4.1/bin/../lib/gcc/arm-none-eabi/5.4.1/../../../../arm-none-eabi/lib/armv7-m\libm.a(lib_a-w_pow.o)
 .debug_frame   0x00001a0c       0x4c c:/program files (x86)/cypress/psoc creator/4.4/psoc creator/import/gnu/arm/5.4.1/bin/../lib/gcc/arm-none-eabi/5.4.1/../../../../arm-none-eabi/lib/armv7-m\libm.a(lib_a-wf_pow.o)
 .debug_frame   0x00001a58       0x68 c:/program files (x86)/cypress/psoc creator/4.4/psoc creator/import/gnu/arm/5.4.1/bin/../lib/gcc/arm-none-eabi/5.4.1/../../../../arm-none-eabi/lib/armv7-m\libm.a(lib_a-e_pow.o)
 .debug_frame   0x00001ac0       0x30 c:/program files (x86)/cypress/psoc creator/4.4/psoc creator/import/gnu/arm/5.4.1/bin/../lib/gcc/arm-none-eabi/5.4.1/../../../../arm-none-eabi/lib/armv7-m\libm.a(lib_a-e_sqrt.o)
 .debug_frame   0x00001af0       0x64 c:/program files (x86)/cypress/psoc creator/4.4/psoc creator/import/gnu/arm/5.4.1/bin/../lib/gcc/arm-none-eabi/5.4.1/../../../../arm-none-eabi/lib/armv7-m\libm.a(lib_a-ef_pow.o)
 .debug_frame   0x00001b54       0x2c c:/program files (x86)/cypress/psoc creator/4.4/psoc creator/import/gnu/arm/5.4.1/bin/../lib/gcc/arm-none-eabi/5.4.1/../../../../arm-none-eabi/lib/armv7-m\libm.a(lib_a-ef_sqrt.o)
 .debug_frame   0x00001b80       0x20 c:/program files (x86)/cypress/psoc creator/4.4/psoc creator/import/gnu/arm/5.4.1/bin/../lib/gcc/arm-none-eabi/5.4.1/../../../../arm-none-eabi/lib/armv7-m\libm.a(lib_a-s_fabs.o)
 .debug_frame   0x00001ba0       0x20 c:/program files (x86)/cypress/psoc creator/4.4/psoc creator/import/gnu/arm/5.4.1/bin/../lib/gcc/arm-none-eabi/5.4.1/../../../../arm-none-eabi/lib/armv7-m\libm.a(lib_a-s_finite.o)
 .debug_frame   0x00001bc0       0x20 c:/program files (x86)/cypress/psoc creator/4.4/psoc creator/import/gnu/arm/5.4.1/bin/../lib/gcc/arm-none-eabi/5.4.1/../../../../arm-none-eabi/lib/armv7-m\libm.a(lib_a-s_matherr.o)
 .debug_frame   0x00001be0       0x20 c:/program files (x86)/cypress/psoc creator/4.4/psoc creator/import/gnu/arm/5.4.1/bin/../lib/gcc/arm-none-eabi/5.4.1/../../../../arm-none-eabi/lib/armv7-m\libm.a(lib_a-s_nan.o)
 .debug_frame   0x00001c00       0x3c c:/program files (x86)/cypress/psoc creator/4.4/psoc creator/import/gnu/arm/5.4.1/bin/../lib/gcc/arm-none-eabi/5.4.1/../../../../arm-none-eabi/lib/armv7-m\libm.a(lib_a-s_rint.o)
 .debug_frame   0x00001c3c       0x30 c:/program files (x86)/cypress/psoc creator/4.4/psoc creator/import/gnu/arm/5.4.1/bin/../lib/gcc/arm-none-eabi/5.4.1/../../../../arm-none-eabi/lib/armv7-m\libm.a(lib_a-s_scalbn.o)
 .debug_frame   0x00001c6c       0x20 c:/program files (x86)/cypress/psoc creator/4.4/psoc creator/import/gnu/arm/5.4.1/bin/../lib/gcc/arm-none-eabi/5.4.1/../../../../arm-none-eabi/lib/armv7-m\libm.a(lib_a-sf_fabs.o)
 .debug_frame   0x00001c8c       0x20 c:/program files (x86)/cypress/psoc creator/4.4/psoc creator/import/gnu/arm/5.4.1/bin/../lib/gcc/arm-none-eabi/5.4.1/../../../../arm-none-eabi/lib/armv7-m\libm.a(lib_a-sf_finite.o)
 .debug_frame   0x00001cac       0x20 c:/program files (x86)/cypress/psoc creator/4.4/psoc creator/import/gnu/arm/5.4.1/bin/../lib/gcc/arm-none-eabi/5.4.1/../../../../arm-none-eabi/lib/armv7-m\libm.a(lib_a-sf_nan.o)
 .debug_frame   0x00001ccc       0x2c c:/program files (x86)/cypress/psoc creator/4.4/psoc creator/import/gnu/arm/5.4.1/bin/../lib/gcc/arm-none-eabi/5.4.1/../../../../arm-none-eabi/lib/armv7-m\libm.a(lib_a-sf_scalbn.o)
 .debug_frame   0x00001cf8       0x20 c:/program files (x86)/cypress/psoc creator/4.4/psoc creator/import/gnu/arm/5.4.1/bin/../lib/gcc/arm-none-eabi/5.4.1/../../../../arm-none-eabi/lib/armv7-m\libm.a(lib_a-s_copysign.o)
 .debug_frame   0x00001d18       0x20 c:/program files (x86)/cypress/psoc creator/4.4/psoc creator/import/gnu/arm/5.4.1/bin/../lib/gcc/arm-none-eabi/5.4.1/../../../../arm-none-eabi/lib/armv7-m\libm.a(lib_a-sf_copysign.o)
 .debug_frame   0x00001d38       0x44 c:/program files (x86)/cypress/psoc creator/4.4/psoc creator/import/gnu/arm/5.4.1/bin/../lib/gcc/arm-none-eabi/5.4.1/armv7-m\libgcc.a(_aeabi_ldivmod.o)
 .debug_frame   0x00001d7c       0x38 c:/program files (x86)/cypress/psoc creator/4.4/psoc creator/import/gnu/arm/5.4.1/bin/../lib/gcc/arm-none-eabi/5.4.1/armv7-m\libgcc.a(_udivmoddi4.o)
 .debug_frame   0x00001db4       0x20 c:/program files (x86)/cypress/psoc creator/4.4/psoc creator/import/gnu/arm/5.4.1/bin/../lib/gcc/arm-none-eabi/5.4.1/../../../../arm-none-eabi/lib/armv7-m\libg_nano.a(lib_a-errno.o)
 .debug_frame   0x00001dd4       0x28 c:/program files (x86)/cypress/psoc creator/4.4/psoc creator/import/gnu/arm/5.4.1/bin/../lib/gcc/arm-none-eabi/5.4.1/../../../../arm-none-eabi/lib/armv7-m\libg_nano.a(lib_a-exit.o)
 .debug_frame   0x00001dfc       0x2c c:/program files (x86)/cypress/psoc creator/4.4/psoc creator/import/gnu/arm/5.4.1/bin/../lib/gcc/arm-none-eabi/5.4.1/../../../../arm-none-eabi/lib/armv7-m\libg_nano.a(lib_a-init.o)
 .debug_frame   0x00001e28       0x28 c:/program files (x86)/cypress/psoc creator/4.4/psoc creator/import/gnu/arm/5.4.1/bin/../lib/gcc/arm-none-eabi/5.4.1/../../../../arm-none-eabi/lib/armv7-m\libg_nano.a(lib_a-memcpy-stub.o)
 .debug_frame   0x00001e50       0x20 c:/program files (x86)/cypress/psoc creator/4.4/psoc creator/import/gnu/arm/5.4.1/bin/../lib/gcc/arm-none-eabi/5.4.1/../../../../arm-none-eabi/lib/armv7-m\libg_nano.a(lib_a-memset.o)
 .debug_frame   0x00001e70       0x70 c:/program files (x86)/cypress/psoc creator/4.4/psoc creator/import/gnu/arm/5.4.1/bin/../lib/gcc/arm-none-eabi/5.4.1/../../../../arm-none-eabi/lib/armv7-m\libg_nano.a(lib_a-sprintf.o)
 .debug_frame   0x00001ee0       0x20 c:/program files (x86)/cypress/psoc creator/4.4/psoc creator/import/gnu/arm/5.4.1/bin/../lib/gcc/arm-none-eabi/5.4.1/../../../../arm-none-eabi/lib/armv7-m\libg_nano.a(lib_a-strchr.o)
 .debug_frame   0x00001f00       0x90 c:/program files (x86)/cypress/psoc creator/4.4/psoc creator/import/gnu/arm/5.4.1/bin/../lib/gcc/arm-none-eabi/5.4.1/../../../../arm-none-eabi/lib/armv7-m\libg_nano.a(lib_a-nano-svfprintf.o)
 .debug_frame   0x00001f90       0x60 c:/program files (x86)/cypress/psoc creator/4.4/psoc creator/import/gnu/arm/5.4.1/bin/../lib/gcc/arm-none-eabi/5.4.1/../../../../arm-none-eabi/lib/armv7-m\libg_nano.a(lib_a-nano-vfprintf_i.o)
 .debug_frame   0x00001ff0       0x28 c:/program files (x86)/cypress/psoc creator/4.4/psoc creator/import/gnu/arm/5.4.1/bin/../lib/gcc/arm-none-eabi/5.4.1/../../../../arm-none-eabi/lib/armv7-m\libg_nano.a(lib_a-memchr-stub.o)
 .debug_frame   0x00002018       0x28 c:/program files (x86)/cypress/psoc creator/4.4/psoc creator/import/gnu/arm/5.4.1/bin/../lib/gcc/arm-none-eabi/5.4.1/../../../../arm-none-eabi/lib/armv7-m\libg_nano.a(lib_a-memmove.o)
 .debug_frame   0x00002040       0x38 c:/program files (x86)/cypress/psoc creator/4.4/psoc creator/import/gnu/arm/5.4.1/bin/../lib/gcc/arm-none-eabi/5.4.1/../../../../arm-none-eabi/lib/armv7-m\libg_nano.a(lib_a-nano-freer.o)
 .debug_frame   0x00002078       0x2c c:/program files (x86)/cypress/psoc creator/4.4/psoc creator/import/gnu/arm/5.4.1/bin/../lib/gcc/arm-none-eabi/5.4.1/../../../../arm-none-eabi/lib/armv7-m\libg_nano.a(lib_a-nano-mallocr.o)
 .debug_frame   0x000020a4       0x3c c:/program files (x86)/cypress/psoc creator/4.4/psoc creator/import/gnu/arm/5.4.1/bin/../lib/gcc/arm-none-eabi/5.4.1/../../../../arm-none-eabi/lib/armv7-m\libg_nano.a(lib_a-nano-reallocr.o)
 .debug_frame   0x000020e0       0x2c c:/program files (x86)/cypress/psoc creator/4.4/psoc creator/import/gnu/arm/5.4.1/bin/../lib/gcc/arm-none-eabi/5.4.1/../../../../arm-none-eabi/lib/armv7-m\libg_nano.a(lib_a-sbrkr.o)
 .debug_frame   0x0000210c       0x30 c:/program files (x86)/cypress/psoc creator/4.4/psoc creator/import/gnu/arm/5.4.1/bin/../lib/gcc/arm-none-eabi/5.4.1/../../../../arm-none-eabi/lib/armv7-m\libg_nano.a(lib_a-mlock.o)
 .debug_frame   0x0000213c       0x20 c:/program files (x86)/cypress/psoc creator/4.4/psoc creator/import/gnu/arm/5.4.1/bin/../lib/gcc/arm-none-eabi/5.4.1/../../../../arm-none-eabi/lib/armv7-m\libg_nano.a(lib_a-nano-msizer.o)
 .debug_frame   0x0000215c       0x5c c:/program files (x86)/cypress/psoc creator/4.4/psoc creator/import/gnu/arm/5.4.1/bin/../lib/gcc/arm-none-eabi/5.4.1/../../../../arm-none-eabi/lib/armv7-m\libg_nano.a(lib_a-reent.o)

.debug_str      0x00000000     0x22bb
 *(.debug_str)
 .debug_str     0x00000000      0x40d .\CortexM3\ARM_GCC_541\Debug\main.o
                                0x477 (size before relaxing)
 .debug_str     0x0000040d       0x67 .\CortexM3\ARM_GCC_541\Debug\LIB_psoc.o
                                0x1a5 (size before relaxing)
 .debug_str     0x00000474       0x25 .\CortexM3\ARM_GCC_541\Debug\PID.o
                                0x1a2 (size before relaxing)
 .debug_str     0x00000499       0x15 .\CortexM3\ARM_GCC_541\Debug\filtros.o
                                0x200 (size before relaxing)
 .debug_str     0x000004ae      0x18a .\CortexM3\ARM_GCC_541\Debug\cyfitter_cfg.o
                                0x32b (size before relaxing)
 .debug_str     0x00000638       0x75 .\CortexM3\ARM_GCC_541\Debug\cymetadata.o
                                0x1f6 (size before relaxing)
 .debug_str     0x000006ad      0x144 .\CortexM3\ARM_GCC_541\Debug\Cm3Start.o
                                0x31c (size before relaxing)
 .debug_str     0x000007f1      0x103 .\CortexM3\ARM_GCC_541\Debug\PID_anticolision.a(PWM.o)
                                0x2c3 (size before relaxing)
 .debug_str     0x000008f4      0x84a .\CortexM3\ARM_GCC_541\Debug\PID_anticolision.a(CyLib.o)
                                0xa59 (size before relaxing)
 .debug_str     0x0000113e      0x365 .\CortexM3\ARM_GCC_541\Debug\PID_anticolision.a(cyPm.o)
                                0x745 (size before relaxing)
 .debug_str     0x000014a3      0x151 .\CortexM3\ARM_GCC_541\Debug\PID_anticolision.a(Sampling.o)
                                0x337 (size before relaxing)
 .debug_str     0x000015f4       0xdd .\CortexM3\ARM_GCC_541\Debug\PID_anticolision.a(sensado.o)
                                0x2d4 (size before relaxing)
 .debug_str     0x000016d1      0x1c1 .\CortexM3\ARM_GCC_541\Debug\PID_anticolision.a(ADC.o)
                                0x439 (size before relaxing)
 .debug_str     0x00001892       0x29 .\CortexM3\ARM_GCC_541\Debug\PID_anticolision.a(ADC_INT.o)
                                0x1a1 (size before relaxing)
 .debug_str     0x000018bb      0x361 .\CortexM3\ARM_GCC_541\Debug\PID_anticolision.a(UART.o)
                                0x5dc (size before relaxing)
 .debug_str     0x00001c1c       0x5e .\CortexM3\ARM_GCC_541\Debug\PID_anticolision.a(UART_INT.o)
                                0x2c5 (size before relaxing)
 .debug_str     0x00001c7a       0xe9 .\CortexM3\ARM_GCC_541\Debug\PID_anticolision.a(interfaz.o)
                                0x2e2 (size before relaxing)
 .debug_str     0x00001d63      0x1b9 .\CortexM3\ARM_GCC_541\Debug\PID_anticolision.a(ADC_theACLK.o)
                                0x373 (size before relaxing)
 .debug_str     0x00001f1c      0x138 .\CortexM3\ARM_GCC_541\Debug\PID_anticolision.a(UART_IntClock.o)
                                0x348 (size before relaxing)
 .debug_str     0x00002054      0x1bb .\CortexM3\ARM_GCC_541\Debug\PID_anticolision.a(CyFlash.o)
                                0x3d2 (size before relaxing)
 .debug_str     0x0000220f       0xac .\CortexM3\ARM_GCC_541\Debug\PID_anticolision.a(CySpc.o)
                                0x34a (size before relaxing)

.debug_loc      0x00000000     0x2895
 *(.debug_loc)
 .debug_loc     0x00000000      0x21e .\CortexM3\ARM_GCC_541\Debug\main.o
 .debug_loc     0x0000021e      0x130 .\CortexM3\ARM_GCC_541\Debug\LIB_psoc.o
 .debug_loc     0x0000034e       0xa6 .\CortexM3\ARM_GCC_541\Debug\PID.o
 .debug_loc     0x000003f4       0x72 .\CortexM3\ARM_GCC_541\Debug\filtros.o
 .debug_loc     0x00000466      0x1fd .\CortexM3\ARM_GCC_541\Debug\cyfitter_cfg.o
 .debug_loc     0x00000663      0x144 .\CortexM3\ARM_GCC_541\Debug\Cm3Start.o
 .debug_loc     0x000007a7       0x13 .\CortexM3\ARM_GCC_541\Debug\PID_anticolision.a(PWM.o)
 .debug_loc     0x000007ba      0xa11 .\CortexM3\ARM_GCC_541\Debug\PID_anticolision.a(CyLib.o)
 .debug_loc     0x000011cb      0x1e4 .\CortexM3\ARM_GCC_541\Debug\PID_anticolision.a(cyPm.o)
 .debug_loc     0x000013af       0x56 .\CortexM3\ARM_GCC_541\Debug\PID_anticolision.a(sensado.o)
 .debug_loc     0x00001405      0x295 .\CortexM3\ARM_GCC_541\Debug\PID_anticolision.a(ADC.o)
 .debug_loc     0x0000169a      0x3e5 .\CortexM3\ARM_GCC_541\Debug\PID_anticolision.a(UART.o)
 .debug_loc     0x00001a7f       0x94 .\CortexM3\ARM_GCC_541\Debug\PID_anticolision.a(UART_INT.o)
 .debug_loc     0x00001b13       0x56 .\CortexM3\ARM_GCC_541\Debug\PID_anticolision.a(interfaz.o)
 .debug_loc     0x00001b69      0x14d .\CortexM3\ARM_GCC_541\Debug\PID_anticolision.a(ADC_theACLK.o)
 .debug_loc     0x00001cb6      0x128 .\CortexM3\ARM_GCC_541\Debug\PID_anticolision.a(UART_IntClock.o)
 .debug_loc     0x00001dde      0x3b2 .\CortexM3\ARM_GCC_541\Debug\PID_anticolision.a(CyFlash.o)
 .debug_loc     0x00002190      0x705 .\CortexM3\ARM_GCC_541\Debug\PID_anticolision.a(CySpc.o)

.debug_macinfo
 *(.debug_macinfo)

.debug_ranges   0x00000000      0x928
 *(.debug_ranges)
 .debug_ranges  0x00000000       0x20 .\CortexM3\ARM_GCC_541\Debug\main.o
 .debug_ranges  0x00000020       0x20 .\CortexM3\ARM_GCC_541\Debug\LIB_psoc.o
 .debug_ranges  0x00000040       0x18 .\CortexM3\ARM_GCC_541\Debug\PID.o
 .debug_ranges  0x00000058       0x20 .\CortexM3\ARM_GCC_541\Debug\filtros.o
 .debug_ranges  0x00000078       0x48 .\CortexM3\ARM_GCC_541\Debug\cyfitter_cfg.o
 .debug_ranges  0x000000c0       0x38 .\CortexM3\ARM_GCC_541\Debug\Cm3Start.o
 .debug_ranges  0x000000f8       0x68 .\CortexM3\ARM_GCC_541\Debug\PID_anticolision.a(PWM.o)
 .debug_ranges  0x00000160      0x290 .\CortexM3\ARM_GCC_541\Debug\PID_anticolision.a(CyLib.o)
 .debug_ranges  0x000003f0       0x88 .\CortexM3\ARM_GCC_541\Debug\PID_anticolision.a(cyPm.o)
 .debug_ranges  0x00000478       0x78 .\CortexM3\ARM_GCC_541\Debug\PID_anticolision.a(Sampling.o)
 .debug_ranges  0x000004f0       0x70 .\CortexM3\ARM_GCC_541\Debug\PID_anticolision.a(sensado.o)
 .debug_ranges  0x00000560       0x98 .\CortexM3\ARM_GCC_541\Debug\PID_anticolision.a(ADC.o)
 .debug_ranges  0x000005f8       0x10 .\CortexM3\ARM_GCC_541\Debug\PID_anticolision.a(ADC_INT.o)
 .debug_ranges  0x00000608       0xe0 .\CortexM3\ARM_GCC_541\Debug\PID_anticolision.a(UART.o)
 .debug_ranges  0x000006e8       0x18 .\CortexM3\ARM_GCC_541\Debug\PID_anticolision.a(UART_INT.o)
 .debug_ranges  0x00000700       0x70 .\CortexM3\ARM_GCC_541\Debug\PID_anticolision.a(interfaz.o)
 .debug_ranges  0x00000770       0x70 .\CortexM3\ARM_GCC_541\Debug\PID_anticolision.a(ADC_theACLK.o)
 .debug_ranges  0x000007e0       0x60 .\CortexM3\ARM_GCC_541\Debug\PID_anticolision.a(UART_IntClock.o)
 .debug_ranges  0x00000840       0x78 .\CortexM3\ARM_GCC_541\Debug\PID_anticolision.a(CyFlash.o)
 .debug_ranges  0x000008b8       0x70 .\CortexM3\ARM_GCC_541\Debug\PID_anticolision.a(CySpc.o)

.comment        0x00000000       0x6e
 .comment       0x00000000       0x6e .\CortexM3\ARM_GCC_541\Debug\main.o
                                 0x6f (size before relaxing)
 .comment       0x0000006e       0x6f .\CortexM3\ARM_GCC_541\Debug\LIB_psoc.o
 .comment       0x0000006e       0x6f .\CortexM3\ARM_GCC_541\Debug\PID.o
 .comment       0x0000006e       0x6f .\CortexM3\ARM_GCC_541\Debug\filtros.o
 .comment       0x0000006e       0x6f .\CortexM3\ARM_GCC_541\Debug\cyfitter_cfg.o
 .comment       0x0000006e       0x6f .\CortexM3\ARM_GCC_541\Debug\cymetadata.o
 .comment       0x0000006e       0x6f .\CortexM3\ARM_GCC_541\Debug\Cm3Start.o
 .comment       0x0000006e       0x6f .\CortexM3\ARM_GCC_541\Debug\PID_anticolision.a(PWM.o)
 .comment       0x0000006e       0x6f .\CortexM3\ARM_GCC_541\Debug\PID_anticolision.a(CyLib.o)
 .comment       0x0000006e       0x6f .\CortexM3\ARM_GCC_541\Debug\PID_anticolision.a(cyPm.o)
 .comment       0x0000006e       0x6f .\CortexM3\ARM_GCC_541\Debug\PID_anticolision.a(Sampling.o)
 .comment       0x0000006e       0x6f .\CortexM3\ARM_GCC_541\Debug\PID_anticolision.a(sensado.o)
 .comment       0x0000006e       0x6f .\CortexM3\ARM_GCC_541\Debug\PID_anticolision.a(ADC.o)
 .comment       0x0000006e       0x6f .\CortexM3\ARM_GCC_541\Debug\PID_anticolision.a(ADC_INT.o)
 .comment       0x0000006e       0x6f .\CortexM3\ARM_GCC_541\Debug\PID_anticolision.a(UART.o)
 .comment       0x0000006e       0x6f .\CortexM3\ARM_GCC_541\Debug\PID_anticolision.a(UART_INT.o)
 .comment       0x0000006e       0x6f .\CortexM3\ARM_GCC_541\Debug\PID_anticolision.a(interfaz.o)
 .comment       0x0000006e       0x6f .\CortexM3\ARM_GCC_541\Debug\PID_anticolision.a(ADC_theACLK.o)
 .comment       0x0000006e       0x6f .\CortexM3\ARM_GCC_541\Debug\PID_anticolision.a(UART_IntClock.o)
 .comment       0x0000006e       0x6f .\CortexM3\ARM_GCC_541\Debug\PID_anticolision.a(CyFlash.o)
 .comment       0x0000006e       0x6f .\CortexM3\ARM_GCC_541\Debug\PID_anticolision.a(CySpc.o)

.debug_weaknames
 *(.debug_weaknames)

.debug_funcnames
 *(.debug_funcnames)

.debug_typenames
 *(.debug_typenames)

.debug_varnames
 *(.debug_varnames)

.note.gnu.arm.ident
 *(.note.gnu.arm.ident)

.ARM.attributes
                0x00000000       0x29
 *(.ARM.attributes)
 .ARM.attributes
                0x00000000       0x1d c:/program files (x86)/cypress/psoc creator/4.4/psoc creator/import/gnu/arm/5.4.1/bin/../lib/gcc/arm-none-eabi/5.4.1/armv7-m/crti.o
 .ARM.attributes
                0x0000001d       0x2d c:/program files (x86)/cypress/psoc creator/4.4/psoc creator/import/gnu/arm/5.4.1/bin/../lib/gcc/arm-none-eabi/5.4.1/armv7-m/crtbegin.o
 .ARM.attributes
                0x0000004a       0x1b c:/program files (x86)/cypress/psoc creator/4.4/psoc creator/import/gnu/arm/5.4.1/bin/../lib/gcc/arm-none-eabi/5.4.1/../../../../arm-none-eabi/lib/armv7-m/crt0.o
 .ARM.attributes
                0x00000065       0x33 .\CortexM3\ARM_GCC_541\Debug\main.o
 .ARM.attributes
                0x00000098       0x33 .\CortexM3\ARM_GCC_541\Debug\LIB_psoc.o
 .ARM.attributes
                0x000000cb       0x33 .\CortexM3\ARM_GCC_541\Debug\PID.o
 .ARM.attributes
                0x000000fe       0x33 .\CortexM3\ARM_GCC_541\Debug\filtros.o
 .ARM.attributes
                0x00000131       0x33 .\CortexM3\ARM_GCC_541\Debug\cyfitter_cfg.o
 .ARM.attributes
                0x00000164       0x33 .\CortexM3\ARM_GCC_541\Debug\cymetadata.o
 .ARM.attributes
                0x00000197       0x33 .\CortexM3\ARM_GCC_541\Debug\Cm3Start.o
 .ARM.attributes
                0x000001ca       0x33 .\CortexM3\ARM_GCC_541\Debug\PID_anticolision.a(PWM.o)
 .ARM.attributes
                0x000001fd       0x33 .\CortexM3\ARM_GCC_541\Debug\PID_anticolision.a(CyLib.o)
 .ARM.attributes
                0x00000230       0x33 .\CortexM3\ARM_GCC_541\Debug\PID_anticolision.a(cyPm.o)
 .ARM.attributes
                0x00000263       0x33 .\CortexM3\ARM_GCC_541\Debug\PID_anticolision.a(Sampling.o)
 .ARM.attributes
                0x00000296       0x33 .\CortexM3\ARM_GCC_541\Debug\PID_anticolision.a(sensado.o)
 .ARM.attributes
                0x000002c9       0x33 .\CortexM3\ARM_GCC_541\Debug\PID_anticolision.a(ADC.o)
 .ARM.attributes
                0x000002fc       0x33 .\CortexM3\ARM_GCC_541\Debug\PID_anticolision.a(ADC_INT.o)
 .ARM.attributes
                0x0000032f       0x33 .\CortexM3\ARM_GCC_541\Debug\PID_anticolision.a(UART.o)
 .ARM.attributes
                0x00000362       0x33 .\CortexM3\ARM_GCC_541\Debug\PID_anticolision.a(UART_INT.o)
 .ARM.attributes
                0x00000395       0x33 .\CortexM3\ARM_GCC_541\Debug\PID_anticolision.a(interfaz.o)
 .ARM.attributes
                0x000003c8       0x33 .\CortexM3\ARM_GCC_541\Debug\PID_anticolision.a(ADC_theACLK.o)
 .ARM.attributes
                0x000003fb       0x33 .\CortexM3\ARM_GCC_541\Debug\PID_anticolision.a(UART_IntClock.o)
 .ARM.attributes
                0x0000042e       0x21 .\CortexM3\ARM_GCC_541\Debug\PID_anticolision.a(CyBootAsmGnu.o)
 .ARM.attributes
                0x0000044f       0x33 .\CortexM3\ARM_GCC_541\Debug\PID_anticolision.a(CyFlash.o)
 .ARM.attributes
                0x00000482       0x33 .\CortexM3\ARM_GCC_541\Debug\PID_anticolision.a(CySpc.o)
 .ARM.attributes
                0x000004b5       0x2d c:/program files (x86)/cypress/psoc creator/4.4/psoc creator/import/gnu/arm/5.4.1/bin/../lib/gcc/arm-none-eabi/5.4.1/../../../../arm-none-eabi/lib/armv7-m\libm.a(lib_a-w_pow.o)
 .ARM.attributes
                0x000004e2       0x2d c:/program files (x86)/cypress/psoc creator/4.4/psoc creator/import/gnu/arm/5.4.1/bin/../lib/gcc/arm-none-eabi/5.4.1/../../../../arm-none-eabi/lib/armv7-m\libm.a(lib_a-wf_pow.o)
 .ARM.attributes
                0x0000050f       0x2d c:/program files (x86)/cypress/psoc creator/4.4/psoc creator/import/gnu/arm/5.4.1/bin/../lib/gcc/arm-none-eabi/5.4.1/../../../../arm-none-eabi/lib/armv7-m\libm.a(lib_a-e_pow.o)
 .ARM.attributes
                0x0000053c       0x2d c:/program files (x86)/cypress/psoc creator/4.4/psoc creator/import/gnu/arm/5.4.1/bin/../lib/gcc/arm-none-eabi/5.4.1/../../../../arm-none-eabi/lib/armv7-m\libm.a(lib_a-e_sqrt.o)
 .ARM.attributes
                0x00000569       0x2d c:/program files (x86)/cypress/psoc creator/4.4/psoc creator/import/gnu/arm/5.4.1/bin/../lib/gcc/arm-none-eabi/5.4.1/../../../../arm-none-eabi/lib/armv7-m\libm.a(lib_a-ef_pow.o)
 .ARM.attributes
                0x00000596       0x2d c:/program files (x86)/cypress/psoc creator/4.4/psoc creator/import/gnu/arm/5.4.1/bin/../lib/gcc/arm-none-eabi/5.4.1/../../../../arm-none-eabi/lib/armv7-m\libm.a(lib_a-ef_sqrt.o)
 .ARM.attributes
                0x000005c3       0x2d c:/program files (x86)/cypress/psoc creator/4.4/psoc creator/import/gnu/arm/5.4.1/bin/../lib/gcc/arm-none-eabi/5.4.1/../../../../arm-none-eabi/lib/armv7-m\libm.a(lib_a-s_fabs.o)
 .ARM.attributes
                0x000005f0       0x2d c:/program files (x86)/cypress/psoc creator/4.4/psoc creator/import/gnu/arm/5.4.1/bin/../lib/gcc/arm-none-eabi/5.4.1/../../../../arm-none-eabi/lib/armv7-m\libm.a(lib_a-s_finite.o)
 .ARM.attributes
                0x0000061d       0x2d c:/program files (x86)/cypress/psoc creator/4.4/psoc creator/import/gnu/arm/5.4.1/bin/../lib/gcc/arm-none-eabi/5.4.1/../../../../arm-none-eabi/lib/armv7-m\libm.a(lib_a-s_lib_ver.o)
 .ARM.attributes
                0x0000064a       0x2d c:/program files (x86)/cypress/psoc creator/4.4/psoc creator/import/gnu/arm/5.4.1/bin/../lib/gcc/arm-none-eabi/5.4.1/../../../../arm-none-eabi/lib/armv7-m\libm.a(lib_a-s_matherr.o)
 .ARM.attributes
                0x00000677       0x2d c:/program files (x86)/cypress/psoc creator/4.4/psoc creator/import/gnu/arm/5.4.1/bin/../lib/gcc/arm-none-eabi/5.4.1/../../../../arm-none-eabi/lib/armv7-m\libm.a(lib_a-s_nan.o)
 .ARM.attributes
                0x000006a4       0x2d c:/program files (x86)/cypress/psoc creator/4.4/psoc creator/import/gnu/arm/5.4.1/bin/../lib/gcc/arm-none-eabi/5.4.1/../../../../arm-none-eabi/lib/armv7-m\libm.a(lib_a-s_rint.o)
 .ARM.attributes
                0x000006d1       0x2d c:/program files (x86)/cypress/psoc creator/4.4/psoc creator/import/gnu/arm/5.4.1/bin/../lib/gcc/arm-none-eabi/5.4.1/../../../../arm-none-eabi/lib/armv7-m\libm.a(lib_a-s_scalbn.o)
 .ARM.attributes
                0x000006fe       0x2d c:/program files (x86)/cypress/psoc creator/4.4/psoc creator/import/gnu/arm/5.4.1/bin/../lib/gcc/arm-none-eabi/5.4.1/../../../../arm-none-eabi/lib/armv7-m\libm.a(lib_a-sf_fabs.o)
 .ARM.attributes
                0x0000072b       0x2d c:/program files (x86)/cypress/psoc creator/4.4/psoc creator/import/gnu/arm/5.4.1/bin/../lib/gcc/arm-none-eabi/5.4.1/../../../../arm-none-eabi/lib/armv7-m\libm.a(lib_a-sf_finite.o)
 .ARM.attributes
                0x00000758       0x2d c:/program files (x86)/cypress/psoc creator/4.4/psoc creator/import/gnu/arm/5.4.1/bin/../lib/gcc/arm-none-eabi/5.4.1/../../../../arm-none-eabi/lib/armv7-m\libm.a(lib_a-sf_nan.o)
 .ARM.attributes
                0x00000785       0x2d c:/program files (x86)/cypress/psoc creator/4.4/psoc creator/import/gnu/arm/5.4.1/bin/../lib/gcc/arm-none-eabi/5.4.1/../../../../arm-none-eabi/lib/armv7-m\libm.a(lib_a-sf_scalbn.o)
 .ARM.attributes
                0x000007b2       0x2d c:/program files (x86)/cypress/psoc creator/4.4/psoc creator/import/gnu/arm/5.4.1/bin/../lib/gcc/arm-none-eabi/5.4.1/../../../../arm-none-eabi/lib/armv7-m\libm.a(lib_a-s_copysign.o)
 .ARM.attributes
                0x000007df       0x2d c:/program files (x86)/cypress/psoc creator/4.4/psoc creator/import/gnu/arm/5.4.1/bin/../lib/gcc/arm-none-eabi/5.4.1/../../../../arm-none-eabi/lib/armv7-m\libm.a(lib_a-sf_copysign.o)
 .ARM.attributes
                0x0000080c       0x1d c:/program files (x86)/cypress/psoc creator/4.4/psoc creator/import/gnu/arm/5.4.1/bin/../lib/gcc/arm-none-eabi/5.4.1/armv7-m\libgcc.a(_arm_addsubdf3.o)
 .ARM.attributes
                0x00000829       0x1d c:/program files (x86)/cypress/psoc creator/4.4/psoc creator/import/gnu/arm/5.4.1/bin/../lib/gcc/arm-none-eabi/5.4.1/armv7-m\libgcc.a(_arm_muldivdf3.o)
 .ARM.attributes
                0x00000846       0x1d c:/program files (x86)/cypress/psoc creator/4.4/psoc creator/import/gnu/arm/5.4.1/bin/../lib/gcc/arm-none-eabi/5.4.1/armv7-m\libgcc.a(_arm_cmpdf2.o)
 .ARM.attributes
                0x00000863       0x1d c:/program files (x86)/cypress/psoc creator/4.4/psoc creator/import/gnu/arm/5.4.1/bin/../lib/gcc/arm-none-eabi/5.4.1/armv7-m\libgcc.a(_arm_unorddf2.o)
 .ARM.attributes
                0x00000880       0x1d c:/program files (x86)/cypress/psoc creator/4.4/psoc creator/import/gnu/arm/5.4.1/bin/../lib/gcc/arm-none-eabi/5.4.1/armv7-m\libgcc.a(_arm_truncdfsf2.o)
 .ARM.attributes
                0x0000089d       0x1d c:/program files (x86)/cypress/psoc creator/4.4/psoc creator/import/gnu/arm/5.4.1/bin/../lib/gcc/arm-none-eabi/5.4.1/armv7-m\libgcc.a(_arm_addsubsf3.o)
 .ARM.attributes
                0x000008ba       0x1d c:/program files (x86)/cypress/psoc creator/4.4/psoc creator/import/gnu/arm/5.4.1/bin/../lib/gcc/arm-none-eabi/5.4.1/armv7-m\libgcc.a(_arm_muldivsf3.o)
 .ARM.attributes
                0x000008d7       0x1d c:/program files (x86)/cypress/psoc creator/4.4/psoc creator/import/gnu/arm/5.4.1/bin/../lib/gcc/arm-none-eabi/5.4.1/armv7-m\libgcc.a(_arm_cmpsf2.o)
 .ARM.attributes
                0x000008f4       0x1d c:/program files (x86)/cypress/psoc creator/4.4/psoc creator/import/gnu/arm/5.4.1/bin/../lib/gcc/arm-none-eabi/5.4.1/armv7-m\libgcc.a(_arm_unordsf2.o)
 .ARM.attributes
                0x00000911       0x1d c:/program files (x86)/cypress/psoc creator/4.4/psoc creator/import/gnu/arm/5.4.1/bin/../lib/gcc/arm-none-eabi/5.4.1/armv7-m\libgcc.a(_arm_fixunssfsi.o)
 .ARM.attributes
                0x0000092e       0x1d c:/program files (x86)/cypress/psoc creator/4.4/psoc creator/import/gnu/arm/5.4.1/bin/../lib/gcc/arm-none-eabi/5.4.1/armv7-m\libgcc.a(_aeabi_ldivmod.o)
 .ARM.attributes
                0x0000094b       0x2d c:/program files (x86)/cypress/psoc creator/4.4/psoc creator/import/gnu/arm/5.4.1/bin/../lib/gcc/arm-none-eabi/5.4.1/armv7-m\libgcc.a(_udivmoddi4.o)
 .ARM.attributes
                0x00000978       0x1d c:/program files (x86)/cypress/psoc creator/4.4/psoc creator/import/gnu/arm/5.4.1/bin/../lib/gcc/arm-none-eabi/5.4.1/armv7-m\libgcc.a(_dvmd_tls.o)
 .ARM.attributes
                0x00000995       0x2d c:/program files (x86)/cypress/psoc creator/4.4/psoc creator/import/gnu/arm/5.4.1/bin/../lib/gcc/arm-none-eabi/5.4.1/../../../../arm-none-eabi/lib/armv7-m\libg_nano.a(lib_a-errno.o)
 .ARM.attributes
                0x000009c2       0x2d c:/program files (x86)/cypress/psoc creator/4.4/psoc creator/import/gnu/arm/5.4.1/bin/../lib/gcc/arm-none-eabi/5.4.1/../../../../arm-none-eabi/lib/armv7-m\libg_nano.a(lib_a-exit.o)
 .ARM.attributes
                0x000009ef       0x2d c:/program files (x86)/cypress/psoc creator/4.4/psoc creator/import/gnu/arm/5.4.1/bin/../lib/gcc/arm-none-eabi/5.4.1/../../../../arm-none-eabi/lib/armv7-m\libg_nano.a(lib_a-impure.o)
 .ARM.attributes
                0x00000a1c       0x2d c:/program files (x86)/cypress/psoc creator/4.4/psoc creator/import/gnu/arm/5.4.1/bin/../lib/gcc/arm-none-eabi/5.4.1/../../../../arm-none-eabi/lib/armv7-m\libg_nano.a(lib_a-init.o)
 .ARM.attributes
                0x00000a49       0x2d c:/program files (x86)/cypress/psoc creator/4.4/psoc creator/import/gnu/arm/5.4.1/bin/../lib/gcc/arm-none-eabi/5.4.1/../../../../arm-none-eabi/lib/armv7-m\libg_nano.a(lib_a-memcpy-stub.o)
 .ARM.attributes
                0x00000a76       0x2d c:/program files (x86)/cypress/psoc creator/4.4/psoc creator/import/gnu/arm/5.4.1/bin/../lib/gcc/arm-none-eabi/5.4.1/../../../../arm-none-eabi/lib/armv7-m\libg_nano.a(lib_a-memset.o)
 .ARM.attributes
                0x00000aa3       0x2d c:/program files (x86)/cypress/psoc creator/4.4/psoc creator/import/gnu/arm/5.4.1/bin/../lib/gcc/arm-none-eabi/5.4.1/../../../../arm-none-eabi/lib/armv7-m\libg_nano.a(lib_a-sprintf.o)
 .ARM.attributes
                0x00000ad0       0x2d c:/program files (x86)/cypress/psoc creator/4.4/psoc creator/import/gnu/arm/5.4.1/bin/../lib/gcc/arm-none-eabi/5.4.1/../../../../arm-none-eabi/lib/armv7-m\libg_nano.a(lib_a-strchr.o)
 .ARM.attributes
                0x00000afd       0x2d c:/program files (x86)/cypress/psoc creator/4.4/psoc creator/import/gnu/arm/5.4.1/bin/../lib/gcc/arm-none-eabi/5.4.1/../../../../arm-none-eabi/lib/armv7-m\libg_nano.a(lib_a-nano-svfprintf.o)
 .ARM.attributes
                0x00000b2a       0x2d c:/program files (x86)/cypress/psoc creator/4.4/psoc creator/import/gnu/arm/5.4.1/bin/../lib/gcc/arm-none-eabi/5.4.1/../../../../arm-none-eabi/lib/armv7-m\libg_nano.a(lib_a-nano-vfprintf_i.o)
 .ARM.attributes
                0x00000b57       0x2d c:/program files (x86)/cypress/psoc creator/4.4/psoc creator/import/gnu/arm/5.4.1/bin/../lib/gcc/arm-none-eabi/5.4.1/../../../../arm-none-eabi/lib/armv7-m\libg_nano.a(lib_a-memchr-stub.o)
 .ARM.attributes
                0x00000b84       0x2d c:/program files (x86)/cypress/psoc creator/4.4/psoc creator/import/gnu/arm/5.4.1/bin/../lib/gcc/arm-none-eabi/5.4.1/../../../../arm-none-eabi/lib/armv7-m\libg_nano.a(lib_a-memmove.o)
 .ARM.attributes
                0x00000bb1       0x2d c:/program files (x86)/cypress/psoc creator/4.4/psoc creator/import/gnu/arm/5.4.1/bin/../lib/gcc/arm-none-eabi/5.4.1/../../../../arm-none-eabi/lib/armv7-m\libg_nano.a(lib_a-nano-freer.o)
 .ARM.attributes
                0x00000bde       0x2d c:/program files (x86)/cypress/psoc creator/4.4/psoc creator/import/gnu/arm/5.4.1/bin/../lib/gcc/arm-none-eabi/5.4.1/../../../../arm-none-eabi/lib/armv7-m\libg_nano.a(lib_a-nano-mallocr.o)
 .ARM.attributes
                0x00000c0b       0x2d c:/program files (x86)/cypress/psoc creator/4.4/psoc creator/import/gnu/arm/5.4.1/bin/../lib/gcc/arm-none-eabi/5.4.1/../../../../arm-none-eabi/lib/armv7-m\libg_nano.a(lib_a-nano-reallocr.o)
 .ARM.attributes
                0x00000c38       0x2d c:/program files (x86)/cypress/psoc creator/4.4/psoc creator/import/gnu/arm/5.4.1/bin/../lib/gcc/arm-none-eabi/5.4.1/../../../../arm-none-eabi/lib/armv7-m\libg_nano.a(lib_a-sbrkr.o)
 .ARM.attributes
                0x00000c65       0x2d c:/program files (x86)/cypress/psoc creator/4.4/psoc creator/import/gnu/arm/5.4.1/bin/../lib/gcc/arm-none-eabi/5.4.1/../../../../arm-none-eabi/lib/armv7-m\libg_nano.a(lib_a-mlock.o)
 .ARM.attributes
                0x00000c92       0x2d c:/program files (x86)/cypress/psoc creator/4.4/psoc creator/import/gnu/arm/5.4.1/bin/../lib/gcc/arm-none-eabi/5.4.1/../../../../arm-none-eabi/lib/armv7-m\libg_nano.a(lib_a-nano-msizer.o)
 .ARM.attributes
                0x00000cbf       0x2d c:/program files (x86)/cypress/psoc creator/4.4/psoc creator/import/gnu/arm/5.4.1/bin/../lib/gcc/arm-none-eabi/5.4.1/../../../../arm-none-eabi/lib/armv7-m\libg_nano.a(lib_a-reent.o)
 .ARM.attributes
                0x00000cec       0x2d c:/program files (x86)/cypress/psoc creator/4.4/psoc creator/import/gnu/arm/5.4.1/bin/../lib/gcc/arm-none-eabi/5.4.1/armv7-m/crtend.o
 .ARM.attributes
                0x00000d19       0x1d c:/program files (x86)/cypress/psoc creator/4.4/psoc creator/import/gnu/arm/5.4.1/bin/../lib/gcc/arm-none-eabi/5.4.1/armv7-m/crtn.o

/DISCARD/
 *(.note.GNU-stack)
OUTPUT(C:\Users\adria\OneDrive\Documents\PSoC Creator\FINAL_vilchis\PID_anticolision.cydsn\CortexM3\ARM_GCC_541\Debug\PID_anticolision.elf elf32-littlearm)